Archive member included to satisfy reference by file (symbol)

../HelloWorld_bsp/\libhal_bsp.a(alt_load.o)
                              ../HelloWorld_bsp//obj/HAL/src/crt0.o (alt_load)
../HelloWorld_bsp/\libhal_bsp.a(alt_main.o)
                              ../HelloWorld_bsp//obj/HAL/src/crt0.o (alt_main)
../HelloWorld_bsp/\libhal_bsp.a(alt_putstr.o)
                              obj/default/hello_world_small.o (alt_putstr)
../HelloWorld_bsp/\libhal_bsp.a(alt_sys_init.o)
                              ../HelloWorld_bsp/\libhal_bsp.a(alt_main.o) (alt_irq_init)
../HelloWorld_bsp/\libhal_bsp.a(altera_avalon_jtag_uart_write.o)
                              ../HelloWorld_bsp/\libhal_bsp.a(alt_putstr.o) (altera_avalon_jtag_uart_write)
../HelloWorld_bsp/\libhal_bsp.a(altera_modular_adc.o)
                              ../HelloWorld_bsp/\libhal_bsp.a(alt_sys_init.o) (altera_modular_adc_init)
../HelloWorld_bsp/\libhal_bsp.a(altera_onchip_flash.o)
                              ../HelloWorld_bsp/\libhal_bsp.a(alt_sys_init.o) (alt_onchip_flash_read)
../HelloWorld_bsp/\libhal_bsp.a(alt_busy_sleep.o)
                              ../HelloWorld_bsp/\libhal_bsp.a(altera_onchip_flash.o) (alt_busy_sleep)
../HelloWorld_bsp/\libhal_bsp.a(alt_dcache_flush.o)
                              ../HelloWorld_bsp/\libhal_bsp.a(altera_onchip_flash.o) (alt_dcache_flush)
../HelloWorld_bsp/\libhal_bsp.a(alt_dcache_flush_all.o)
                              ../HelloWorld_bsp/\libhal_bsp.a(alt_load.o) (alt_dcache_flush_all)
../HelloWorld_bsp/\libhal_bsp.a(alt_dev_llist_insert.o)
                              ../HelloWorld_bsp/\libhal_bsp.a(altera_modular_adc.o) (alt_dev_llist_insert)
../HelloWorld_bsp/\libhal_bsp.a(alt_errno.o)
                              ../HelloWorld_bsp/\libhal_bsp.a(alt_dev_llist_insert.o) (alt_errno)
../HelloWorld_bsp/\libhal_bsp.a(alt_find_dev.o)
                              ../HelloWorld_bsp/\libhal_bsp.a(altera_modular_adc.o) (alt_find_dev)
../HelloWorld_bsp/\libhal_bsp.a(alt_flash_dev.o)
                              ../HelloWorld_bsp/\libhal_bsp.a(altera_onchip_flash.o) (alt_flash_dev_list)
../HelloWorld_bsp/\libhal_bsp.a(alt_icache_flush_all.o)
                              ../HelloWorld_bsp/\libhal_bsp.a(alt_load.o) (alt_icache_flush_all)
../HelloWorld_bsp/\libhal_bsp.a(alt_iic.o)
                              ../HelloWorld_bsp/\libhal_bsp.a(altera_modular_adc.o) (alt_ic_isr_register)
../HelloWorld_bsp/\libhal_bsp.a(alt_iic_isr_register.o)
                              ../HelloWorld_bsp/\libhal_bsp.a(alt_iic.o) (alt_iic_isr_register)
../HelloWorld_bsp/\libhal_bsp.a(alt_irq_entry.o)
                              ../HelloWorld_bsp/\libhal_bsp.a(alt_iic_isr_register.o) (alt_irq_entry)
../HelloWorld_bsp/\libhal_bsp.a(alt_irq_handler.o)
                              ../HelloWorld_bsp/\libhal_bsp.a(alt_iic_isr_register.o) (alt_irq_handler)
../HelloWorld_bsp/\libhal_bsp.a(alt_irq_vars.o)
                              ../HelloWorld_bsp/\libhal_bsp.a(alt_iic.o) (alt_irq_active)
../HelloWorld_bsp/\libhal_bsp.a(altera_nios2_gen2_irq.o)
                              ../HelloWorld_bsp/\libhal_bsp.a(alt_sys_init.o) (altera_nios2_gen2_irq_init)
../HelloWorld_bsp/\libhal_bsp.a(alt_exception_entry.o)
                              ../HelloWorld_bsp/\libhal_bsp.a(alt_irq_entry.o) (alt_exception)
../HelloWorld_bsp/\libhal_bsp.a(alt_instruction_exception_entry.o)
                              ../HelloWorld_bsp/\libhal_bsp.a(alt_exception_entry.o) (alt_instruction_exception_entry)
c:/intelfpga_lite/18.1/nios2eds/bin/gnu/h-x86_64-mingw32/bin/../lib/gcc/nios2-elf/5.3.0/../../../../../H-x86_64-mingw32/nios2-elf/lib/mno-hw-mul\libsmallc.a(lib_a-int_errno.o)
                              ../HelloWorld_bsp/\libhal_bsp.a(alt_dev_llist_insert.o) (errno)
c:/intelfpga_lite/18.1/nios2eds/bin/gnu/h-x86_64-mingw32/bin/../lib/gcc/nios2-elf/5.3.0/../../../../../H-x86_64-mingw32/nios2-elf/lib/mno-hw-mul\libsmallc.a(lib_a-memcmp.o)
                              ../HelloWorld_bsp/\libhal_bsp.a(altera_onchip_flash.o) (memcmp)
c:/intelfpga_lite/18.1/nios2eds/bin/gnu/h-x86_64-mingw32/bin/../lib/gcc/nios2-elf/5.3.0/../../../../../H-x86_64-mingw32/nios2-elf/lib/mno-hw-mul\libsmallc.a(lib_a-memcpy.o)
                              ../HelloWorld_bsp/\libhal_bsp.a(altera_onchip_flash.o) (memcpy)
c:/intelfpga_lite/18.1/nios2eds/bin/gnu/h-x86_64-mingw32/bin/../lib/gcc/nios2-elf/5.3.0/../../../../../H-x86_64-mingw32/nios2-elf/lib/mno-hw-mul\libsmallc.a(lib_a-strlen.o)
                              ../HelloWorld_bsp/\libhal_bsp.a(alt_putstr.o) (strlen)
c:/intelfpga_lite/18.1/nios2eds/bin/gnu/h-x86_64-mingw32/bin/../lib/gcc/nios2-elf/5.3.0/mno-hw-mul\libgcc.a(lib2-divmod.o)
                              ../HelloWorld_bsp/\libhal_bsp.a(altera_onchip_flash.o) (__divsi3)

Allocating common symbols
Common symbol       size              file

alt_irq             0x100             ../HelloWorld_bsp/\libhal_bsp.a(alt_irq_handler.o)
errno               0x4               c:/intelfpga_lite/18.1/nios2eds/bin/gnu/h-x86_64-mingw32/bin/../lib/gcc/nios2-elf/5.3.0/../../../../../H-x86_64-mingw32/nios2-elf/lib/mno-hw-mul\libsmallc.a(lib_a-int_errno.o)

Memory Configuration

Name             Origin             Length             Attributes
reset            0x0000000000004000 0x0000000000000020
onchip_ram       0x0000000000004020 0x0000000000003fe0
onchip_flash_data 0x0000000000200000 0x000000000004e000
*default*        0x0000000000000000 0xffffffffffffffff

Linker script and memory map

LOAD ../HelloWorld_bsp//obj/HAL/src/crt0.o
LOAD obj/default/hello_world_small.o
LOAD c:/intelfpga_lite/18.1/nios2eds/bin/gnu/h-x86_64-mingw32/bin/../lib/gcc/nios2-elf/5.3.0/../../../../../H-x86_64-mingw32/nios2-elf/lib/mno-hw-mul\libstdc++.a
LOAD c:/intelfpga_lite/18.1/nios2eds/bin/gnu/h-x86_64-mingw32/bin/../lib/gcc/nios2-elf/5.3.0/../../../../../H-x86_64-mingw32/nios2-elf/lib/mno-hw-mul\libm.a
LOAD c:/intelfpga_lite/18.1/nios2eds/bin/gnu/h-x86_64-mingw32/bin/../lib/gcc/nios2-elf/5.3.0/mno-hw-mul\libgcc.a
START GROUP
LOAD c:/intelfpga_lite/18.1/nios2eds/bin/gnu/h-x86_64-mingw32/bin/../lib/gcc/nios2-elf/5.3.0/../../../../../H-x86_64-mingw32/nios2-elf/lib/mno-hw-mul\libsmallc.a
LOAD c:/intelfpga_lite/18.1/nios2eds/bin/gnu/h-x86_64-mingw32/bin/../lib/gcc/nios2-elf/5.3.0/mno-hw-mul\libgcc.a
LOAD ../HelloWorld_bsp/\libhal_bsp.a
LOAD c:/intelfpga_lite/18.1/nios2eds/bin/gnu/h-x86_64-mingw32/bin/../lib/gcc/nios2-elf/5.3.0/../../../../../H-x86_64-mingw32/nios2-elf/lib/mno-hw-mul\libm.a
END GROUP
LOAD c:/intelfpga_lite/18.1/nios2eds/bin/gnu/h-x86_64-mingw32/bin/../lib/gcc/nios2-elf/5.3.0/mno-hw-mul\libgcc.a
                0x0000000000004000                __alt_mem_onchip_ram = 0x4000
                0x0000000000200000                __alt_mem_onchip_flash_data = 0x200000

.entry          0x0000000000004000       0x20
 *(.entry)
 .entry         0x0000000000004000       0x20 ../HelloWorld_bsp//obj/HAL/src/crt0.o
                0x0000000000004000                __reset
                0x000000000000400c                _exit

.exceptions     0x0000000000004020      0x160
                0x0000000000004020                PROVIDE (__ram_exceptions_start, ABSOLUTE (.))
                0x0000000000004020                . = ALIGN (0x20)
 *(.irq)
 *(.exceptions.entry.label)
 .exceptions.entry.label
                0x0000000000004020        0x0 ../HelloWorld_bsp/\libhal_bsp.a(alt_irq_entry.o)
                0x0000000000004020                alt_irq_entry
 .exceptions.entry.label
                0x0000000000004020        0x0 ../HelloWorld_bsp/\libhal_bsp.a(alt_exception_entry.o)
                0x0000000000004020                alt_exception
 *(.exceptions.entry.user)
 *(.exceptions.entry.ecc_fatal)
 *(.exceptions.entry)
 .exceptions.entry
                0x0000000000004020       0x54 ../HelloWorld_bsp/\libhal_bsp.a(alt_exception_entry.o)
 *(.exceptions.irqtest.user)
 *(.exceptions.irqtest)
 .exceptions.irqtest
                0x0000000000004074       0x10 ../HelloWorld_bsp/\libhal_bsp.a(alt_irq_entry.o)
 *(.exceptions.irqhandler.user)
 *(.exceptions.irqhandler)
 .exceptions.irqhandler
                0x0000000000004084        0x4 ../HelloWorld_bsp/\libhal_bsp.a(alt_irq_entry.o)
 *(.exceptions.irqreturn.user)
 *(.exceptions.irqreturn)
 .exceptions.irqreturn
                0x0000000000004088        0x4 ../HelloWorld_bsp/\libhal_bsp.a(alt_irq_entry.o)
 *(.exceptions.notirq.label)
 .exceptions.notirq.label
                0x000000000000408c        0x0 ../HelloWorld_bsp/\libhal_bsp.a(alt_irq_entry.o)
 *(.exceptions.notirq.user)
 *(.exceptions.notirq)
 .exceptions.notirq
                0x000000000000408c        0x8 ../HelloWorld_bsp/\libhal_bsp.a(alt_exception_entry.o)
 *(.exceptions.soft.user)
 *(.exceptions.soft)
 *(.exceptions.unknown.user)
 *(.exceptions.unknown)
 .exceptions.unknown
                0x0000000000004094       0x14 ../HelloWorld_bsp/\libhal_bsp.a(alt_exception_entry.o)
 *(.exceptions.exit.label)
 .exceptions.exit.label
                0x00000000000040a8        0x0 ../HelloWorld_bsp/\libhal_bsp.a(alt_irq_entry.o)
 .exceptions.exit.label
                0x00000000000040a8        0x0 ../HelloWorld_bsp/\libhal_bsp.a(alt_exception_entry.o)
 *(.exceptions.exit.user)
 *(.exceptions.exit)
 .exceptions.exit
                0x00000000000040a8       0x54 ../HelloWorld_bsp/\libhal_bsp.a(alt_exception_entry.o)
 *(.exceptions)
 .exceptions    0x00000000000040fc       0x60 ../HelloWorld_bsp/\libhal_bsp.a(alt_irq_handler.o)
                0x00000000000040fc                alt_irq_handler
 .exceptions    0x000000000000415c       0x24 ../HelloWorld_bsp/\libhal_bsp.a(alt_instruction_exception_entry.o)
                0x000000000000415c                alt_instruction_exception_entry
                0x0000000000004180                PROVIDE (__ram_exceptions_end, ABSOLUTE (.))
                0x0000000000004020                PROVIDE (__flash_exceptions_start, LOADADDR (.exceptions))

.text           0x0000000000004180     0x1200
                [!provide]                        PROVIDE (stext, ABSOLUTE (.))
 *(.interp)
 *(.hash)
 *(.dynsym)
 *(.dynstr)
 *(.gnu.version)
 *(.gnu.version_d)
 *(.gnu.version_r)
 *(.rel.init)
 *(.rela.init)
 *(.rel.text .rel.text.* .rel.gnu.linkonce.t.*)
 *(.rela.text .rela.text.* .rela.gnu.linkonce.t.*)
 *(.rel.fini)
 *(.rela.fini)
 *(.rel.rodata .rel.rodata.* .rel.gnu.linkonce.r.*)
 *(.rela.rodata .rela.rodata.* .rela.gnu.linkonce.r.*)
 *(.rel.data .rel.data.* .rel.gnu.linkonce.d.*)
 *(.rela.data .rela.data.* .rela.gnu.linkonce.d.*)
 *(.rel.tdata .rel.tdata.* .rel.gnu.linkonce.td.*)
 *(.rela.tdata .rela.tdata.* .rela.gnu.linkonce.td.*)
 *(.rel.tbss .rel.tbss.* .rel.gnu.linkonce.tb.*)
 *(.rela.tbss .rela.tbss.* .rela.gnu.linkonce.tb.*)
 *(.rel.ctors)
 *(.rela.ctors)
 *(.rel.dtors)
 *(.rela.dtors)
 *(.rel.got)
 *(.rela.got)
 *(.rel.sdata .rel.sdata.* .rel.gnu.linkonce.s.*)
 *(.rela.sdata .rela.sdata.* .rela.gnu.linkonce.s.*)
 *(.rel.sbss .rel.sbss.* .rel.gnu.linkonce.sb.*)
 *(.rela.sbss .rela.sbss.* .rela.gnu.linkonce.sb.*)
 *(.rel.sdata2 .rel.sdata2.* .rel.gnu.linkonce.s2.*)
 *(.rela.sdata2 .rela.sdata2.* .rela.gnu.linkonce.s2.*)
 *(.rel.sbss2 .rel.sbss2.* .rel.gnu.linkonce.sb2.*)
 *(.rela.sbss2 .rela.sbss2.* .rela.gnu.linkonce.sb2.*)
 *(.rel.bss .rel.bss.* .rel.gnu.linkonce.b.*)
 *(.rela.bss .rela.bss.* .rela.gnu.linkonce.b.*)
 *(.rel.plt)
 *(.rela.plt)
 *(.rel.dyn)
 *(.init)
 *(.plt)
 *(.text .stub .text.* .gnu.linkonce.t.*)
 .text          0x0000000000004180       0x3c ../HelloWorld_bsp//obj/HAL/src/crt0.o
                0x0000000000004180                _start
 .text          0x00000000000041bc        0x0 obj/default/hello_world_small.o
 .text.startup  0x00000000000041bc       0x20 obj/default/hello_world_small.o
                0x00000000000041bc                main
 .text          0x00000000000041dc       0xe0 ../HelloWorld_bsp/\libhal_bsp.a(alt_load.o)
                0x00000000000041dc                alt_load
 .text          0x00000000000042bc       0x2c ../HelloWorld_bsp/\libhal_bsp.a(alt_main.o)
                0x00000000000042bc                alt_main
 .text          0x00000000000042e8       0x38 ../HelloWorld_bsp/\libhal_bsp.a(alt_putstr.o)
                0x00000000000042e8                alt_putstr
 .text          0x0000000000004320       0x50 ../HelloWorld_bsp/\libhal_bsp.a(alt_sys_init.o)
                0x0000000000004320                alt_irq_init
                0x0000000000004340                alt_sys_init
 .text          0x0000000000004370       0x34 ../HelloWorld_bsp/\libhal_bsp.a(altera_avalon_jtag_uart_write.o)
                0x0000000000004370                altera_avalon_jtag_uart_write
 .text          0x00000000000043a4      0x264 ../HelloWorld_bsp/\libhal_bsp.a(altera_modular_adc.o)
                0x00000000000043a4                alt_adc_word_read
                0x00000000000043dc                altera_modular_adc_init
                0x0000000000004440                altera_modular_adc_open
                0x0000000000004448                adc_stop
                0x0000000000004468                adc_start
                0x0000000000004478                adc_set_mode_run_once
                0x0000000000004490                adc_set_mode_run_continuously
                0x00000000000044a4                adc_recalibrate
                0x00000000000044f8                adc_interrupt_enable
                0x000000000000450c                adc_interrupt_disable
                0x0000000000004524                adc_clear_interrupt_status
                0x0000000000004590                alt_adc_register_callback
                0x00000000000045e4                adc_interrupt_asserted
                0x00000000000045f4                adc_wait_for_interrupt
 .text          0x0000000000004608      0x818 ../HelloWorld_bsp/\libhal_bsp.a(altera_onchip_flash.o)
                0x0000000000004608                alt_onchip_flash_read
                0x0000000000004678                alt_onchip_flash_get_info
                0x00000000000046bc                alt_onchip_flash_write
                0x0000000000004840                altera_onchip_flash_init
                0x0000000000004a74                alt_onchip_flash_poll_for_status_to_go_idle
                0x0000000000004ac8                alt_onchip_flash_poll_for_status_erase_passed
                0x0000000000004b24                alt_onchip_flash_erase_block
                0x0000000000004c10                alt_onchip_flash_poll_for_status_write_passed
                0x0000000000004c6c                alt_onchip_flash_write_block
 .text          0x0000000000004e20       0x78 ../HelloWorld_bsp/\libhal_bsp.a(alt_busy_sleep.o)
                0x0000000000004e20                alt_busy_sleep
 .text          0x0000000000004e98        0x4 ../HelloWorld_bsp/\libhal_bsp.a(alt_dcache_flush.o)
                0x0000000000004e98                alt_dcache_flush
 .text          0x0000000000004e9c        0x4 ../HelloWorld_bsp/\libhal_bsp.a(alt_dcache_flush_all.o)
                0x0000000000004e9c                alt_dcache_flush_all
 .text          0x0000000000004ea0       0x6c ../HelloWorld_bsp/\libhal_bsp.a(alt_dev_llist_insert.o)
                0x0000000000004ea0                alt_dev_llist_insert
 .text          0x0000000000004f0c        0x0 ../HelloWorld_bsp/\libhal_bsp.a(alt_errno.o)
 .text          0x0000000000004f0c       0x74 ../HelloWorld_bsp/\libhal_bsp.a(alt_find_dev.o)
                0x0000000000004f0c                alt_find_dev
 .text          0x0000000000004f80       0x64 ../HelloWorld_bsp/\libhal_bsp.a(alt_flash_dev.o)
                0x0000000000004f80                alt_flash_open_dev
                0x0000000000004fd0                alt_flash_close_dev
 .text          0x0000000000004fe4        0x4 ../HelloWorld_bsp/\libhal_bsp.a(alt_icache_flush_all.o)
                0x0000000000004fe4                alt_icache_flush_all
 .text          0x0000000000004fe8       0x8c ../HelloWorld_bsp/\libhal_bsp.a(alt_iic.o)
                0x0000000000004fe8                alt_ic_isr_register
                0x0000000000004fec                alt_ic_irq_enable
                0x0000000000005024                alt_ic_irq_disable
                0x000000000000505c                alt_ic_irq_enabled
 .text          0x0000000000005074       0x68 ../HelloWorld_bsp/\libhal_bsp.a(alt_iic_isr_register.o)
                0x0000000000005074                alt_iic_isr_register
 .text          0x00000000000050dc        0x0 ../HelloWorld_bsp/\libhal_bsp.a(alt_irq_entry.o)
 .text          0x00000000000050dc        0x0 ../HelloWorld_bsp/\libhal_bsp.a(alt_irq_handler.o)
 .text          0x00000000000050dc        0x0 ../HelloWorld_bsp/\libhal_bsp.a(alt_irq_vars.o)
 .text          0x00000000000050dc        0x8 ../HelloWorld_bsp/\libhal_bsp.a(altera_nios2_gen2_irq.o)
                0x00000000000050dc                altera_nios2_gen2_irq_init
 .text          0x00000000000050e4        0x0 ../HelloWorld_bsp/\libhal_bsp.a(alt_exception_entry.o)
 .text          0x00000000000050e4       0x74 ../HelloWorld_bsp/\libhal_bsp.a(alt_instruction_exception_entry.o)
                0x00000000000050e4                alt_exception_cause_generated_bad_addr
 .text          0x0000000000005158        0x0 c:/intelfpga_lite/18.1/nios2eds/bin/gnu/h-x86_64-mingw32/bin/../lib/gcc/nios2-elf/5.3.0/../../../../../H-x86_64-mingw32/nios2-elf/lib/mno-hw-mul\libsmallc.a(lib_a-int_errno.o)
 .text          0x0000000000005158        0x0 c:/intelfpga_lite/18.1/nios2eds/bin/gnu/h-x86_64-mingw32/bin/../lib/gcc/nios2-elf/5.3.0/../../../../../H-x86_64-mingw32/nios2-elf/lib/mno-hw-mul\libsmallc.a(lib_a-memcmp.o)
 .text.memcmp   0x0000000000005158       0x30 c:/intelfpga_lite/18.1/nios2eds/bin/gnu/h-x86_64-mingw32/bin/../lib/gcc/nios2-elf/5.3.0/../../../../../H-x86_64-mingw32/nios2-elf/lib/mno-hw-mul\libsmallc.a(lib_a-memcmp.o)
                0x0000000000005158                memcmp
 .text          0x0000000000005188        0x0 c:/intelfpga_lite/18.1/nios2eds/bin/gnu/h-x86_64-mingw32/bin/../lib/gcc/nios2-elf/5.3.0/../../../../../H-x86_64-mingw32/nios2-elf/lib/mno-hw-mul\libsmallc.a(lib_a-memcpy.o)
 .text.memcpy   0x0000000000005188       0x28 c:/intelfpga_lite/18.1/nios2eds/bin/gnu/h-x86_64-mingw32/bin/../lib/gcc/nios2-elf/5.3.0/../../../../../H-x86_64-mingw32/nios2-elf/lib/mno-hw-mul\libsmallc.a(lib_a-memcpy.o)
                0x0000000000005188                memcpy
 .text          0x00000000000051b0        0x0 c:/intelfpga_lite/18.1/nios2eds/bin/gnu/h-x86_64-mingw32/bin/../lib/gcc/nios2-elf/5.3.0/../../../../../H-x86_64-mingw32/nios2-elf/lib/mno-hw-mul\libsmallc.a(lib_a-strlen.o)
 .text.strlen   0x00000000000051b0       0x1c c:/intelfpga_lite/18.1/nios2eds/bin/gnu/h-x86_64-mingw32/bin/../lib/gcc/nios2-elf/5.3.0/../../../../../H-x86_64-mingw32/nios2-elf/lib/mno-hw-mul\libsmallc.a(lib_a-strlen.o)
                0x00000000000051b0                strlen
 .text          0x00000000000051cc      0x1b4 c:/intelfpga_lite/18.1/nios2eds/bin/gnu/h-x86_64-mingw32/bin/../lib/gcc/nios2-elf/5.3.0/mno-hw-mul\libgcc.a(lib2-divmod.o)
                0x00000000000051cc                __divsi3
                0x0000000000005250                __modsi3
                0x00000000000052c4                __udivsi3
                0x0000000000005328                __umodsi3
 *(.gnu.warning.*)
 *(.fini)
                [!provide]                        PROVIDE (__etext, ABSOLUTE (.))
                [!provide]                        PROVIDE (_etext, ABSOLUTE (.))
                [!provide]                        PROVIDE (etext, ABSOLUTE (.))
 *(.eh_frame_hdr)
                0x0000000000005380                . = ALIGN (0x4)
                [!provide]                        PROVIDE (__preinit_array_start, ABSOLUTE (.))
 *(.preinit_array)
                [!provide]                        PROVIDE (__preinit_array_end, ABSOLUTE (.))
                [!provide]                        PROVIDE (__init_array_start, ABSOLUTE (.))
 *(.init_array)
                [!provide]                        PROVIDE (__init_array_end, ABSOLUTE (.))
                [!provide]                        PROVIDE (__fini_array_start, ABSOLUTE (.))
 *(.fini_array)
                [!provide]                        PROVIDE (__fini_array_end, ABSOLUTE (.))
 *(.eh_frame)
 *(.gcc_except_table .gcc_except_table.*)
 *(.dynamic)
                [!provide]                        PROVIDE (__CTOR_LIST__, ABSOLUTE (.))
 *(.ctors)
 *(SORT(.ctors.*))
                [!provide]                        PROVIDE (__CTOR_END__, ABSOLUTE (.))
                [!provide]                        PROVIDE (__DTOR_LIST__, ABSOLUTE (.))
 *(.dtors)
 *(SORT(.dtors.*))
                [!provide]                        PROVIDE (__DTOR_END__, ABSOLUTE (.))
 *(.jcr)
                0x0000000000005380                . = ALIGN (0x4)

.rodata         0x0000000000005380       0x4c
                0x0000000000005380                PROVIDE (__ram_rodata_start, ABSOLUTE (.))
                0x0000000000005380                . = ALIGN (0x4)
 *(.rodata .rodata.* .gnu.linkonce.r.*)
 .rodata.str1.4
                0x0000000000005380       0x1c obj/default/hello_world_small.o
 .rodata.str1.4
                0x000000000000539c       0x30 ../HelloWorld_bsp/\libhal_bsp.a(alt_sys_init.o)
 *(.rodata1)
                0x00000000000053cc                . = ALIGN (0x4)
                0x00000000000053cc                PROVIDE (__ram_rodata_end, ABSOLUTE (.))
                0x0000000000005380                PROVIDE (__flash_rodata_start, LOADADDR (.rodata))

.rwdata         0x00000000000053cc      0x160 load address 0x000000000000552c
                0x00000000000053cc                PROVIDE (__ram_rwdata_start, ABSOLUTE (.))
                0x00000000000053cc                . = ALIGN (0x4)
 *(.got.plt)
 *(.got)
 *(.data1)
 *(.data .data.* .gnu.linkonce.d.*)
 .data          0x00000000000053cc        0x0 ../HelloWorld_bsp//obj/HAL/src/crt0.o
 .data          0x00000000000053cc        0x0 obj/default/hello_world_small.o
 .data          0x00000000000053cc        0x0 ../HelloWorld_bsp/\libhal_bsp.a(alt_load.o)
 .data          0x00000000000053cc        0x0 ../HelloWorld_bsp/\libhal_bsp.a(alt_main.o)
 .data          0x00000000000053cc        0x0 ../HelloWorld_bsp/\libhal_bsp.a(alt_putstr.o)
 .data          0x00000000000053cc      0x13c ../HelloWorld_bsp/\libhal_bsp.a(alt_sys_init.o)
 .data          0x0000000000005508        0x0 ../HelloWorld_bsp/\libhal_bsp.a(altera_avalon_jtag_uart_write.o)
 .data          0x0000000000005508        0x0 ../HelloWorld_bsp/\libhal_bsp.a(altera_modular_adc.o)
 .data          0x0000000000005508        0x0 ../HelloWorld_bsp/\libhal_bsp.a(altera_onchip_flash.o)
 .data          0x0000000000005508        0x0 ../HelloWorld_bsp/\libhal_bsp.a(alt_busy_sleep.o)
 .data          0x0000000000005508        0x0 ../HelloWorld_bsp/\libhal_bsp.a(alt_dcache_flush.o)
 .data          0x0000000000005508        0x0 ../HelloWorld_bsp/\libhal_bsp.a(alt_dcache_flush_all.o)
 .data          0x0000000000005508        0x0 ../HelloWorld_bsp/\libhal_bsp.a(alt_dev_llist_insert.o)
 .data          0x0000000000005508        0x0 ../HelloWorld_bsp/\libhal_bsp.a(alt_errno.o)
 .data          0x0000000000005508        0x0 ../HelloWorld_bsp/\libhal_bsp.a(alt_find_dev.o)
 .data          0x0000000000005508        0x0 ../HelloWorld_bsp/\libhal_bsp.a(alt_flash_dev.o)
 .data          0x0000000000005508        0x0 ../HelloWorld_bsp/\libhal_bsp.a(alt_icache_flush_all.o)
 .data          0x0000000000005508        0x0 ../HelloWorld_bsp/\libhal_bsp.a(alt_iic.o)
 .data          0x0000000000005508        0x0 ../HelloWorld_bsp/\libhal_bsp.a(alt_iic_isr_register.o)
 .data          0x0000000000005508        0x0 ../HelloWorld_bsp/\libhal_bsp.a(alt_irq_entry.o)
 .data          0x0000000000005508        0x0 ../HelloWorld_bsp/\libhal_bsp.a(alt_irq_handler.o)
 .data          0x0000000000005508        0x0 ../HelloWorld_bsp/\libhal_bsp.a(alt_irq_vars.o)
 .data          0x0000000000005508        0x0 ../HelloWorld_bsp/\libhal_bsp.a(altera_nios2_gen2_irq.o)
 .data          0x0000000000005508        0x0 ../HelloWorld_bsp/\libhal_bsp.a(alt_exception_entry.o)
 .data          0x0000000000005508        0x0 ../HelloWorld_bsp/\libhal_bsp.a(alt_instruction_exception_entry.o)
 .data          0x0000000000005508        0x0 c:/intelfpga_lite/18.1/nios2eds/bin/gnu/h-x86_64-mingw32/bin/../lib/gcc/nios2-elf/5.3.0/../../../../../H-x86_64-mingw32/nios2-elf/lib/mno-hw-mul\libsmallc.a(lib_a-int_errno.o)
 .data          0x0000000000005508        0x0 c:/intelfpga_lite/18.1/nios2eds/bin/gnu/h-x86_64-mingw32/bin/../lib/gcc/nios2-elf/5.3.0/../../../../../H-x86_64-mingw32/nios2-elf/lib/mno-hw-mul\libsmallc.a(lib_a-memcmp.o)
 .data          0x0000000000005508        0x0 c:/intelfpga_lite/18.1/nios2eds/bin/gnu/h-x86_64-mingw32/bin/../lib/gcc/nios2-elf/5.3.0/../../../../../H-x86_64-mingw32/nios2-elf/lib/mno-hw-mul\libsmallc.a(lib_a-memcpy.o)
 .data          0x0000000000005508        0x0 c:/intelfpga_lite/18.1/nios2eds/bin/gnu/h-x86_64-mingw32/bin/../lib/gcc/nios2-elf/5.3.0/../../../../../H-x86_64-mingw32/nios2-elf/lib/mno-hw-mul\libsmallc.a(lib_a-strlen.o)
 .data          0x0000000000005508        0x0 c:/intelfpga_lite/18.1/nios2eds/bin/gnu/h-x86_64-mingw32/bin/../lib/gcc/nios2-elf/5.3.0/mno-hw-mul\libgcc.a(lib2-divmod.o)
                0x000000000000d508                _gp = ABSOLUTE ((. + 0x8000))
                [!provide]                        PROVIDE (gp, _gp)
 *(.rwdata .rwdata.*)
 *(.sdata .sdata.* .gnu.linkonce.s.*)
 .sdata         0x0000000000005508        0x4 ../HelloWorld_bsp/\libhal_bsp.a(alt_sys_init.o)
                0x0000000000005508                jtag_uart
 .sdata         0x000000000000550c        0x8 ../HelloWorld_bsp/\libhal_bsp.a(altera_modular_adc.o)
                0x000000000000550c                altera_modular_adc_list
 .sdata         0x0000000000005514        0x8 ../HelloWorld_bsp/\libhal_bsp.a(altera_onchip_flash.o)
                0x0000000000005514                altera_onchip_flash_list
 .sdata         0x000000000000551c        0x4 ../HelloWorld_bsp/\libhal_bsp.a(alt_errno.o)
                0x000000000000551c                alt_errno
 .sdata         0x0000000000005520        0x8 ../HelloWorld_bsp/\libhal_bsp.a(alt_flash_dev.o)
                0x0000000000005520                alt_flash_dev_list
 .sdata         0x0000000000005528        0x4 ../HelloWorld_bsp/\libhal_bsp.a(alt_irq_vars.o)
                0x0000000000005528                alt_priority_mask
 *(.sdata2 .sdata2.* .gnu.linkonce.s2.*)
                0x000000000000552c                . = ALIGN (0x4)
                0x000000000000552c                _edata = ABSOLUTE (.)
                [!provide]                        PROVIDE (edata, ABSOLUTE (.))
                0x000000000000552c                PROVIDE (__ram_rwdata_end, ABSOLUTE (.))
                0x000000000000552c                PROVIDE (__flash_rwdata_start, LOADADDR (.rwdata))

.bss            0x000000000000568c      0x118
                0x000000000000568c                __bss_start = ABSOLUTE (.)
                [!provide]                        PROVIDE (__sbss_start, ABSOLUTE (.))
                [!provide]                        PROVIDE (___sbss_start, ABSOLUTE (.))
 *(.dynsbss)
 *(.sbss .sbss.* .gnu.linkonce.sb.*)
 .sbss          0x000000000000568c        0xc ../HelloWorld_bsp/\libhal_bsp.a(alt_main.o)
                0x000000000000568c                alt_envp
                0x0000000000005690                alt_argv
                0x0000000000005694                alt_argc
 .sbss          0x0000000000005698        0x4 ../HelloWorld_bsp/\libhal_bsp.a(alt_irq_vars.o)
                0x0000000000005698                alt_irq_active
 .sbss          0x000000000000569c        0x4 ../HelloWorld_bsp/\libhal_bsp.a(alt_instruction_exception_entry.o)
                0x000000000000569c                alt_instruction_exception_handler
 .sbss          0x00000000000056a0        0x4 c:/intelfpga_lite/18.1/nios2eds/bin/gnu/h-x86_64-mingw32/bin/../lib/gcc/nios2-elf/5.3.0/../../../../../H-x86_64-mingw32/nios2-elf/lib/mno-hw-mul\libsmallc.a(lib_a-int_errno.o)
                0x00000000000056a0                errno
 *(.sbss2 .sbss2.* .gnu.linkonce.sb2.*)
 *(.scommon)
                [!provide]                        PROVIDE (__sbss_end, ABSOLUTE (.))
                [!provide]                        PROVIDE (___sbss_end, ABSOLUTE (.))
 *(.dynbss)
 *(.bss .bss.* .gnu.linkonce.b.*)
 .bss           0x00000000000056a4        0x0 ../HelloWorld_bsp//obj/HAL/src/crt0.o
 .bss           0x00000000000056a4        0x0 obj/default/hello_world_small.o
 .bss           0x00000000000056a4        0x0 ../HelloWorld_bsp/\libhal_bsp.a(alt_load.o)
 .bss           0x00000000000056a4        0x0 ../HelloWorld_bsp/\libhal_bsp.a(alt_main.o)
 .bss           0x00000000000056a4        0x0 ../HelloWorld_bsp/\libhal_bsp.a(alt_putstr.o)
 .bss           0x00000000000056a4        0x0 ../HelloWorld_bsp/\libhal_bsp.a(alt_sys_init.o)
 .bss           0x00000000000056a4        0x0 ../HelloWorld_bsp/\libhal_bsp.a(altera_avalon_jtag_uart_write.o)
 .bss           0x00000000000056a4        0x0 ../HelloWorld_bsp/\libhal_bsp.a(altera_modular_adc.o)
 .bss           0x00000000000056a4        0x0 ../HelloWorld_bsp/\libhal_bsp.a(altera_onchip_flash.o)
 .bss           0x00000000000056a4        0x0 ../HelloWorld_bsp/\libhal_bsp.a(alt_busy_sleep.o)
 .bss           0x00000000000056a4        0x0 ../HelloWorld_bsp/\libhal_bsp.a(alt_dcache_flush.o)
 .bss           0x00000000000056a4        0x0 ../HelloWorld_bsp/\libhal_bsp.a(alt_dcache_flush_all.o)
 .bss           0x00000000000056a4        0x0 ../HelloWorld_bsp/\libhal_bsp.a(alt_dev_llist_insert.o)
 .bss           0x00000000000056a4        0x0 ../HelloWorld_bsp/\libhal_bsp.a(alt_errno.o)
 .bss           0x00000000000056a4        0x0 ../HelloWorld_bsp/\libhal_bsp.a(alt_find_dev.o)
 .bss           0x00000000000056a4        0x0 ../HelloWorld_bsp/\libhal_bsp.a(alt_flash_dev.o)
 .bss           0x00000000000056a4        0x0 ../HelloWorld_bsp/\libhal_bsp.a(alt_icache_flush_all.o)
 .bss           0x00000000000056a4        0x0 ../HelloWorld_bsp/\libhal_bsp.a(alt_iic.o)
 .bss           0x00000000000056a4        0x0 ../HelloWorld_bsp/\libhal_bsp.a(alt_iic_isr_register.o)
 .bss           0x00000000000056a4        0x0 ../HelloWorld_bsp/\libhal_bsp.a(alt_irq_entry.o)
 .bss           0x00000000000056a4        0x0 ../HelloWorld_bsp/\libhal_bsp.a(alt_irq_handler.o)
 .bss           0x00000000000056a4        0x0 ../HelloWorld_bsp/\libhal_bsp.a(alt_irq_vars.o)
 .bss           0x00000000000056a4        0x0 ../HelloWorld_bsp/\libhal_bsp.a(altera_nios2_gen2_irq.o)
 .bss           0x00000000000056a4        0x0 ../HelloWorld_bsp/\libhal_bsp.a(alt_exception_entry.o)
 .bss           0x00000000000056a4        0x0 ../HelloWorld_bsp/\libhal_bsp.a(alt_instruction_exception_entry.o)
 .bss           0x00000000000056a4        0x0 c:/intelfpga_lite/18.1/nios2eds/bin/gnu/h-x86_64-mingw32/bin/../lib/gcc/nios2-elf/5.3.0/../../../../../H-x86_64-mingw32/nios2-elf/lib/mno-hw-mul\libsmallc.a(lib_a-int_errno.o)
 .bss           0x00000000000056a4        0x0 c:/intelfpga_lite/18.1/nios2eds/bin/gnu/h-x86_64-mingw32/bin/../lib/gcc/nios2-elf/5.3.0/../../../../../H-x86_64-mingw32/nios2-elf/lib/mno-hw-mul\libsmallc.a(lib_a-memcmp.o)
 .bss           0x00000000000056a4        0x0 c:/intelfpga_lite/18.1/nios2eds/bin/gnu/h-x86_64-mingw32/bin/../lib/gcc/nios2-elf/5.3.0/../../../../../H-x86_64-mingw32/nios2-elf/lib/mno-hw-mul\libsmallc.a(lib_a-memcpy.o)
 .bss           0x00000000000056a4        0x0 c:/intelfpga_lite/18.1/nios2eds/bin/gnu/h-x86_64-mingw32/bin/../lib/gcc/nios2-elf/5.3.0/../../../../../H-x86_64-mingw32/nios2-elf/lib/mno-hw-mul\libsmallc.a(lib_a-strlen.o)
 .bss           0x00000000000056a4        0x0 c:/intelfpga_lite/18.1/nios2eds/bin/gnu/h-x86_64-mingw32/bin/../lib/gcc/nios2-elf/5.3.0/mno-hw-mul\libgcc.a(lib2-divmod.o)
 *(COMMON)
 COMMON         0x00000000000056a4      0x100 ../HelloWorld_bsp/\libhal_bsp.a(alt_irq_handler.o)
                0x00000000000056a4                alt_irq
                0x00000000000057a4                . = ALIGN (0x4)
                0x00000000000057a4                __bss_end = ABSOLUTE (.)

.onchip_ram     0x00000000000057a4        0x0
                [!provide]                        PROVIDE (_alt_partition_onchip_ram_start, ABSOLUTE (.))
 *(.onchip_ram .onchip_ram. onchip_ram.*)
                0x00000000000057a4                . = ALIGN (0x4)
                [!provide]                        PROVIDE (_alt_partition_onchip_ram_end, ABSOLUTE (.))
                0x00000000000057a4                _end = ABSOLUTE (.)
                0x00000000000057a4                end = ABSOLUTE (.)
                0x00000000000057a4                __alt_stack_base = ABSOLUTE (.)
                [!provide]                        PROVIDE (_alt_partition_onchip_ram_load_addr, LOADADDR (.onchip_ram))

.onchip_flash_data
                0x0000000000200000        0x0 load address 0x00000000000057a4
                [!provide]                        PROVIDE (_alt_partition_onchip_flash_data_start, ABSOLUTE (.))
 *(.onchip_flash_data .onchip_flash_data. onchip_flash_data.*)
                0x0000000000200000                . = ALIGN (0x4)
                [!provide]                        PROVIDE (_alt_partition_onchip_flash_data_end, ABSOLUTE (.))
                [!provide]                        PROVIDE (_alt_partition_onchip_flash_data_load_addr, LOADADDR (.onchip_flash_data))

.stab
 *(.stab)

.stabstr
 *(.stabstr)

.stab.excl
 *(.stab.excl)

.stab.exclstr
 *(.stab.exclstr)

.stab.index
 *(.stab.index)

.stab.indexstr
 *(.stab.indexstr)

.comment        0x0000000000000000       0x23
 *(.comment)
 .comment       0x0000000000000000       0x23 obj/default/hello_world_small.o
                                         0x24 (size before relaxing)
 .comment       0x0000000000000023       0x24 ../HelloWorld_bsp/\libhal_bsp.a(alt_load.o)
 .comment       0x0000000000000023       0x24 ../HelloWorld_bsp/\libhal_bsp.a(alt_main.o)
 .comment       0x0000000000000023       0x24 ../HelloWorld_bsp/\libhal_bsp.a(alt_putstr.o)
 .comment       0x0000000000000023       0x24 ../HelloWorld_bsp/\libhal_bsp.a(alt_sys_init.o)
 .comment       0x0000000000000023       0x24 ../HelloWorld_bsp/\libhal_bsp.a(altera_avalon_jtag_uart_write.o)
 .comment       0x0000000000000023       0x24 ../HelloWorld_bsp/\libhal_bsp.a(altera_modular_adc.o)
 .comment       0x0000000000000023       0x24 ../HelloWorld_bsp/\libhal_bsp.a(altera_onchip_flash.o)
 .comment       0x0000000000000023       0x24 ../HelloWorld_bsp/\libhal_bsp.a(alt_busy_sleep.o)
 .comment       0x0000000000000023       0x24 ../HelloWorld_bsp/\libhal_bsp.a(alt_dcache_flush.o)
 .comment       0x0000000000000023       0x24 ../HelloWorld_bsp/\libhal_bsp.a(alt_dcache_flush_all.o)
 .comment       0x0000000000000023       0x24 ../HelloWorld_bsp/\libhal_bsp.a(alt_dev_llist_insert.o)
 .comment       0x0000000000000023       0x24 ../HelloWorld_bsp/\libhal_bsp.a(alt_errno.o)
 .comment       0x0000000000000023       0x24 ../HelloWorld_bsp/\libhal_bsp.a(alt_find_dev.o)
 .comment       0x0000000000000023       0x24 ../HelloWorld_bsp/\libhal_bsp.a(alt_flash_dev.o)
 .comment       0x0000000000000023       0x24 ../HelloWorld_bsp/\libhal_bsp.a(alt_icache_flush_all.o)
 .comment       0x0000000000000023       0x24 ../HelloWorld_bsp/\libhal_bsp.a(alt_iic.o)
 .comment       0x0000000000000023       0x24 ../HelloWorld_bsp/\libhal_bsp.a(alt_iic_isr_register.o)
 .comment       0x0000000000000023       0x24 ../HelloWorld_bsp/\libhal_bsp.a(alt_irq_handler.o)
 .comment       0x0000000000000023       0x24 ../HelloWorld_bsp/\libhal_bsp.a(alt_irq_vars.o)
 .comment       0x0000000000000023       0x24 ../HelloWorld_bsp/\libhal_bsp.a(altera_nios2_gen2_irq.o)
 .comment       0x0000000000000023       0x24 ../HelloWorld_bsp/\libhal_bsp.a(alt_instruction_exception_entry.o)
 .comment       0x0000000000000023       0x24 c:/intelfpga_lite/18.1/nios2eds/bin/gnu/h-x86_64-mingw32/bin/../lib/gcc/nios2-elf/5.3.0/../../../../../H-x86_64-mingw32/nios2-elf/lib/mno-hw-mul\libsmallc.a(lib_a-int_errno.o)
 .comment       0x0000000000000023       0x24 c:/intelfpga_lite/18.1/nios2eds/bin/gnu/h-x86_64-mingw32/bin/../lib/gcc/nios2-elf/5.3.0/../../../../../H-x86_64-mingw32/nios2-elf/lib/mno-hw-mul\libsmallc.a(lib_a-memcmp.o)
 .comment       0x0000000000000023       0x24 c:/intelfpga_lite/18.1/nios2eds/bin/gnu/h-x86_64-mingw32/bin/../lib/gcc/nios2-elf/5.3.0/../../../../../H-x86_64-mingw32/nios2-elf/lib/mno-hw-mul\libsmallc.a(lib_a-memcpy.o)
 .comment       0x0000000000000023       0x24 c:/intelfpga_lite/18.1/nios2eds/bin/gnu/h-x86_64-mingw32/bin/../lib/gcc/nios2-elf/5.3.0/../../../../../H-x86_64-mingw32/nios2-elf/lib/mno-hw-mul\libsmallc.a(lib_a-strlen.o)
 .comment       0x0000000000000023       0x24 c:/intelfpga_lite/18.1/nios2eds/bin/gnu/h-x86_64-mingw32/bin/../lib/gcc/nios2-elf/5.3.0/mno-hw-mul\libgcc.a(lib2-divmod.o)

.debug
 *(.debug)

.line
 *(.line)

.debug_srcinfo
 *(.debug_srcinfo)

.debug_sfnames
 *(.debug_sfnames)

.debug_aranges  0x0000000000000000      0x3e0
 *(.debug_aranges)
 .debug_aranges
                0x0000000000000000       0x28 ../HelloWorld_bsp//obj/HAL/src/crt0.o
 .debug_aranges
                0x0000000000000028       0x20 obj/default/hello_world_small.o
 .debug_aranges
                0x0000000000000048       0x20 ../HelloWorld_bsp/\libhal_bsp.a(alt_load.o)
 .debug_aranges
                0x0000000000000068       0x20 ../HelloWorld_bsp/\libhal_bsp.a(alt_main.o)
 .debug_aranges
                0x0000000000000088       0x20 ../HelloWorld_bsp/\libhal_bsp.a(alt_putstr.o)
 .debug_aranges
                0x00000000000000a8       0x20 ../HelloWorld_bsp/\libhal_bsp.a(alt_sys_init.o)
 .debug_aranges
                0x00000000000000c8       0x20 ../HelloWorld_bsp/\libhal_bsp.a(altera_avalon_jtag_uart_write.o)
 .debug_aranges
                0x00000000000000e8       0x20 ../HelloWorld_bsp/\libhal_bsp.a(altera_modular_adc.o)
 .debug_aranges
                0x0000000000000108       0x20 ../HelloWorld_bsp/\libhal_bsp.a(altera_onchip_flash.o)
 .debug_aranges
                0x0000000000000128       0x20 ../HelloWorld_bsp/\libhal_bsp.a(alt_busy_sleep.o)
 .debug_aranges
                0x0000000000000148       0x20 ../HelloWorld_bsp/\libhal_bsp.a(alt_dcache_flush.o)
 .debug_aranges
                0x0000000000000168       0x20 ../HelloWorld_bsp/\libhal_bsp.a(alt_dcache_flush_all.o)
 .debug_aranges
                0x0000000000000188       0x20 ../HelloWorld_bsp/\libhal_bsp.a(alt_dev_llist_insert.o)
 .debug_aranges
                0x00000000000001a8       0x18 ../HelloWorld_bsp/\libhal_bsp.a(alt_errno.o)
 .debug_aranges
                0x00000000000001c0       0x20 ../HelloWorld_bsp/\libhal_bsp.a(alt_find_dev.o)
 .debug_aranges
                0x00000000000001e0       0x20 ../HelloWorld_bsp/\libhal_bsp.a(alt_flash_dev.o)
 .debug_aranges
                0x0000000000000200       0x20 ../HelloWorld_bsp/\libhal_bsp.a(alt_icache_flush_all.o)
 .debug_aranges
                0x0000000000000220       0x20 ../HelloWorld_bsp/\libhal_bsp.a(alt_iic.o)
 .debug_aranges
                0x0000000000000240       0x20 ../HelloWorld_bsp/\libhal_bsp.a(alt_iic_isr_register.o)
 .debug_aranges
                0x0000000000000260       0x30 ../HelloWorld_bsp/\libhal_bsp.a(alt_irq_entry.o)
 .debug_aranges
                0x0000000000000290       0x20 ../HelloWorld_bsp/\libhal_bsp.a(alt_irq_handler.o)
 .debug_aranges
                0x00000000000002b0       0x18 ../HelloWorld_bsp/\libhal_bsp.a(alt_irq_vars.o)
 .debug_aranges
                0x00000000000002c8       0x20 ../HelloWorld_bsp/\libhal_bsp.a(altera_nios2_gen2_irq.o)
 .debug_aranges
                0x00000000000002e8       0x38 ../HelloWorld_bsp/\libhal_bsp.a(alt_exception_entry.o)
 .debug_aranges
                0x0000000000000320       0x28 ../HelloWorld_bsp/\libhal_bsp.a(alt_instruction_exception_entry.o)
 .debug_aranges
                0x0000000000000348       0x18 c:/intelfpga_lite/18.1/nios2eds/bin/gnu/h-x86_64-mingw32/bin/../lib/gcc/nios2-elf/5.3.0/../../../../../H-x86_64-mingw32/nios2-elf/lib/mno-hw-mul\libsmallc.a(lib_a-int_errno.o)
 .debug_aranges
                0x0000000000000360       0x20 c:/intelfpga_lite/18.1/nios2eds/bin/gnu/h-x86_64-mingw32/bin/../lib/gcc/nios2-elf/5.3.0/../../../../../H-x86_64-mingw32/nios2-elf/lib/mno-hw-mul\libsmallc.a(lib_a-memcmp.o)
 .debug_aranges
                0x0000000000000380       0x20 c:/intelfpga_lite/18.1/nios2eds/bin/gnu/h-x86_64-mingw32/bin/../lib/gcc/nios2-elf/5.3.0/../../../../../H-x86_64-mingw32/nios2-elf/lib/mno-hw-mul\libsmallc.a(lib_a-memcpy.o)
 .debug_aranges
                0x00000000000003a0       0x20 c:/intelfpga_lite/18.1/nios2eds/bin/gnu/h-x86_64-mingw32/bin/../lib/gcc/nios2-elf/5.3.0/../../../../../H-x86_64-mingw32/nios2-elf/lib/mno-hw-mul\libsmallc.a(lib_a-strlen.o)
 .debug_aranges
                0x00000000000003c0       0x20 c:/intelfpga_lite/18.1/nios2eds/bin/gnu/h-x86_64-mingw32/bin/../lib/gcc/nios2-elf/5.3.0/mno-hw-mul\libgcc.a(lib2-divmod.o)

.debug_pubnames
 *(.debug_pubnames)

.debug_info     0x0000000000000000     0x42c5
 *(.debug_info .gnu.linkonce.wi.*)
 .debug_info    0x0000000000000000       0xe1 ../HelloWorld_bsp//obj/HAL/src/crt0.o
 .debug_info    0x00000000000000e1       0xa9 obj/default/hello_world_small.o
 .debug_info    0x000000000000018a      0x1c9 ../HelloWorld_bsp/\libhal_bsp.a(alt_load.o)
 .debug_info    0x0000000000000353      0x169 ../HelloWorld_bsp/\libhal_bsp.a(alt_main.o)
 .debug_info    0x00000000000004bc      0x13a ../HelloWorld_bsp/\libhal_bsp.a(alt_putstr.o)
 .debug_info    0x00000000000005f6      0x7d7 ../HelloWorld_bsp/\libhal_bsp.a(alt_sys_init.o)
 .debug_info    0x0000000000000dcd      0x197 ../HelloWorld_bsp/\libhal_bsp.a(altera_avalon_jtag_uart_write.o)
 .debug_info    0x0000000000000f64      0x957 ../HelloWorld_bsp/\libhal_bsp.a(altera_modular_adc.o)
 .debug_info    0x00000000000018bb      0xb5b ../HelloWorld_bsp/\libhal_bsp.a(altera_onchip_flash.o)
 .debug_info    0x0000000000002416       0xd8 ../HelloWorld_bsp/\libhal_bsp.a(alt_busy_sleep.o)
 .debug_info    0x00000000000024ee       0xba ../HelloWorld_bsp/\libhal_bsp.a(alt_dcache_flush.o)
 .debug_info    0x00000000000025a8       0x92 ../HelloWorld_bsp/\libhal_bsp.a(alt_dcache_flush_all.o)
 .debug_info    0x000000000000263a      0x1b3 ../HelloWorld_bsp/\libhal_bsp.a(alt_dev_llist_insert.o)
 .debug_info    0x00000000000027ed       0xa6 ../HelloWorld_bsp/\libhal_bsp.a(alt_errno.o)
 .debug_info    0x0000000000002893      0x32d ../HelloWorld_bsp/\libhal_bsp.a(alt_find_dev.o)
 .debug_info    0x0000000000002bc0      0x41c ../HelloWorld_bsp/\libhal_bsp.a(alt_flash_dev.o)
 .debug_info    0x0000000000002fdc       0x92 ../HelloWorld_bsp/\libhal_bsp.a(alt_icache_flush_all.o)
 .debug_info    0x000000000000306e      0x38a ../HelloWorld_bsp/\libhal_bsp.a(alt_iic.o)
 .debug_info    0x00000000000033f8      0x232 ../HelloWorld_bsp/\libhal_bsp.a(alt_iic_isr_register.o)
 .debug_info    0x000000000000362a       0xea ../HelloWorld_bsp/\libhal_bsp.a(alt_irq_entry.o)
 .debug_info    0x0000000000003714      0x184 ../HelloWorld_bsp/\libhal_bsp.a(alt_irq_handler.o)
 .debug_info    0x0000000000003898       0x88 ../HelloWorld_bsp/\libhal_bsp.a(alt_irq_vars.o)
 .debug_info    0x0000000000003920       0x92 ../HelloWorld_bsp/\libhal_bsp.a(altera_nios2_gen2_irq.o)
 .debug_info    0x00000000000039b2       0xf0 ../HelloWorld_bsp/\libhal_bsp.a(alt_exception_entry.o)
 .debug_info    0x0000000000003aa2      0x1fd ../HelloWorld_bsp/\libhal_bsp.a(alt_instruction_exception_entry.o)
 .debug_info    0x0000000000003c9f       0x8a c:/intelfpga_lite/18.1/nios2eds/bin/gnu/h-x86_64-mingw32/bin/../lib/gcc/nios2-elf/5.3.0/../../../../../H-x86_64-mingw32/nios2-elf/lib/mno-hw-mul\libsmallc.a(lib_a-int_errno.o)
 .debug_info    0x0000000000003d29       0xf4 c:/intelfpga_lite/18.1/nios2eds/bin/gnu/h-x86_64-mingw32/bin/../lib/gcc/nios2-elf/5.3.0/../../../../../H-x86_64-mingw32/nios2-elf/lib/mno-hw-mul\libsmallc.a(lib_a-memcmp.o)
 .debug_info    0x0000000000003e1d      0x119 c:/intelfpga_lite/18.1/nios2eds/bin/gnu/h-x86_64-mingw32/bin/../lib/gcc/nios2-elf/5.3.0/../../../../../H-x86_64-mingw32/nios2-elf/lib/mno-hw-mul\libsmallc.a(lib_a-memcpy.o)
 .debug_info    0x0000000000003f36       0xc9 c:/intelfpga_lite/18.1/nios2eds/bin/gnu/h-x86_64-mingw32/bin/../lib/gcc/nios2-elf/5.3.0/../../../../../H-x86_64-mingw32/nios2-elf/lib/mno-hw-mul\libsmallc.a(lib_a-strlen.o)
 .debug_info    0x0000000000003fff      0x2c6 c:/intelfpga_lite/18.1/nios2eds/bin/gnu/h-x86_64-mingw32/bin/../lib/gcc/nios2-elf/5.3.0/mno-hw-mul\libgcc.a(lib2-divmod.o)

.debug_abbrev   0x0000000000000000     0x18c4
 *(.debug_abbrev)
 .debug_abbrev  0x0000000000000000       0x12 ../HelloWorld_bsp//obj/HAL/src/crt0.o
 .debug_abbrev  0x0000000000000012       0x72 obj/default/hello_world_small.o
 .debug_abbrev  0x0000000000000084       0xd8 ../HelloWorld_bsp/\libhal_bsp.a(alt_load.o)
 .debug_abbrev  0x000000000000015c       0xee ../HelloWorld_bsp/\libhal_bsp.a(alt_main.o)
 .debug_abbrev  0x000000000000024a       0xd3 ../HelloWorld_bsp/\libhal_bsp.a(alt_putstr.o)
 .debug_abbrev  0x000000000000031d      0x187 ../HelloWorld_bsp/\libhal_bsp.a(alt_sys_init.o)
 .debug_abbrev  0x00000000000004a4       0xd5 ../HelloWorld_bsp/\libhal_bsp.a(altera_avalon_jtag_uart_write.o)
 .debug_abbrev  0x0000000000000579      0x28e ../HelloWorld_bsp/\libhal_bsp.a(altera_modular_adc.o)
 .debug_abbrev  0x0000000000000807      0x285 ../HelloWorld_bsp/\libhal_bsp.a(altera_onchip_flash.o)
 .debug_abbrev  0x0000000000000a8c       0x8d ../HelloWorld_bsp/\libhal_bsp.a(alt_busy_sleep.o)
 .debug_abbrev  0x0000000000000b19       0x74 ../HelloWorld_bsp/\libhal_bsp.a(alt_dcache_flush.o)
 .debug_abbrev  0x0000000000000b8d       0x42 ../HelloWorld_bsp/\libhal_bsp.a(alt_dcache_flush_all.o)
 .debug_abbrev  0x0000000000000bcf      0x11c ../HelloWorld_bsp/\libhal_bsp.a(alt_dev_llist_insert.o)
 .debug_abbrev  0x0000000000000ceb       0x5a ../HelloWorld_bsp/\libhal_bsp.a(alt_errno.o)
 .debug_abbrev  0x0000000000000d45      0x125 ../HelloWorld_bsp/\libhal_bsp.a(alt_find_dev.o)
 .debug_abbrev  0x0000000000000e6a      0x150 ../HelloWorld_bsp/\libhal_bsp.a(alt_flash_dev.o)
 .debug_abbrev  0x0000000000000fba       0x42 ../HelloWorld_bsp/\libhal_bsp.a(alt_icache_flush_all.o)
 .debug_abbrev  0x0000000000000ffc      0x1a0 ../HelloWorld_bsp/\libhal_bsp.a(alt_iic.o)
 .debug_abbrev  0x000000000000119c      0x19c ../HelloWorld_bsp/\libhal_bsp.a(alt_iic_isr_register.o)
 .debug_abbrev  0x0000000000001338       0x12 ../HelloWorld_bsp/\libhal_bsp.a(alt_irq_entry.o)
 .debug_abbrev  0x000000000000134a      0x120 ../HelloWorld_bsp/\libhal_bsp.a(alt_irq_handler.o)
 .debug_abbrev  0x000000000000146a       0x40 ../HelloWorld_bsp/\libhal_bsp.a(alt_irq_vars.o)
 .debug_abbrev  0x00000000000014aa       0x42 ../HelloWorld_bsp/\libhal_bsp.a(altera_nios2_gen2_irq.o)
 .debug_abbrev  0x00000000000014ec       0x12 ../HelloWorld_bsp/\libhal_bsp.a(alt_exception_entry.o)
 .debug_abbrev  0x00000000000014fe       0xe7 ../HelloWorld_bsp/\libhal_bsp.a(alt_instruction_exception_entry.o)
 .debug_abbrev  0x00000000000015e5       0x37 c:/intelfpga_lite/18.1/nios2eds/bin/gnu/h-x86_64-mingw32/bin/../lib/gcc/nios2-elf/5.3.0/../../../../../H-x86_64-mingw32/nios2-elf/lib/mno-hw-mul\libsmallc.a(lib_a-int_errno.o)
 .debug_abbrev  0x000000000000161c       0x7f c:/intelfpga_lite/18.1/nios2eds/bin/gnu/h-x86_64-mingw32/bin/../lib/gcc/nios2-elf/5.3.0/../../../../../H-x86_64-mingw32/nios2-elf/lib/mno-hw-mul\libsmallc.a(lib_a-memcmp.o)
 .debug_abbrev  0x000000000000169b       0x9c c:/intelfpga_lite/18.1/nios2eds/bin/gnu/h-x86_64-mingw32/bin/../lib/gcc/nios2-elf/5.3.0/../../../../../H-x86_64-mingw32/nios2-elf/lib/mno-hw-mul\libsmallc.a(lib_a-memcpy.o)
 .debug_abbrev  0x0000000000001737       0x7f c:/intelfpga_lite/18.1/nios2eds/bin/gnu/h-x86_64-mingw32/bin/../lib/gcc/nios2-elf/5.3.0/../../../../../H-x86_64-mingw32/nios2-elf/lib/mno-hw-mul\libsmallc.a(lib_a-strlen.o)
 .debug_abbrev  0x00000000000017b6      0x10e c:/intelfpga_lite/18.1/nios2eds/bin/gnu/h-x86_64-mingw32/bin/../lib/gcc/nios2-elf/5.3.0/mno-hw-mul\libgcc.a(lib2-divmod.o)

.debug_line     0x0000000000000000     0x19f1
 *(.debug_line)
 .debug_line    0x0000000000000000       0x66 ../HelloWorld_bsp//obj/HAL/src/crt0.o
 .debug_line    0x0000000000000066       0x76 obj/default/hello_world_small.o
 .debug_line    0x00000000000000dc       0xa4 ../HelloWorld_bsp/\libhal_bsp.a(alt_load.o)
 .debug_line    0x0000000000000180       0xbd ../HelloWorld_bsp/\libhal_bsp.a(alt_main.o)
 .debug_line    0x000000000000023d       0xa0 ../HelloWorld_bsp/\libhal_bsp.a(alt_putstr.o)
 .debug_line    0x00000000000002dd      0x17b ../HelloWorld_bsp/\libhal_bsp.a(alt_sys_init.o)
 .debug_line    0x0000000000000458       0xf0 ../HelloWorld_bsp/\libhal_bsp.a(altera_avalon_jtag_uart_write.o)
 .debug_line    0x0000000000000548      0x214 ../HelloWorld_bsp/\libhal_bsp.a(altera_modular_adc.o)
 .debug_line    0x000000000000075c      0x36f ../HelloWorld_bsp/\libhal_bsp.a(altera_onchip_flash.o)
 .debug_line    0x0000000000000acb       0xb3 ../HelloWorld_bsp/\libhal_bsp.a(alt_busy_sleep.o)
 .debug_line    0x0000000000000b7e       0x63 ../HelloWorld_bsp/\libhal_bsp.a(alt_dcache_flush.o)
 .debug_line    0x0000000000000be1       0x4e ../HelloWorld_bsp/\libhal_bsp.a(alt_dcache_flush_all.o)
 .debug_line    0x0000000000000c2f       0xd8 ../HelloWorld_bsp/\libhal_bsp.a(alt_dev_llist_insert.o)
 .debug_line    0x0000000000000d07       0x51 ../HelloWorld_bsp/\libhal_bsp.a(alt_errno.o)
 .debug_line    0x0000000000000d58      0x107 ../HelloWorld_bsp/\libhal_bsp.a(alt_find_dev.o)
 .debug_line    0x0000000000000e5f       0xdd ../HelloWorld_bsp/\libhal_bsp.a(alt_flash_dev.o)
 .debug_line    0x0000000000000f3c       0x4e ../HelloWorld_bsp/\libhal_bsp.a(alt_icache_flush_all.o)
 .debug_line    0x0000000000000f8a       0xf1 ../HelloWorld_bsp/\libhal_bsp.a(alt_iic.o)
 .debug_line    0x000000000000107b       0xd6 ../HelloWorld_bsp/\libhal_bsp.a(alt_iic_isr_register.o)
 .debug_line    0x0000000000001151       0x6b ../HelloWorld_bsp/\libhal_bsp.a(alt_irq_entry.o)
 .debug_line    0x00000000000011bc       0xa5 ../HelloWorld_bsp/\libhal_bsp.a(alt_irq_handler.o)
 .debug_line    0x0000000000001261       0x50 ../HelloWorld_bsp/\libhal_bsp.a(alt_irq_vars.o)
 .debug_line    0x00000000000012b1       0x50 ../HelloWorld_bsp/\libhal_bsp.a(altera_nios2_gen2_irq.o)
 .debug_line    0x0000000000001301       0xb3 ../HelloWorld_bsp/\libhal_bsp.a(alt_exception_entry.o)
 .debug_line    0x00000000000013b4       0xbf ../HelloWorld_bsp/\libhal_bsp.a(alt_instruction_exception_entry.o)
 .debug_line    0x0000000000001473       0x5f c:/intelfpga_lite/18.1/nios2eds/bin/gnu/h-x86_64-mingw32/bin/../lib/gcc/nios2-elf/5.3.0/../../../../../H-x86_64-mingw32/nios2-elf/lib/mno-hw-mul\libsmallc.a(lib_a-int_errno.o)
 .debug_line    0x00000000000014d2      0x160 c:/intelfpga_lite/18.1/nios2eds/bin/gnu/h-x86_64-mingw32/bin/../lib/gcc/nios2-elf/5.3.0/../../../../../H-x86_64-mingw32/nios2-elf/lib/mno-hw-mul\libsmallc.a(lib_a-memcmp.o)
 .debug_line    0x0000000000001632      0x15e c:/intelfpga_lite/18.1/nios2eds/bin/gnu/h-x86_64-mingw32/bin/../lib/gcc/nios2-elf/5.3.0/../../../../../H-x86_64-mingw32/nios2-elf/lib/mno-hw-mul\libsmallc.a(lib_a-memcpy.o)
 .debug_line    0x0000000000001790      0x15c c:/intelfpga_lite/18.1/nios2eds/bin/gnu/h-x86_64-mingw32/bin/../lib/gcc/nios2-elf/5.3.0/../../../../../H-x86_64-mingw32/nios2-elf/lib/mno-hw-mul\libsmallc.a(lib_a-strlen.o)
 .debug_line    0x00000000000018ec      0x105 c:/intelfpga_lite/18.1/nios2eds/bin/gnu/h-x86_64-mingw32/bin/../lib/gcc/nios2-elf/5.3.0/mno-hw-mul\libgcc.a(lib2-divmod.o)

.debug_frame    0x0000000000000000      0x724
 *(.debug_frame)
 .debug_frame   0x0000000000000000       0x28 obj/default/hello_world_small.o
 .debug_frame   0x0000000000000028       0x30 ../HelloWorld_bsp/\libhal_bsp.a(alt_load.o)
 .debug_frame   0x0000000000000058       0x2c ../HelloWorld_bsp/\libhal_bsp.a(alt_main.o)
 .debug_frame   0x0000000000000084       0x30 ../HelloWorld_bsp/\libhal_bsp.a(alt_putstr.o)
 .debug_frame   0x00000000000000b4       0x48 ../HelloWorld_bsp/\libhal_bsp.a(alt_sys_init.o)
 .debug_frame   0x00000000000000fc       0x20 ../HelloWorld_bsp/\libhal_bsp.a(altera_avalon_jtag_uart_write.o)
 .debug_frame   0x000000000000011c      0x15c ../HelloWorld_bsp/\libhal_bsp.a(altera_modular_adc.o)
 .debug_frame   0x0000000000000278      0x1b4 ../HelloWorld_bsp/\libhal_bsp.a(altera_onchip_flash.o)
 .debug_frame   0x000000000000042c       0x30 ../HelloWorld_bsp/\libhal_bsp.a(alt_busy_sleep.o)
 .debug_frame   0x000000000000045c       0x20 ../HelloWorld_bsp/\libhal_bsp.a(alt_dcache_flush.o)
 .debug_frame   0x000000000000047c       0x20 ../HelloWorld_bsp/\libhal_bsp.a(alt_dcache_flush_all.o)
 .debug_frame   0x000000000000049c       0x2c ../HelloWorld_bsp/\libhal_bsp.a(alt_dev_llist_insert.o)
 .debug_frame   0x00000000000004c8       0x3c ../HelloWorld_bsp/\libhal_bsp.a(alt_find_dev.o)
 .debug_frame   0x0000000000000504       0x4c ../HelloWorld_bsp/\libhal_bsp.a(alt_flash_dev.o)
 .debug_frame   0x0000000000000550       0x20 ../HelloWorld_bsp/\libhal_bsp.a(alt_icache_flush_all.o)
 .debug_frame   0x0000000000000570       0x50 ../HelloWorld_bsp/\libhal_bsp.a(alt_iic.o)
 .debug_frame   0x00000000000005c0       0x30 ../HelloWorld_bsp/\libhal_bsp.a(alt_iic_isr_register.o)
 .debug_frame   0x00000000000005f0       0x34 ../HelloWorld_bsp/\libhal_bsp.a(alt_irq_handler.o)
 .debug_frame   0x0000000000000624       0x20 ../HelloWorld_bsp/\libhal_bsp.a(altera_nios2_gen2_irq.o)
 .debug_frame   0x0000000000000644       0x30 ../HelloWorld_bsp/\libhal_bsp.a(alt_instruction_exception_entry.o)
 .debug_frame   0x0000000000000674       0x20 c:/intelfpga_lite/18.1/nios2eds/bin/gnu/h-x86_64-mingw32/bin/../lib/gcc/nios2-elf/5.3.0/../../../../../H-x86_64-mingw32/nios2-elf/lib/mno-hw-mul\libsmallc.a(lib_a-memcmp.o)
 .debug_frame   0x0000000000000694       0x20 c:/intelfpga_lite/18.1/nios2eds/bin/gnu/h-x86_64-mingw32/bin/../lib/gcc/nios2-elf/5.3.0/../../../../../H-x86_64-mingw32/nios2-elf/lib/mno-hw-mul\libsmallc.a(lib_a-memcpy.o)
 .debug_frame   0x00000000000006b4       0x20 c:/intelfpga_lite/18.1/nios2eds/bin/gnu/h-x86_64-mingw32/bin/../lib/gcc/nios2-elf/5.3.0/../../../../../H-x86_64-mingw32/nios2-elf/lib/mno-hw-mul\libsmallc.a(lib_a-strlen.o)
 .debug_frame   0x00000000000006d4       0x50 c:/intelfpga_lite/18.1/nios2eds/bin/gnu/h-x86_64-mingw32/bin/../lib/gcc/nios2-elf/5.3.0/mno-hw-mul\libgcc.a(lib2-divmod.o)

.debug_str      0x0000000000000000     0x1976
 *(.debug_str)
 .debug_str     0x0000000000000000      0x169 obj/default/hello_world_small.o
                                        0x1a2 (size before relaxing)
 .debug_str     0x0000000000000169      0x1dd ../HelloWorld_bsp/\libhal_bsp.a(alt_load.o)
                                        0x2af (size before relaxing)
 .debug_str     0x0000000000000346       0x8f ../HelloWorld_bsp/\libhal_bsp.a(alt_main.o)
                                        0x228 (size before relaxing)
 .debug_str     0x00000000000003d5       0x64 ../HelloWorld_bsp/\libhal_bsp.a(alt_putstr.o)
                                        0x203 (size before relaxing)
 .debug_str     0x0000000000000439      0x3f3 ../HelloWorld_bsp/\libhal_bsp.a(alt_sys_init.o)
                                        0x670 (size before relaxing)
 .debug_str     0x000000000000082c       0x32 ../HelloWorld_bsp/\libhal_bsp.a(altera_avalon_jtag_uart_write.o)
                                        0x288 (size before relaxing)
 .debug_str     0x000000000000085e      0x2f4 ../HelloWorld_bsp/\libhal_bsp.a(altera_modular_adc.o)
                                        0x5df (size before relaxing)
 .debug_str     0x0000000000000b52      0x2d9 ../HelloWorld_bsp/\libhal_bsp.a(altera_onchip_flash.o)
                                        0x7a1 (size before relaxing)
 .debug_str     0x0000000000000e2b       0x33 ../HelloWorld_bsp/\libhal_bsp.a(alt_busy_sleep.o)
                                        0x1de (size before relaxing)
 .debug_str     0x0000000000000e5e       0x1b ../HelloWorld_bsp/\libhal_bsp.a(alt_dcache_flush.o)
                                        0x1ce (size before relaxing)
 .debug_str     0x0000000000000e79       0x1f ../HelloWorld_bsp/\libhal_bsp.a(alt_dcache_flush_all.o)
                                        0x1c8 (size before relaxing)
 .debug_str     0x0000000000000e98       0x48 ../HelloWorld_bsp/\libhal_bsp.a(alt_dev_llist_insert.o)
                                        0x23f (size before relaxing)
 .debug_str     0x0000000000000ee0       0x14 ../HelloWorld_bsp/\libhal_bsp.a(alt_errno.o)
                                        0x1b8 (size before relaxing)
 .debug_str     0x0000000000000ef4       0x17 ../HelloWorld_bsp/\libhal_bsp.a(alt_find_dev.o)
                                        0x26d (size before relaxing)
 .debug_str     0x0000000000000f0b       0x3f ../HelloWorld_bsp/\libhal_bsp.a(alt_flash_dev.o)
                                        0x38b (size before relaxing)
 .debug_str     0x0000000000000f4a       0x1f ../HelloWorld_bsp/\libhal_bsp.a(alt_icache_flush_all.o)
                                        0x1c8 (size before relaxing)
 .debug_str     0x0000000000000f69       0xb8 ../HelloWorld_bsp/\libhal_bsp.a(alt_iic.o)
                                        0x2c6 (size before relaxing)
 .debug_str     0x0000000000001021       0x37 ../HelloWorld_bsp/\libhal_bsp.a(alt_iic_isr_register.o)
                                        0x280 (size before relaxing)
 .debug_str     0x0000000000001058       0x3a ../HelloWorld_bsp/\libhal_bsp.a(alt_irq_handler.o)
                                        0x20a (size before relaxing)
 .debug_str     0x0000000000001092       0x17 ../HelloWorld_bsp/\libhal_bsp.a(alt_irq_vars.o)
                                        0x1ad (size before relaxing)
 .debug_str     0x00000000000010a9       0x20 ../HelloWorld_bsp/\libhal_bsp.a(altera_nios2_gen2_irq.o)
                                        0x1cf (size before relaxing)
 .debug_str     0x00000000000010c9      0x48b ../HelloWorld_bsp/\libhal_bsp.a(alt_instruction_exception_entry.o)
                                        0x613 (size before relaxing)
 .debug_str     0x0000000000001554      0x134 c:/intelfpga_lite/18.1/nios2eds/bin/gnu/h-x86_64-mingw32/bin/../lib/gcc/nios2-elf/5.3.0/../../../../../H-x86_64-mingw32/nios2-elf/lib/mno-hw-mul\libsmallc.a(lib_a-int_errno.o)
                                        0x1d8 (size before relaxing)
 .debug_str     0x0000000000001688       0xd9 c:/intelfpga_lite/18.1/nios2eds/bin/gnu/h-x86_64-mingw32/bin/../lib/gcc/nios2-elf/5.3.0/../../../../../H-x86_64-mingw32/nios2-elf/lib/mno-hw-mul\libsmallc.a(lib_a-memcmp.o)
                                        0x1df (size before relaxing)
 .debug_str     0x0000000000001761       0x51 c:/intelfpga_lite/18.1/nios2eds/bin/gnu/h-x86_64-mingw32/bin/../lib/gcc/nios2-elf/5.3.0/../../../../../H-x86_64-mingw32/nios2-elf/lib/mno-hw-mul\libsmallc.a(lib_a-memcpy.o)
                                        0x1f3 (size before relaxing)
 .debug_str     0x00000000000017b2       0x3d c:/intelfpga_lite/18.1/nios2eds/bin/gnu/h-x86_64-mingw32/bin/../lib/gcc/nios2-elf/5.3.0/../../../../../H-x86_64-mingw32/nios2-elf/lib/mno-hw-mul\libsmallc.a(lib_a-strlen.o)
                                        0x1e5 (size before relaxing)
 .debug_str     0x00000000000017ef      0x187 c:/intelfpga_lite/18.1/nios2eds/bin/gnu/h-x86_64-mingw32/bin/../lib/gcc/nios2-elf/5.3.0/mno-hw-mul\libgcc.a(lib2-divmod.o)
                                        0x1d2 (size before relaxing)

.debug_loc      0x0000000000000000     0x1d0a
 *(.debug_loc)
 .debug_loc     0x0000000000000000       0x14 obj/default/hello_world_small.o
 .debug_loc     0x0000000000000014       0x37 ../HelloWorld_bsp/\libhal_bsp.a(alt_putstr.o)
 .debug_loc     0x000000000000004b       0x21 ../HelloWorld_bsp/\libhal_bsp.a(alt_sys_init.o)
 .debug_loc     0x000000000000006c       0x8b ../HelloWorld_bsp/\libhal_bsp.a(altera_avalon_jtag_uart_write.o)
 .debug_loc     0x00000000000000f7      0x3bc ../HelloWorld_bsp/\libhal_bsp.a(altera_modular_adc.o)
 .debug_loc     0x00000000000004b3      0xbbd ../HelloWorld_bsp/\libhal_bsp.a(altera_onchip_flash.o)
 .debug_loc     0x0000000000001070       0x75 ../HelloWorld_bsp/\libhal_bsp.a(alt_busy_sleep.o)
 .debug_loc     0x00000000000010e5       0x7e ../HelloWorld_bsp/\libhal_bsp.a(alt_dev_llist_insert.o)
 .debug_loc     0x0000000000001163       0x7e ../HelloWorld_bsp/\libhal_bsp.a(alt_find_dev.o)
 .debug_loc     0x00000000000011e1       0x9a ../HelloWorld_bsp/\libhal_bsp.a(alt_flash_dev.o)
 .debug_loc     0x000000000000127b      0x170 ../HelloWorld_bsp/\libhal_bsp.a(alt_iic.o)
 .debug_loc     0x00000000000013eb      0x193 ../HelloWorld_bsp/\libhal_bsp.a(alt_iic_isr_register.o)
 .debug_loc     0x000000000000157e       0x72 ../HelloWorld_bsp/\libhal_bsp.a(alt_irq_handler.o)
 .debug_loc     0x00000000000015f0       0x65 ../HelloWorld_bsp/\libhal_bsp.a(alt_instruction_exception_entry.o)
 .debug_loc     0x0000000000001655       0x94 c:/intelfpga_lite/18.1/nios2eds/bin/gnu/h-x86_64-mingw32/bin/../lib/gcc/nios2-elf/5.3.0/../../../../../H-x86_64-mingw32/nios2-elf/lib/mno-hw-mul\libsmallc.a(lib_a-memcmp.o)
 .debug_loc     0x00000000000016e9      0x135 c:/intelfpga_lite/18.1/nios2eds/bin/gnu/h-x86_64-mingw32/bin/../lib/gcc/nios2-elf/5.3.0/../../../../../H-x86_64-mingw32/nios2-elf/lib/mno-hw-mul\libsmallc.a(lib_a-memcpy.o)
 .debug_loc     0x000000000000181e       0x1e c:/intelfpga_lite/18.1/nios2eds/bin/gnu/h-x86_64-mingw32/bin/../lib/gcc/nios2-elf/5.3.0/../../../../../H-x86_64-mingw32/nios2-elf/lib/mno-hw-mul\libsmallc.a(lib_a-strlen.o)
 .debug_loc     0x000000000000183c      0x4ce c:/intelfpga_lite/18.1/nios2eds/bin/gnu/h-x86_64-mingw32/bin/../lib/gcc/nios2-elf/5.3.0/mno-hw-mul\libgcc.a(lib2-divmod.o)

.debug_macinfo
 *(.debug_macinfo)

.debug_weaknames
 *(.debug_weaknames)

.debug_funcnames
 *(.debug_funcnames)

.debug_typenames
 *(.debug_typenames)

.debug_varnames
 *(.debug_varnames)

.debug_alt_sim_info
                0x0000000000000000       0x40
 *(.debug_alt_sim_info)
 .debug_alt_sim_info
                0x0000000000000000       0x10 ../HelloWorld_bsp//obj/HAL/src/crt0.o
 .debug_alt_sim_info
                0x0000000000000010       0x30 ../HelloWorld_bsp/\libhal_bsp.a(alt_busy_sleep.o)
                0x0000000000008000                __alt_data_end = 0x8000
                0x0000000000008000                PROVIDE (__alt_stack_pointer, __alt_data_end)
                [!provide]                        PROVIDE (__alt_stack_limit, __alt_stack_base)
                [!provide]                        PROVIDE (__alt_heap_start, end)
                [!provide]                        PROVIDE (__alt_heap_limit, 0x8000)
OUTPUT(HelloWorld.elf elf32-littlenios2)

.debug_ranges   0x0000000000000000      0x1c0
 .debug_ranges  0x0000000000000000       0x20 ../HelloWorld_bsp//obj/HAL/src/crt0.o
 .debug_ranges  0x0000000000000020       0x10 obj/default/hello_world_small.o
 .debug_ranges  0x0000000000000030       0x48 ../HelloWorld_bsp/\libhal_bsp.a(alt_load.o)
 .debug_ranges  0x0000000000000078       0x18 ../HelloWorld_bsp/\libhal_bsp.a(altera_onchip_flash.o)
 .debug_ranges  0x0000000000000090       0x20 ../HelloWorld_bsp/\libhal_bsp.a(alt_dev_llist_insert.o)
 .debug_ranges  0x00000000000000b0       0x28 ../HelloWorld_bsp/\libhal_bsp.a(alt_irq_entry.o)
 .debug_ranges  0x00000000000000d8       0x10 ../HelloWorld_bsp/\libhal_bsp.a(alt_irq_handler.o)
 .debug_ranges  0x00000000000000e8       0x30 ../HelloWorld_bsp/\libhal_bsp.a(alt_exception_entry.o)
 .debug_ranges  0x0000000000000118       0x18 ../HelloWorld_bsp/\libhal_bsp.a(alt_instruction_exception_entry.o)
 .debug_ranges  0x0000000000000130       0x10 c:/intelfpga_lite/18.1/nios2eds/bin/gnu/h-x86_64-mingw32/bin/../lib/gcc/nios2-elf/5.3.0/../../../../../H-x86_64-mingw32/nios2-elf/lib/mno-hw-mul\libsmallc.a(lib_a-memcmp.o)
 .debug_ranges  0x0000000000000140       0x10 c:/intelfpga_lite/18.1/nios2eds/bin/gnu/h-x86_64-mingw32/bin/../lib/gcc/nios2-elf/5.3.0/../../../../../H-x86_64-mingw32/nios2-elf/lib/mno-hw-mul\libsmallc.a(lib_a-memcpy.o)
 .debug_ranges  0x0000000000000150       0x10 c:/intelfpga_lite/18.1/nios2eds/bin/gnu/h-x86_64-mingw32/bin/../lib/gcc/nios2-elf/5.3.0/../../../../../H-x86_64-mingw32/nios2-elf/lib/mno-hw-mul\libsmallc.a(lib_a-strlen.o)
 .debug_ranges  0x0000000000000160       0x60 c:/intelfpga_lite/18.1/nios2eds/bin/gnu/h-x86_64-mingw32/bin/../lib/gcc/nios2-elf/5.3.0/mno-hw-mul\libgcc.a(lib2-divmod.o)
