Archive member included to satisfy reference by file (symbol)

c:/intelfpga_lite/18.1/nios2eds/bin/gnu/h-x86_64-mingw32/bin/../lib/gcc/nios2-elf/5.3.0/mno-hw-mul\libgcc.a(lib2-divmod.o)
                              obj/default/hello_world_small.o (__divsi3)
c:/intelfpga_lite/18.1/nios2eds/bin/gnu/h-x86_64-mingw32/bin/../lib/gcc/nios2-elf/5.3.0/../../../../../H-x86_64-mingw32/nios2-elf/lib/mno-hw-mul\libsmallc.a(lib_a-printf.o)
                              obj/default/hello_world_small.o (printf)
c:/intelfpga_lite/18.1/nios2eds/bin/gnu/h-x86_64-mingw32/bin/../lib/gcc/nios2-elf/5.3.0/../../../../../H-x86_64-mingw32/nios2-elf/lib/mno-hw-mul\libsmallc.a(lib_a-puts.o)
                              obj/default/hello_world_small.o (puts)
c:/intelfpga_lite/18.1/nios2eds/bin/gnu/h-x86_64-mingw32/bin/../lib/gcc/nios2-elf/5.3.0/../../../../../H-x86_64-mingw32/nios2-elf/lib/mno-hw-mul\libsmallc.a(lib_a-strlen.o)
                              c:/intelfpga_lite/18.1/nios2eds/bin/gnu/h-x86_64-mingw32/bin/../lib/gcc/nios2-elf/5.3.0/../../../../../H-x86_64-mingw32/nios2-elf/lib/mno-hw-mul\libsmallc.a(lib_a-puts.o) (strlen)
c:/intelfpga_lite/18.1/nios2eds/bin/gnu/h-x86_64-mingw32/bin/../lib/gcc/nios2-elf/5.3.0/../../../../../H-x86_64-mingw32/nios2-elf/lib/mno-hw-mul\libsmallc.a(lib_a-vfprintf.o)
                              c:/intelfpga_lite/18.1/nios2eds/bin/gnu/h-x86_64-mingw32/bin/../lib/gcc/nios2-elf/5.3.0/../../../../../H-x86_64-mingw32/nios2-elf/lib/mno-hw-mul\libsmallc.a(lib_a-printf.o) (___vfprintf_internal_r)
c:/intelfpga_lite/18.1/nios2eds/bin/gnu/h-x86_64-mingw32/bin/../lib/gcc/nios2-elf/5.3.0/../../../../../H-x86_64-mingw32/nios2-elf/lib/mno-hw-mul\libsmallc.a(lib_a-fvwrite_small_dev.o)
                              c:/intelfpga_lite/18.1/nios2eds/bin/gnu/h-x86_64-mingw32/bin/../lib/gcc/nios2-elf/5.3.0/../../../../../H-x86_64-mingw32/nios2-elf/lib/mno-hw-mul\libsmallc.a(lib_a-printf.o) (__sfvwrite_small_dev)
c:/intelfpga_lite/18.1/nios2eds/bin/gnu/h-x86_64-mingw32/bin/../lib/gcc/nios2-elf/5.3.0/../../../../../H-x86_64-mingw32/nios2-elf/lib/mno-hw-mul\libsmallc.a(lib_a-impure.o)
                              c:/intelfpga_lite/18.1/nios2eds/bin/gnu/h-x86_64-mingw32/bin/../lib/gcc/nios2-elf/5.3.0/../../../../../H-x86_64-mingw32/nios2-elf/lib/mno-hw-mul\libsmallc.a(lib_a-printf.o) (_impure_ptr)
c:/intelfpga_lite/18.1/nios2eds/bin/gnu/h-x86_64-mingw32/bin/../lib/gcc/nios2-elf/5.3.0/../../../../../H-x86_64-mingw32/nios2-elf/lib/mno-hw-mul\libsmallc.a(lib_a-writer.o)
                              c:/intelfpga_lite/18.1/nios2eds/bin/gnu/h-x86_64-mingw32/bin/../lib/gcc/nios2-elf/5.3.0/../../../../../H-x86_64-mingw32/nios2-elf/lib/mno-hw-mul\libsmallc.a(lib_a-fvwrite_small_dev.o) (_write_r)
c:/intelfpga_lite/18.1/nios2eds/bin/gnu/h-x86_64-mingw32/bin/../lib/gcc/nios2-elf/5.3.0/../../../../../H-x86_64-mingw32/nios2-elf/lib/mno-hw-mul\libsmallc.a(lib_a-int_errno.o)
                              c:/intelfpga_lite/18.1/nios2eds/bin/gnu/h-x86_64-mingw32/bin/../lib/gcc/nios2-elf/5.3.0/../../../../../H-x86_64-mingw32/nios2-elf/lib/mno-hw-mul\libsmallc.a(lib_a-writer.o) (errno)
c:/intelfpga_lite/18.1/nios2eds/bin/gnu/h-x86_64-mingw32/bin/../lib/gcc/nios2-elf/5.3.0/mno-hw-mul\libgcc.a(lib2-mul.o)
                              c:/intelfpga_lite/18.1/nios2eds/bin/gnu/h-x86_64-mingw32/bin/../lib/gcc/nios2-elf/5.3.0/../../../../../H-x86_64-mingw32/nios2-elf/lib/mno-hw-mul\libsmallc.a(lib_a-vfprintf.o) (__mulsi3)
../HelloWorld_bsp/\libhal_bsp.a(alt_load.o)
                              ../HelloWorld_bsp//obj/HAL/src/crt0.o (alt_load)
../HelloWorld_bsp/\libhal_bsp.a(alt_main.o)
                              ../HelloWorld_bsp//obj/HAL/src/crt0.o (alt_main)
../HelloWorld_bsp/\libhal_bsp.a(alt_usleep.o)
                              obj/default/hello_world_small.o (usleep)
../HelloWorld_bsp/\libhal_bsp.a(alt_write.o)
                              c:/intelfpga_lite/18.1/nios2eds/bin/gnu/h-x86_64-mingw32/bin/../lib/gcc/nios2-elf/5.3.0/../../../../../H-x86_64-mingw32/nios2-elf/lib/mno-hw-mul\libsmallc.a(lib_a-writer.o) (write)
../HelloWorld_bsp/\libhal_bsp.a(alt_sys_init.o)
                              ../HelloWorld_bsp/\libhal_bsp.a(alt_main.o) (alt_irq_init)
../HelloWorld_bsp/\libhal_bsp.a(altera_avalon_jtag_uart_write.o)
                              ../HelloWorld_bsp/\libhal_bsp.a(alt_write.o) (altera_avalon_jtag_uart_write)
../HelloWorld_bsp/\libhal_bsp.a(altera_avalon_spi.o)
                              obj/default/hello_world_small.o (alt_avalon_spi_command)
../HelloWorld_bsp/\libhal_bsp.a(altera_modular_adc.o)
                              ../HelloWorld_bsp/\libhal_bsp.a(alt_sys_init.o) (altera_modular_adc_init)
../HelloWorld_bsp/\libhal_bsp.a(altera_onchip_flash.o)
                              ../HelloWorld_bsp/\libhal_bsp.a(alt_sys_init.o) (alt_onchip_flash_read)
../HelloWorld_bsp/\libhal_bsp.a(alt_busy_sleep.o)
                              ../HelloWorld_bsp/\libhal_bsp.a(alt_usleep.o) (alt_busy_sleep)
../HelloWorld_bsp/\libhal_bsp.a(alt_dcache_flush.o)
                              ../HelloWorld_bsp/\libhal_bsp.a(altera_onchip_flash.o) (alt_dcache_flush)
../HelloWorld_bsp/\libhal_bsp.a(alt_dcache_flush_all.o)
                              ../HelloWorld_bsp/\libhal_bsp.a(alt_load.o) (alt_dcache_flush_all)
../HelloWorld_bsp/\libhal_bsp.a(alt_dev_llist_insert.o)
                              ../HelloWorld_bsp/\libhal_bsp.a(altera_modular_adc.o) (alt_dev_llist_insert)
../HelloWorld_bsp/\libhal_bsp.a(alt_errno.o)
                              ../HelloWorld_bsp/\libhal_bsp.a(alt_write.o) (alt_errno)
../HelloWorld_bsp/\libhal_bsp.a(alt_find_dev.o)
                              ../HelloWorld_bsp/\libhal_bsp.a(altera_modular_adc.o) (alt_find_dev)
../HelloWorld_bsp/\libhal_bsp.a(alt_flash_dev.o)
                              ../HelloWorld_bsp/\libhal_bsp.a(altera_onchip_flash.o) (alt_flash_dev_list)
../HelloWorld_bsp/\libhal_bsp.a(alt_icache_flush_all.o)
                              ../HelloWorld_bsp/\libhal_bsp.a(alt_load.o) (alt_icache_flush_all)
../HelloWorld_bsp/\libhal_bsp.a(alt_iic.o)
                              ../HelloWorld_bsp/\libhal_bsp.a(altera_modular_adc.o) (alt_ic_isr_register)
../HelloWorld_bsp/\libhal_bsp.a(alt_iic_isr_register.o)
                              ../HelloWorld_bsp/\libhal_bsp.a(alt_iic.o) (alt_iic_isr_register)
../HelloWorld_bsp/\libhal_bsp.a(alt_irq_entry.o)
                              ../HelloWorld_bsp/\libhal_bsp.a(alt_iic_isr_register.o) (alt_irq_entry)
../HelloWorld_bsp/\libhal_bsp.a(alt_irq_handler.o)
                              ../HelloWorld_bsp/\libhal_bsp.a(alt_iic_isr_register.o) (alt_irq_handler)
../HelloWorld_bsp/\libhal_bsp.a(alt_irq_vars.o)
                              ../HelloWorld_bsp/\libhal_bsp.a(alt_iic.o) (alt_irq_active)
../HelloWorld_bsp/\libhal_bsp.a(altera_nios2_gen2_irq.o)
                              ../HelloWorld_bsp/\libhal_bsp.a(alt_sys_init.o) (altera_nios2_gen2_irq_init)
../HelloWorld_bsp/\libhal_bsp.a(alt_exception_entry.o)
                              ../HelloWorld_bsp/\libhal_bsp.a(alt_irq_entry.o) (alt_exception)
../HelloWorld_bsp/\libhal_bsp.a(alt_instruction_exception_entry.o)
                              ../HelloWorld_bsp/\libhal_bsp.a(alt_exception_entry.o) (alt_instruction_exception_entry)
c:/intelfpga_lite/18.1/nios2eds/bin/gnu/h-x86_64-mingw32/bin/../lib/gcc/nios2-elf/5.3.0/../../../../../H-x86_64-mingw32/nios2-elf/lib/mno-hw-mul\libsmallc.a(lib_a-memcmp.o)
                              ../HelloWorld_bsp/\libhal_bsp.a(altera_onchip_flash.o) (memcmp)
c:/intelfpga_lite/18.1/nios2eds/bin/gnu/h-x86_64-mingw32/bin/../lib/gcc/nios2-elf/5.3.0/../../../../../H-x86_64-mingw32/nios2-elf/lib/mno-hw-mul\libsmallc.a(lib_a-memcpy.o)
                              ../HelloWorld_bsp/\libhal_bsp.a(altera_onchip_flash.o) (memcpy)

Allocating common symbols
Common symbol       size              file

alt_irq             0x100             ../HelloWorld_bsp/\libhal_bsp.a(alt_irq_handler.o)
errno               0x4               c:/intelfpga_lite/18.1/nios2eds/bin/gnu/h-x86_64-mingw32/bin/../lib/gcc/nios2-elf/5.3.0/../../../../../H-x86_64-mingw32/nios2-elf/lib/mno-hw-mul\libsmallc.a(lib_a-int_errno.o)

Memory Configuration

Name             Origin             Length             Attributes
onchip_flash_data 0x0000000000080000 0x000000000004e000
reset            0x0000000000104000 0x0000000000000020
onchip_ram       0x0000000000104020 0x0000000000003fe0
*default*        0x0000000000000000 0xffffffffffffffff

Linker script and memory map

LOAD ../HelloWorld_bsp//obj/HAL/src/crt0.o
LOAD obj/default/hello_world_small.o
LOAD c:/intelfpga_lite/18.1/nios2eds/bin/gnu/h-x86_64-mingw32/bin/../lib/gcc/nios2-elf/5.3.0/../../../../../H-x86_64-mingw32/nios2-elf/lib/mno-hw-mul\libstdc++.a
LOAD c:/intelfpga_lite/18.1/nios2eds/bin/gnu/h-x86_64-mingw32/bin/../lib/gcc/nios2-elf/5.3.0/../../../../../H-x86_64-mingw32/nios2-elf/lib/mno-hw-mul\libm.a
LOAD c:/intelfpga_lite/18.1/nios2eds/bin/gnu/h-x86_64-mingw32/bin/../lib/gcc/nios2-elf/5.3.0/mno-hw-mul\libgcc.a
START GROUP
LOAD c:/intelfpga_lite/18.1/nios2eds/bin/gnu/h-x86_64-mingw32/bin/../lib/gcc/nios2-elf/5.3.0/../../../../../H-x86_64-mingw32/nios2-elf/lib/mno-hw-mul\libsmallc.a
LOAD c:/intelfpga_lite/18.1/nios2eds/bin/gnu/h-x86_64-mingw32/bin/../lib/gcc/nios2-elf/5.3.0/mno-hw-mul\libgcc.a
LOAD ../HelloWorld_bsp/\libhal_bsp.a
LOAD c:/intelfpga_lite/18.1/nios2eds/bin/gnu/h-x86_64-mingw32/bin/../lib/gcc/nios2-elf/5.3.0/../../../../../H-x86_64-mingw32/nios2-elf/lib/mno-hw-mul\libm.a
END GROUP
LOAD c:/intelfpga_lite/18.1/nios2eds/bin/gnu/h-x86_64-mingw32/bin/../lib/gcc/nios2-elf/5.3.0/mno-hw-mul\libgcc.a
                0x0000000000080000                __alt_mem_onchip_flash_data = 0x80000
                0x0000000000104000                __alt_mem_onchip_ram = 0x104000

.entry          0x0000000000104000       0x20
 *(.entry)
 .entry         0x0000000000104000       0x20 ../HelloWorld_bsp//obj/HAL/src/crt0.o
                0x0000000000104000                __reset
                0x000000000010400c                _exit

.exceptions     0x0000000000104020      0x160
                0x0000000000104020                PROVIDE (__ram_exceptions_start, ABSOLUTE (.))
                0x0000000000104020                . = ALIGN (0x20)
 *(.irq)
 *(.exceptions.entry.label)
 .exceptions.entry.label
                0x0000000000104020        0x0 ../HelloWorld_bsp/\libhal_bsp.a(alt_irq_entry.o)
                0x0000000000104020                alt_irq_entry
 .exceptions.entry.label
                0x0000000000104020        0x0 ../HelloWorld_bsp/\libhal_bsp.a(alt_exception_entry.o)
                0x0000000000104020                alt_exception
 *(.exceptions.entry.user)
 *(.exceptions.entry.ecc_fatal)
 *(.exceptions.entry)
 .exceptions.entry
                0x0000000000104020       0x54 ../HelloWorld_bsp/\libhal_bsp.a(alt_exception_entry.o)
 *(.exceptions.irqtest.user)
 *(.exceptions.irqtest)
 .exceptions.irqtest
                0x0000000000104074       0x10 ../HelloWorld_bsp/\libhal_bsp.a(alt_irq_entry.o)
 *(.exceptions.irqhandler.user)
 *(.exceptions.irqhandler)
 .exceptions.irqhandler
                0x0000000000104084        0x4 ../HelloWorld_bsp/\libhal_bsp.a(alt_irq_entry.o)
 *(.exceptions.irqreturn.user)
 *(.exceptions.irqreturn)
 .exceptions.irqreturn
                0x0000000000104088        0x4 ../HelloWorld_bsp/\libhal_bsp.a(alt_irq_entry.o)
 *(.exceptions.notirq.label)
 .exceptions.notirq.label
                0x000000000010408c        0x0 ../HelloWorld_bsp/\libhal_bsp.a(alt_irq_entry.o)
 *(.exceptions.notirq.user)
 *(.exceptions.notirq)
 .exceptions.notirq
                0x000000000010408c        0x8 ../HelloWorld_bsp/\libhal_bsp.a(alt_exception_entry.o)
 *(.exceptions.soft.user)
 *(.exceptions.soft)
 *(.exceptions.unknown.user)
 *(.exceptions.unknown)
 .exceptions.unknown
                0x0000000000104094       0x14 ../HelloWorld_bsp/\libhal_bsp.a(alt_exception_entry.o)
 *(.exceptions.exit.label)
 .exceptions.exit.label
                0x00000000001040a8        0x0 ../HelloWorld_bsp/\libhal_bsp.a(alt_irq_entry.o)
 .exceptions.exit.label
                0x00000000001040a8        0x0 ../HelloWorld_bsp/\libhal_bsp.a(alt_exception_entry.o)
 *(.exceptions.exit.user)
 *(.exceptions.exit)
 .exceptions.exit
                0x00000000001040a8       0x54 ../HelloWorld_bsp/\libhal_bsp.a(alt_exception_entry.o)
 *(.exceptions)
 .exceptions    0x00000000001040fc       0x60 ../HelloWorld_bsp/\libhal_bsp.a(alt_irq_handler.o)
                0x00000000001040fc                alt_irq_handler
 .exceptions    0x000000000010415c       0x24 ../HelloWorld_bsp/\libhal_bsp.a(alt_instruction_exception_entry.o)
                0x000000000010415c                alt_instruction_exception_entry
                0x0000000000104180                PROVIDE (__ram_exceptions_end, ABSOLUTE (.))
                0x0000000000104020                PROVIDE (__flash_exceptions_start, LOADADDR (.exceptions))

.text           0x0000000000104180     0x1dac
                [!provide]                        PROVIDE (stext, ABSOLUTE (.))
 *(.interp)
 *(.hash)
 *(.dynsym)
 *(.dynstr)
 *(.gnu.version)
 *(.gnu.version_d)
 *(.gnu.version_r)
 *(.rel.init)
 *(.rela.init)
 *(.rel.text .rel.text.* .rel.gnu.linkonce.t.*)
 *(.rela.text .rela.text.* .rela.gnu.linkonce.t.*)
 *(.rel.fini)
 *(.rela.fini)
 *(.rel.rodata .rel.rodata.* .rel.gnu.linkonce.r.*)
 *(.rela.rodata .rela.rodata.* .rela.gnu.linkonce.r.*)
 *(.rel.data .rel.data.* .rel.gnu.linkonce.d.*)
 *(.rela.data .rela.data.* .rela.gnu.linkonce.d.*)
 *(.rel.tdata .rel.tdata.* .rel.gnu.linkonce.td.*)
 *(.rela.tdata .rela.tdata.* .rela.gnu.linkonce.td.*)
 *(.rel.tbss .rel.tbss.* .rel.gnu.linkonce.tb.*)
 *(.rela.tbss .rela.tbss.* .rela.gnu.linkonce.tb.*)
 *(.rel.ctors)
 *(.rela.ctors)
 *(.rel.dtors)
 *(.rela.dtors)
 *(.rel.got)
 *(.rela.got)
 *(.rel.sdata .rel.sdata.* .rel.gnu.linkonce.s.*)
 *(.rela.sdata .rela.sdata.* .rela.gnu.linkonce.s.*)
 *(.rel.sbss .rel.sbss.* .rel.gnu.linkonce.sb.*)
 *(.rela.sbss .rela.sbss.* .rela.gnu.linkonce.sb.*)
 *(.rel.sdata2 .rel.sdata2.* .rel.gnu.linkonce.s2.*)
 *(.rela.sdata2 .rela.sdata2.* .rela.gnu.linkonce.s2.*)
 *(.rel.sbss2 .rel.sbss2.* .rel.gnu.linkonce.sb2.*)
 *(.rela.sbss2 .rela.sbss2.* .rela.gnu.linkonce.sb2.*)
 *(.rel.bss .rel.bss.* .rel.gnu.linkonce.b.*)
 *(.rela.bss .rela.bss.* .rela.gnu.linkonce.b.*)
 *(.rel.plt)
 *(.rela.plt)
 *(.rel.dyn)
 *(.init)
 *(.plt)
 *(.text .stub .text.* .gnu.linkonce.t.*)
 .text          0x0000000000104180       0x3c ../HelloWorld_bsp//obj/HAL/src/crt0.o
                0x0000000000104180                _start
 .text          0x00000000001041bc       0xa0 obj/default/hello_world_small.o
                0x00000000001041bc                init_LIS3DH
 .text.startup  0x000000000010425c      0x210 obj/default/hello_world_small.o
                0x000000000010425c                main
 .text          0x000000000010446c      0x1b4 c:/intelfpga_lite/18.1/nios2eds/bin/gnu/h-x86_64-mingw32/bin/../lib/gcc/nios2-elf/5.3.0/mno-hw-mul\libgcc.a(lib2-divmod.o)
                0x000000000010446c                __divsi3
                0x00000000001044f0                __modsi3
                0x0000000000104564                __udivsi3
                0x00000000001045c8                __umodsi3
 .text          0x0000000000104620        0x0 c:/intelfpga_lite/18.1/nios2eds/bin/gnu/h-x86_64-mingw32/bin/../lib/gcc/nios2-elf/5.3.0/../../../../../H-x86_64-mingw32/nios2-elf/lib/mno-hw-mul\libsmallc.a(lib_a-printf.o)
 .text._printf_r
                0x0000000000104620       0x3c c:/intelfpga_lite/18.1/nios2eds/bin/gnu/h-x86_64-mingw32/bin/../lib/gcc/nios2-elf/5.3.0/../../../../../H-x86_64-mingw32/nios2-elf/lib/mno-hw-mul\libsmallc.a(lib_a-printf.o)
                0x0000000000104620                _printf_r
 .text.printf   0x000000000010465c       0x4c c:/intelfpga_lite/18.1/nios2eds/bin/gnu/h-x86_64-mingw32/bin/../lib/gcc/nios2-elf/5.3.0/../../../../../H-x86_64-mingw32/nios2-elf/lib/mno-hw-mul\libsmallc.a(lib_a-printf.o)
                0x000000000010465c                printf
 .text          0x00000000001046a8        0x0 c:/intelfpga_lite/18.1/nios2eds/bin/gnu/h-x86_64-mingw32/bin/../lib/gcc/nios2-elf/5.3.0/../../../../../H-x86_64-mingw32/nios2-elf/lib/mno-hw-mul\libsmallc.a(lib_a-puts.o)
 .text._puts_r  0x00000000001046a8       0x80 c:/intelfpga_lite/18.1/nios2eds/bin/gnu/h-x86_64-mingw32/bin/../lib/gcc/nios2-elf/5.3.0/../../../../../H-x86_64-mingw32/nios2-elf/lib/mno-hw-mul\libsmallc.a(lib_a-puts.o)
                0x00000000001046a8                _puts_r
 .text.puts     0x0000000000104728       0x14 c:/intelfpga_lite/18.1/nios2eds/bin/gnu/h-x86_64-mingw32/bin/../lib/gcc/nios2-elf/5.3.0/../../../../../H-x86_64-mingw32/nios2-elf/lib/mno-hw-mul\libsmallc.a(lib_a-puts.o)
                0x0000000000104728                puts
 .text          0x000000000010473c        0x0 c:/intelfpga_lite/18.1/nios2eds/bin/gnu/h-x86_64-mingw32/bin/../lib/gcc/nios2-elf/5.3.0/../../../../../H-x86_64-mingw32/nios2-elf/lib/mno-hw-mul\libsmallc.a(lib_a-strlen.o)
 .text.strlen   0x000000000010473c       0x1c c:/intelfpga_lite/18.1/nios2eds/bin/gnu/h-x86_64-mingw32/bin/../lib/gcc/nios2-elf/5.3.0/../../../../../H-x86_64-mingw32/nios2-elf/lib/mno-hw-mul\libsmallc.a(lib_a-strlen.o)
                0x000000000010473c                strlen
 .text          0x0000000000104758        0x0 c:/intelfpga_lite/18.1/nios2eds/bin/gnu/h-x86_64-mingw32/bin/../lib/gcc/nios2-elf/5.3.0/../../../../../H-x86_64-mingw32/nios2-elf/lib/mno-hw-mul\libsmallc.a(lib_a-vfprintf.o)
 .text.print_repeat
                0x0000000000104758       0x6c c:/intelfpga_lite/18.1/nios2eds/bin/gnu/h-x86_64-mingw32/bin/../lib/gcc/nios2-elf/5.3.0/../../../../../H-x86_64-mingw32/nios2-elf/lib/mno-hw-mul\libsmallc.a(lib_a-vfprintf.o)
 .text.___vfprintf_internal_r
                0x00000000001047c4      0x52c c:/intelfpga_lite/18.1/nios2eds/bin/gnu/h-x86_64-mingw32/bin/../lib/gcc/nios2-elf/5.3.0/../../../../../H-x86_64-mingw32/nios2-elf/lib/mno-hw-mul\libsmallc.a(lib_a-vfprintf.o)
                0x00000000001047c4                ___vfprintf_internal_r
 .text.__vfprintf_internal
                0x0000000000104cf0       0x1c c:/intelfpga_lite/18.1/nios2eds/bin/gnu/h-x86_64-mingw32/bin/../lib/gcc/nios2-elf/5.3.0/../../../../../H-x86_64-mingw32/nios2-elf/lib/mno-hw-mul\libsmallc.a(lib_a-vfprintf.o)
                0x0000000000104cf0                __vfprintf_internal
 .text          0x0000000000104d0c        0x0 c:/intelfpga_lite/18.1/nios2eds/bin/gnu/h-x86_64-mingw32/bin/../lib/gcc/nios2-elf/5.3.0/../../../../../H-x86_64-mingw32/nios2-elf/lib/mno-hw-mul\libsmallc.a(lib_a-fvwrite_small_dev.o)
 .text.__sfvwrite_small_dev
                0x0000000000104d0c       0xb8 c:/intelfpga_lite/18.1/nios2eds/bin/gnu/h-x86_64-mingw32/bin/../lib/gcc/nios2-elf/5.3.0/../../../../../H-x86_64-mingw32/nios2-elf/lib/mno-hw-mul\libsmallc.a(lib_a-fvwrite_small_dev.o)
                0x0000000000104d0c                __sfvwrite_small_dev
 .text          0x0000000000104dc4        0x0 c:/intelfpga_lite/18.1/nios2eds/bin/gnu/h-x86_64-mingw32/bin/../lib/gcc/nios2-elf/5.3.0/../../../../../H-x86_64-mingw32/nios2-elf/lib/mno-hw-mul\libsmallc.a(lib_a-impure.o)
 .text          0x0000000000104dc4        0x0 c:/intelfpga_lite/18.1/nios2eds/bin/gnu/h-x86_64-mingw32/bin/../lib/gcc/nios2-elf/5.3.0/../../../../../H-x86_64-mingw32/nios2-elf/lib/mno-hw-mul\libsmallc.a(lib_a-writer.o)
 .text._write_r
                0x0000000000104dc4       0x58 c:/intelfpga_lite/18.1/nios2eds/bin/gnu/h-x86_64-mingw32/bin/../lib/gcc/nios2-elf/5.3.0/../../../../../H-x86_64-mingw32/nios2-elf/lib/mno-hw-mul\libsmallc.a(lib_a-writer.o)
                0x0000000000104dc4                _write_r
 .text          0x0000000000104e1c        0x0 c:/intelfpga_lite/18.1/nios2eds/bin/gnu/h-x86_64-mingw32/bin/../lib/gcc/nios2-elf/5.3.0/../../../../../H-x86_64-mingw32/nios2-elf/lib/mno-hw-mul\libsmallc.a(lib_a-int_errno.o)
 .text          0x0000000000104e1c       0x28 c:/intelfpga_lite/18.1/nios2eds/bin/gnu/h-x86_64-mingw32/bin/../lib/gcc/nios2-elf/5.3.0/mno-hw-mul\libgcc.a(lib2-mul.o)
                0x0000000000104e1c                __mulsi3
 .text          0x0000000000104e44       0xe0 ../HelloWorld_bsp/\libhal_bsp.a(alt_load.o)
                0x0000000000104e44                alt_load
 .text          0x0000000000104f24       0x2c ../HelloWorld_bsp/\libhal_bsp.a(alt_main.o)
                0x0000000000104f24                alt_main
 .text          0x0000000000104f50        0x4 ../HelloWorld_bsp/\libhal_bsp.a(alt_usleep.o)
                0x0000000000104f50                usleep
 .text          0x0000000000104f54       0x60 ../HelloWorld_bsp/\libhal_bsp.a(alt_write.o)
                0x0000000000104f54                write
 .text          0x0000000000104fb4       0x50 ../HelloWorld_bsp/\libhal_bsp.a(alt_sys_init.o)
                0x0000000000104fb4                alt_irq_init
                0x0000000000104fd4                alt_sys_init
 .text          0x0000000000105004       0x34 ../HelloWorld_bsp/\libhal_bsp.a(altera_avalon_jtag_uart_write.o)
                0x0000000000105004                altera_avalon_jtag_uart_write
 .text          0x0000000000105038       0xe8 ../HelloWorld_bsp/\libhal_bsp.a(altera_avalon_spi.o)
                0x0000000000105038                alt_avalon_spi_command
 .text          0x0000000000105120      0x264 ../HelloWorld_bsp/\libhal_bsp.a(altera_modular_adc.o)
                0x0000000000105120                alt_adc_word_read
                0x0000000000105158                altera_modular_adc_init
                0x00000000001051bc                altera_modular_adc_open
                0x00000000001051c4                adc_stop
                0x00000000001051e4                adc_start
                0x00000000001051f4                adc_set_mode_run_once
                0x000000000010520c                adc_set_mode_run_continuously
                0x0000000000105220                adc_recalibrate
                0x0000000000105274                adc_interrupt_enable
                0x0000000000105288                adc_interrupt_disable
                0x00000000001052a0                adc_clear_interrupt_status
                0x000000000010530c                alt_adc_register_callback
                0x0000000000105360                adc_interrupt_asserted
                0x0000000000105370                adc_wait_for_interrupt
 .text          0x0000000000105384      0x818 ../HelloWorld_bsp/\libhal_bsp.a(altera_onchip_flash.o)
                0x0000000000105384                alt_onchip_flash_read
                0x00000000001053f4                alt_onchip_flash_get_info
                0x0000000000105438                alt_onchip_flash_write
                0x00000000001055bc                altera_onchip_flash_init
                0x00000000001057f0                alt_onchip_flash_poll_for_status_to_go_idle
                0x0000000000105844                alt_onchip_flash_poll_for_status_erase_passed
                0x00000000001058a0                alt_onchip_flash_erase_block
                0x000000000010598c                alt_onchip_flash_poll_for_status_write_passed
                0x00000000001059e8                alt_onchip_flash_write_block
 .text          0x0000000000105b9c       0x78 ../HelloWorld_bsp/\libhal_bsp.a(alt_busy_sleep.o)
                0x0000000000105b9c                alt_busy_sleep
 .text          0x0000000000105c14        0x4 ../HelloWorld_bsp/\libhal_bsp.a(alt_dcache_flush.o)
                0x0000000000105c14                alt_dcache_flush
 .text          0x0000000000105c18        0x4 ../HelloWorld_bsp/\libhal_bsp.a(alt_dcache_flush_all.o)
                0x0000000000105c18                alt_dcache_flush_all
 .text          0x0000000000105c1c       0x6c ../HelloWorld_bsp/\libhal_bsp.a(alt_dev_llist_insert.o)
                0x0000000000105c1c                alt_dev_llist_insert
 .text          0x0000000000105c88        0x0 ../HelloWorld_bsp/\libhal_bsp.a(alt_errno.o)
 .text          0x0000000000105c88       0x74 ../HelloWorld_bsp/\libhal_bsp.a(alt_find_dev.o)
                0x0000000000105c88                alt_find_dev
 .text          0x0000000000105cfc       0x64 ../HelloWorld_bsp/\libhal_bsp.a(alt_flash_dev.o)
                0x0000000000105cfc                alt_flash_open_dev
                0x0000000000105d4c                alt_flash_close_dev
 .text          0x0000000000105d60        0x4 ../HelloWorld_bsp/\libhal_bsp.a(alt_icache_flush_all.o)
                0x0000000000105d60                alt_icache_flush_all
 .text          0x0000000000105d64       0x8c ../HelloWorld_bsp/\libhal_bsp.a(alt_iic.o)
                0x0000000000105d64                alt_ic_isr_register
                0x0000000000105d68                alt_ic_irq_enable
                0x0000000000105da0                alt_ic_irq_disable
                0x0000000000105dd8                alt_ic_irq_enabled
 .text          0x0000000000105df0       0x68 ../HelloWorld_bsp/\libhal_bsp.a(alt_iic_isr_register.o)
                0x0000000000105df0                alt_iic_isr_register
 .text          0x0000000000105e58        0x0 ../HelloWorld_bsp/\libhal_bsp.a(alt_irq_entry.o)
 .text          0x0000000000105e58        0x0 ../HelloWorld_bsp/\libhal_bsp.a(alt_irq_handler.o)
 .text          0x0000000000105e58        0x0 ../HelloWorld_bsp/\libhal_bsp.a(alt_irq_vars.o)
 .text          0x0000000000105e58        0x8 ../HelloWorld_bsp/\libhal_bsp.a(altera_nios2_gen2_irq.o)
                0x0000000000105e58                altera_nios2_gen2_irq_init
 .text          0x0000000000105e60        0x0 ../HelloWorld_bsp/\libhal_bsp.a(alt_exception_entry.o)
 .text          0x0000000000105e60       0x74 ../HelloWorld_bsp/\libhal_bsp.a(alt_instruction_exception_entry.o)
                0x0000000000105e60                alt_exception_cause_generated_bad_addr
 .text          0x0000000000105ed4        0x0 c:/intelfpga_lite/18.1/nios2eds/bin/gnu/h-x86_64-mingw32/bin/../lib/gcc/nios2-elf/5.3.0/../../../../../H-x86_64-mingw32/nios2-elf/lib/mno-hw-mul\libsmallc.a(lib_a-memcmp.o)
 .text.memcmp   0x0000000000105ed4       0x30 c:/intelfpga_lite/18.1/nios2eds/bin/gnu/h-x86_64-mingw32/bin/../lib/gcc/nios2-elf/5.3.0/../../../../../H-x86_64-mingw32/nios2-elf/lib/mno-hw-mul\libsmallc.a(lib_a-memcmp.o)
                0x0000000000105ed4                memcmp
 .text          0x0000000000105f04        0x0 c:/intelfpga_lite/18.1/nios2eds/bin/gnu/h-x86_64-mingw32/bin/../lib/gcc/nios2-elf/5.3.0/../../../../../H-x86_64-mingw32/nios2-elf/lib/mno-hw-mul\libsmallc.a(lib_a-memcpy.o)
 .text.memcpy   0x0000000000105f04       0x28 c:/intelfpga_lite/18.1/nios2eds/bin/gnu/h-x86_64-mingw32/bin/../lib/gcc/nios2-elf/5.3.0/../../../../../H-x86_64-mingw32/nios2-elf/lib/mno-hw-mul\libsmallc.a(lib_a-memcpy.o)
                0x0000000000105f04                memcpy
 *(.gnu.warning.*)
 *(.fini)
                [!provide]                        PROVIDE (__etext, ABSOLUTE (.))
                [!provide]                        PROVIDE (_etext, ABSOLUTE (.))
                [!provide]                        PROVIDE (etext, ABSOLUTE (.))
 *(.eh_frame_hdr)
                0x0000000000105f2c                . = ALIGN (0x4)
                [!provide]                        PROVIDE (__preinit_array_start, ABSOLUTE (.))
 *(.preinit_array)
                [!provide]                        PROVIDE (__preinit_array_end, ABSOLUTE (.))
                [!provide]                        PROVIDE (__init_array_start, ABSOLUTE (.))
 *(.init_array)
                [!provide]                        PROVIDE (__init_array_end, ABSOLUTE (.))
                [!provide]                        PROVIDE (__fini_array_start, ABSOLUTE (.))
 *(.fini_array)
                [!provide]                        PROVIDE (__fini_array_end, ABSOLUTE (.))
 *(.eh_frame)
 *(.gcc_except_table .gcc_except_table.*)
 *(.dynamic)
                [!provide]                        PROVIDE (__CTOR_LIST__, ABSOLUTE (.))
 *(.ctors)
 *(SORT(.ctors.*))
                [!provide]                        PROVIDE (__CTOR_END__, ABSOLUTE (.))
                [!provide]                        PROVIDE (__DTOR_LIST__, ABSOLUTE (.))
 *(.dtors)
 *(SORT(.dtors.*))
                [!provide]                        PROVIDE (__DTOR_END__, ABSOLUTE (.))
 *(.jcr)
                0x0000000000105f2c                . = ALIGN (0x4)

.rodata         0x0000000000105f2c      0x108
                0x0000000000105f2c                PROVIDE (__ram_rodata_start, ABSOLUTE (.))
                0x0000000000105f2c                . = ALIGN (0x4)
 *(.rodata .rodata.* .gnu.linkonce.r.*)
 .rodata.str1.4
                0x0000000000105f2c       0xd4 obj/default/hello_world_small.o
 .rodata.str1.4
                0x0000000000106000        0x2 c:/intelfpga_lite/18.1/nios2eds/bin/gnu/h-x86_64-mingw32/bin/../lib/gcc/nios2-elf/5.3.0/../../../../../H-x86_64-mingw32/nios2-elf/lib/mno-hw-mul\libsmallc.a(lib_a-puts.o)
 *fill*         0x0000000000106002        0x2 
 .rodata.str1.4
                0x0000000000106004       0x30 ../HelloWorld_bsp/\libhal_bsp.a(alt_sys_init.o)
 *(.rodata1)
                0x0000000000106034                . = ALIGN (0x4)
                0x0000000000106034                PROVIDE (__ram_rodata_end, ABSOLUTE (.))
                0x0000000000105f2c                PROVIDE (__flash_rodata_start, LOADADDR (.rodata))

.rwdata         0x0000000000106034      0x248 load address 0x000000000010627c
                0x0000000000106034                PROVIDE (__ram_rwdata_start, ABSOLUTE (.))
                0x0000000000106034                . = ALIGN (0x4)
 *(.got.plt)
 *(.got)
 *(.data1)
 *(.data .data.* .gnu.linkonce.d.*)
 .data          0x0000000000106034        0x0 ../HelloWorld_bsp//obj/HAL/src/crt0.o
 .data          0x0000000000106034        0x0 obj/default/hello_world_small.o
 .data          0x0000000000106034        0x0 c:/intelfpga_lite/18.1/nios2eds/bin/gnu/h-x86_64-mingw32/bin/../lib/gcc/nios2-elf/5.3.0/mno-hw-mul\libgcc.a(lib2-divmod.o)
 .data          0x0000000000106034        0x0 c:/intelfpga_lite/18.1/nios2eds/bin/gnu/h-x86_64-mingw32/bin/../lib/gcc/nios2-elf/5.3.0/../../../../../H-x86_64-mingw32/nios2-elf/lib/mno-hw-mul\libsmallc.a(lib_a-printf.o)
 .data          0x0000000000106034        0x0 c:/intelfpga_lite/18.1/nios2eds/bin/gnu/h-x86_64-mingw32/bin/../lib/gcc/nios2-elf/5.3.0/../../../../../H-x86_64-mingw32/nios2-elf/lib/mno-hw-mul\libsmallc.a(lib_a-puts.o)
 .data          0x0000000000106034        0x0 c:/intelfpga_lite/18.1/nios2eds/bin/gnu/h-x86_64-mingw32/bin/../lib/gcc/nios2-elf/5.3.0/../../../../../H-x86_64-mingw32/nios2-elf/lib/mno-hw-mul\libsmallc.a(lib_a-strlen.o)
 .data          0x0000000000106034        0x0 c:/intelfpga_lite/18.1/nios2eds/bin/gnu/h-x86_64-mingw32/bin/../lib/gcc/nios2-elf/5.3.0/../../../../../H-x86_64-mingw32/nios2-elf/lib/mno-hw-mul\libsmallc.a(lib_a-vfprintf.o)
 .data          0x0000000000106034        0x0 c:/intelfpga_lite/18.1/nios2eds/bin/gnu/h-x86_64-mingw32/bin/../lib/gcc/nios2-elf/5.3.0/../../../../../H-x86_64-mingw32/nios2-elf/lib/mno-hw-mul\libsmallc.a(lib_a-fvwrite_small_dev.o)
 .data          0x0000000000106034        0x0 c:/intelfpga_lite/18.1/nios2eds/bin/gnu/h-x86_64-mingw32/bin/../lib/gcc/nios2-elf/5.3.0/../../../../../H-x86_64-mingw32/nios2-elf/lib/mno-hw-mul\libsmallc.a(lib_a-impure.o)
 .data.impure_data
                0x0000000000106034       0xe0 c:/intelfpga_lite/18.1/nios2eds/bin/gnu/h-x86_64-mingw32/bin/../lib/gcc/nios2-elf/5.3.0/../../../../../H-x86_64-mingw32/nios2-elf/lib/mno-hw-mul\libsmallc.a(lib_a-impure.o)
 .data          0x0000000000106114        0x0 c:/intelfpga_lite/18.1/nios2eds/bin/gnu/h-x86_64-mingw32/bin/../lib/gcc/nios2-elf/5.3.0/../../../../../H-x86_64-mingw32/nios2-elf/lib/mno-hw-mul\libsmallc.a(lib_a-writer.o)
 .data          0x0000000000106114        0x0 c:/intelfpga_lite/18.1/nios2eds/bin/gnu/h-x86_64-mingw32/bin/../lib/gcc/nios2-elf/5.3.0/../../../../../H-x86_64-mingw32/nios2-elf/lib/mno-hw-mul\libsmallc.a(lib_a-int_errno.o)
 .data          0x0000000000106114        0x0 c:/intelfpga_lite/18.1/nios2eds/bin/gnu/h-x86_64-mingw32/bin/../lib/gcc/nios2-elf/5.3.0/mno-hw-mul\libgcc.a(lib2-mul.o)
 .data          0x0000000000106114        0x0 ../HelloWorld_bsp/\libhal_bsp.a(alt_load.o)
 .data          0x0000000000106114        0x0 ../HelloWorld_bsp/\libhal_bsp.a(alt_main.o)
 .data          0x0000000000106114        0x0 ../HelloWorld_bsp/\libhal_bsp.a(alt_usleep.o)
 .data          0x0000000000106114        0x0 ../HelloWorld_bsp/\libhal_bsp.a(alt_write.o)
 .data          0x0000000000106114      0x13c ../HelloWorld_bsp/\libhal_bsp.a(alt_sys_init.o)
 .data          0x0000000000106250        0x0 ../HelloWorld_bsp/\libhal_bsp.a(altera_avalon_jtag_uart_write.o)
 .data          0x0000000000106250        0x0 ../HelloWorld_bsp/\libhal_bsp.a(altera_avalon_spi.o)
 .data          0x0000000000106250        0x0 ../HelloWorld_bsp/\libhal_bsp.a(altera_modular_adc.o)
 .data          0x0000000000106250        0x0 ../HelloWorld_bsp/\libhal_bsp.a(altera_onchip_flash.o)
 .data          0x0000000000106250        0x0 ../HelloWorld_bsp/\libhal_bsp.a(alt_busy_sleep.o)
 .data          0x0000000000106250        0x0 ../HelloWorld_bsp/\libhal_bsp.a(alt_dcache_flush.o)
 .data          0x0000000000106250        0x0 ../HelloWorld_bsp/\libhal_bsp.a(alt_dcache_flush_all.o)
 .data          0x0000000000106250        0x0 ../HelloWorld_bsp/\libhal_bsp.a(alt_dev_llist_insert.o)
 .data          0x0000000000106250        0x0 ../HelloWorld_bsp/\libhal_bsp.a(alt_errno.o)
 .data          0x0000000000106250        0x0 ../HelloWorld_bsp/\libhal_bsp.a(alt_find_dev.o)
 .data          0x0000000000106250        0x0 ../HelloWorld_bsp/\libhal_bsp.a(alt_flash_dev.o)
 .data          0x0000000000106250        0x0 ../HelloWorld_bsp/\libhal_bsp.a(alt_icache_flush_all.o)
 .data          0x0000000000106250        0x0 ../HelloWorld_bsp/\libhal_bsp.a(alt_iic.o)
 .data          0x0000000000106250        0x0 ../HelloWorld_bsp/\libhal_bsp.a(alt_iic_isr_register.o)
 .data          0x0000000000106250        0x0 ../HelloWorld_bsp/\libhal_bsp.a(alt_irq_entry.o)
 .data          0x0000000000106250        0x0 ../HelloWorld_bsp/\libhal_bsp.a(alt_irq_handler.o)
 .data          0x0000000000106250        0x0 ../HelloWorld_bsp/\libhal_bsp.a(alt_irq_vars.o)
 .data          0x0000000000106250        0x0 ../HelloWorld_bsp/\libhal_bsp.a(altera_nios2_gen2_irq.o)
 .data          0x0000000000106250        0x0 ../HelloWorld_bsp/\libhal_bsp.a(alt_exception_entry.o)
 .data          0x0000000000106250        0x0 ../HelloWorld_bsp/\libhal_bsp.a(alt_instruction_exception_entry.o)
 .data          0x0000000000106250        0x0 c:/intelfpga_lite/18.1/nios2eds/bin/gnu/h-x86_64-mingw32/bin/../lib/gcc/nios2-elf/5.3.0/../../../../../H-x86_64-mingw32/nios2-elf/lib/mno-hw-mul\libsmallc.a(lib_a-memcmp.o)
 .data          0x0000000000106250        0x0 c:/intelfpga_lite/18.1/nios2eds/bin/gnu/h-x86_64-mingw32/bin/../lib/gcc/nios2-elf/5.3.0/../../../../../H-x86_64-mingw32/nios2-elf/lib/mno-hw-mul\libsmallc.a(lib_a-memcpy.o)
                0x000000000010e250                _gp = ABSOLUTE ((. + 0x8000))
                [!provide]                        PROVIDE (gp, _gp)
 *(.rwdata .rwdata.*)
 *(.sdata .sdata.* .gnu.linkonce.s.*)
 .sdata._global_impure_ptr
                0x0000000000106250        0x4 c:/intelfpga_lite/18.1/nios2eds/bin/gnu/h-x86_64-mingw32/bin/../lib/gcc/nios2-elf/5.3.0/../../../../../H-x86_64-mingw32/nios2-elf/lib/mno-hw-mul\libsmallc.a(lib_a-impure.o)
                0x0000000000106250                _global_impure_ptr
 .sdata._impure_ptr
                0x0000000000106254        0x4 c:/intelfpga_lite/18.1/nios2eds/bin/gnu/h-x86_64-mingw32/bin/../lib/gcc/nios2-elf/5.3.0/../../../../../H-x86_64-mingw32/nios2-elf/lib/mno-hw-mul\libsmallc.a(lib_a-impure.o)
                0x0000000000106254                _impure_ptr
 .sdata         0x0000000000106258        0x4 ../HelloWorld_bsp/\libhal_bsp.a(alt_sys_init.o)
                0x0000000000106258                jtag_uart
 .sdata         0x000000000010625c        0x8 ../HelloWorld_bsp/\libhal_bsp.a(altera_modular_adc.o)
                0x000000000010625c                altera_modular_adc_list
 .sdata         0x0000000000106264        0x8 ../HelloWorld_bsp/\libhal_bsp.a(altera_onchip_flash.o)
                0x0000000000106264                altera_onchip_flash_list
 .sdata         0x000000000010626c        0x4 ../HelloWorld_bsp/\libhal_bsp.a(alt_errno.o)
                0x000000000010626c                alt_errno
 .sdata         0x0000000000106270        0x8 ../HelloWorld_bsp/\libhal_bsp.a(alt_flash_dev.o)
                0x0000000000106270                alt_flash_dev_list
 .sdata         0x0000000000106278        0x4 ../HelloWorld_bsp/\libhal_bsp.a(alt_irq_vars.o)
                0x0000000000106278                alt_priority_mask
 *(.sdata2 .sdata2.* .gnu.linkonce.s2.*)
                0x000000000010627c                . = ALIGN (0x4)
                0x000000000010627c                _edata = ABSOLUTE (.)
                [!provide]                        PROVIDE (edata, ABSOLUTE (.))
                0x000000000010627c                PROVIDE (__ram_rwdata_end, ABSOLUTE (.))
                0x000000000010627c                PROVIDE (__flash_rwdata_start, LOADADDR (.rwdata))

.bss            0x00000000001064c4      0x118
                0x00000000001064c4                __bss_start = ABSOLUTE (.)
                [!provide]                        PROVIDE (__sbss_start, ABSOLUTE (.))
                [!provide]                        PROVIDE (___sbss_start, ABSOLUTE (.))
 *(.dynsbss)
 *(.sbss .sbss.* .gnu.linkonce.sb.*)
 .sbss          0x00000000001064c4        0x4 c:/intelfpga_lite/18.1/nios2eds/bin/gnu/h-x86_64-mingw32/bin/../lib/gcc/nios2-elf/5.3.0/../../../../../H-x86_64-mingw32/nios2-elf/lib/mno-hw-mul\libsmallc.a(lib_a-int_errno.o)
                0x00000000001064c4                errno
 .sbss          0x00000000001064c8        0xc ../HelloWorld_bsp/\libhal_bsp.a(alt_main.o)
                0x00000000001064c8                alt_envp
                0x00000000001064cc                alt_argv
                0x00000000001064d0                alt_argc
 .sbss          0x00000000001064d4        0x4 ../HelloWorld_bsp/\libhal_bsp.a(alt_irq_vars.o)
                0x00000000001064d4                alt_irq_active
 .sbss          0x00000000001064d8        0x4 ../HelloWorld_bsp/\libhal_bsp.a(alt_instruction_exception_entry.o)
                0x00000000001064d8                alt_instruction_exception_handler
 *(.sbss2 .sbss2.* .gnu.linkonce.sb2.*)
 *(.scommon)
                [!provide]                        PROVIDE (__sbss_end, ABSOLUTE (.))
                [!provide]                        PROVIDE (___sbss_end, ABSOLUTE (.))
 *(.dynbss)
 *(.bss .bss.* .gnu.linkonce.b.*)
 .bss           0x00000000001064dc        0x0 ../HelloWorld_bsp//obj/HAL/src/crt0.o
 .bss           0x00000000001064dc        0x0 obj/default/hello_world_small.o
 .bss           0x00000000001064dc        0x0 c:/intelfpga_lite/18.1/nios2eds/bin/gnu/h-x86_64-mingw32/bin/../lib/gcc/nios2-elf/5.3.0/mno-hw-mul\libgcc.a(lib2-divmod.o)
 .bss           0x00000000001064dc        0x0 c:/intelfpga_lite/18.1/nios2eds/bin/gnu/h-x86_64-mingw32/bin/../lib/gcc/nios2-elf/5.3.0/../../../../../H-x86_64-mingw32/nios2-elf/lib/mno-hw-mul\libsmallc.a(lib_a-printf.o)
 .bss           0x00000000001064dc        0x0 c:/intelfpga_lite/18.1/nios2eds/bin/gnu/h-x86_64-mingw32/bin/../lib/gcc/nios2-elf/5.3.0/../../../../../H-x86_64-mingw32/nios2-elf/lib/mno-hw-mul\libsmallc.a(lib_a-puts.o)
 .bss           0x00000000001064dc        0x0 c:/intelfpga_lite/18.1/nios2eds/bin/gnu/h-x86_64-mingw32/bin/../lib/gcc/nios2-elf/5.3.0/../../../../../H-x86_64-mingw32/nios2-elf/lib/mno-hw-mul\libsmallc.a(lib_a-strlen.o)
 .bss           0x00000000001064dc        0x0 c:/intelfpga_lite/18.1/nios2eds/bin/gnu/h-x86_64-mingw32/bin/../lib/gcc/nios2-elf/5.3.0/../../../../../H-x86_64-mingw32/nios2-elf/lib/mno-hw-mul\libsmallc.a(lib_a-vfprintf.o)
 .bss           0x00000000001064dc        0x0 c:/intelfpga_lite/18.1/nios2eds/bin/gnu/h-x86_64-mingw32/bin/../lib/gcc/nios2-elf/5.3.0/../../../../../H-x86_64-mingw32/nios2-elf/lib/mno-hw-mul\libsmallc.a(lib_a-fvwrite_small_dev.o)
 .bss           0x00000000001064dc        0x0 c:/intelfpga_lite/18.1/nios2eds/bin/gnu/h-x86_64-mingw32/bin/../lib/gcc/nios2-elf/5.3.0/../../../../../H-x86_64-mingw32/nios2-elf/lib/mno-hw-mul\libsmallc.a(lib_a-impure.o)
 .bss           0x00000000001064dc        0x0 c:/intelfpga_lite/18.1/nios2eds/bin/gnu/h-x86_64-mingw32/bin/../lib/gcc/nios2-elf/5.3.0/../../../../../H-x86_64-mingw32/nios2-elf/lib/mno-hw-mul\libsmallc.a(lib_a-writer.o)
 .bss           0x00000000001064dc        0x0 c:/intelfpga_lite/18.1/nios2eds/bin/gnu/h-x86_64-mingw32/bin/../lib/gcc/nios2-elf/5.3.0/../../../../../H-x86_64-mingw32/nios2-elf/lib/mno-hw-mul\libsmallc.a(lib_a-int_errno.o)
 .bss           0x00000000001064dc        0x0 c:/intelfpga_lite/18.1/nios2eds/bin/gnu/h-x86_64-mingw32/bin/../lib/gcc/nios2-elf/5.3.0/mno-hw-mul\libgcc.a(lib2-mul.o)
 .bss           0x00000000001064dc        0x0 ../HelloWorld_bsp/\libhal_bsp.a(alt_load.o)
 .bss           0x00000000001064dc        0x0 ../HelloWorld_bsp/\libhal_bsp.a(alt_main.o)
 .bss           0x00000000001064dc        0x0 ../HelloWorld_bsp/\libhal_bsp.a(alt_usleep.o)
 .bss           0x00000000001064dc        0x0 ../HelloWorld_bsp/\libhal_bsp.a(alt_write.o)
 .bss           0x00000000001064dc        0x0 ../HelloWorld_bsp/\libhal_bsp.a(alt_sys_init.o)
 .bss           0x00000000001064dc        0x0 ../HelloWorld_bsp/\libhal_bsp.a(altera_avalon_jtag_uart_write.o)
 .bss           0x00000000001064dc        0x0 ../HelloWorld_bsp/\libhal_bsp.a(altera_avalon_spi.o)
 .bss           0x00000000001064dc        0x0 ../HelloWorld_bsp/\libhal_bsp.a(altera_modular_adc.o)
 .bss           0x00000000001064dc        0x0 ../HelloWorld_bsp/\libhal_bsp.a(altera_onchip_flash.o)
 .bss           0x00000000001064dc        0x0 ../HelloWorld_bsp/\libhal_bsp.a(alt_busy_sleep.o)
 .bss           0x00000000001064dc        0x0 ../HelloWorld_bsp/\libhal_bsp.a(alt_dcache_flush.o)
 .bss           0x00000000001064dc        0x0 ../HelloWorld_bsp/\libhal_bsp.a(alt_dcache_flush_all.o)
 .bss           0x00000000001064dc        0x0 ../HelloWorld_bsp/\libhal_bsp.a(alt_dev_llist_insert.o)
 .bss           0x00000000001064dc        0x0 ../HelloWorld_bsp/\libhal_bsp.a(alt_errno.o)
 .bss           0x00000000001064dc        0x0 ../HelloWorld_bsp/\libhal_bsp.a(alt_find_dev.o)
 .bss           0x00000000001064dc        0x0 ../HelloWorld_bsp/\libhal_bsp.a(alt_flash_dev.o)
 .bss           0x00000000001064dc        0x0 ../HelloWorld_bsp/\libhal_bsp.a(alt_icache_flush_all.o)
 .bss           0x00000000001064dc        0x0 ../HelloWorld_bsp/\libhal_bsp.a(alt_iic.o)
 .bss           0x00000000001064dc        0x0 ../HelloWorld_bsp/\libhal_bsp.a(alt_iic_isr_register.o)
 .bss           0x00000000001064dc        0x0 ../HelloWorld_bsp/\libhal_bsp.a(alt_irq_entry.o)
 .bss           0x00000000001064dc        0x0 ../HelloWorld_bsp/\libhal_bsp.a(alt_irq_handler.o)
 .bss           0x00000000001064dc        0x0 ../HelloWorld_bsp/\libhal_bsp.a(alt_irq_vars.o)
 .bss           0x00000000001064dc        0x0 ../HelloWorld_bsp/\libhal_bsp.a(altera_nios2_gen2_irq.o)
 .bss           0x00000000001064dc        0x0 ../HelloWorld_bsp/\libhal_bsp.a(alt_exception_entry.o)
 .bss           0x00000000001064dc        0x0 ../HelloWorld_bsp/\libhal_bsp.a(alt_instruction_exception_entry.o)
 .bss           0x00000000001064dc        0x0 c:/intelfpga_lite/18.1/nios2eds/bin/gnu/h-x86_64-mingw32/bin/../lib/gcc/nios2-elf/5.3.0/../../../../../H-x86_64-mingw32/nios2-elf/lib/mno-hw-mul\libsmallc.a(lib_a-memcmp.o)
 .bss           0x00000000001064dc        0x0 c:/intelfpga_lite/18.1/nios2eds/bin/gnu/h-x86_64-mingw32/bin/../lib/gcc/nios2-elf/5.3.0/../../../../../H-x86_64-mingw32/nios2-elf/lib/mno-hw-mul\libsmallc.a(lib_a-memcpy.o)
 *(COMMON)
 COMMON         0x00000000001064dc      0x100 ../HelloWorld_bsp/\libhal_bsp.a(alt_irq_handler.o)
                0x00000000001064dc                alt_irq
                0x00000000001065dc                . = ALIGN (0x4)
                0x00000000001065dc                __bss_end = ABSOLUTE (.)

.onchip_flash_data
                0x0000000000080000        0x0 load address 0x00000000001065dc
                [!provide]                        PROVIDE (_alt_partition_onchip_flash_data_start, ABSOLUTE (.))
 *(.onchip_flash_data .onchip_flash_data. onchip_flash_data.*)
                0x0000000000080000                . = ALIGN (0x4)
                [!provide]                        PROVIDE (_alt_partition_onchip_flash_data_end, ABSOLUTE (.))
                [!provide]                        PROVIDE (_alt_partition_onchip_flash_data_load_addr, LOADADDR (.onchip_flash_data))

.onchip_ram     0x00000000001065dc        0x0
                [!provide]                        PROVIDE (_alt_partition_onchip_ram_start, ABSOLUTE (.))
 *(.onchip_ram .onchip_ram. onchip_ram.*)
                0x00000000001065dc                . = ALIGN (0x4)
                [!provide]                        PROVIDE (_alt_partition_onchip_ram_end, ABSOLUTE (.))
                0x00000000001065dc                _end = ABSOLUTE (.)
                0x00000000001065dc                end = ABSOLUTE (.)
                0x00000000001065dc                __alt_stack_base = ABSOLUTE (.)
                [!provide]                        PROVIDE (_alt_partition_onchip_ram_load_addr, LOADADDR (.onchip_ram))

.stab
 *(.stab)

.stabstr
 *(.stabstr)

.stab.excl
 *(.stab.excl)

.stab.exclstr
 *(.stab.exclstr)

.stab.index
 *(.stab.index)

.stab.indexstr
 *(.stab.indexstr)

.comment        0x0000000000000000       0x23
 *(.comment)
 .comment       0x0000000000000000       0x23 obj/default/hello_world_small.o
                                         0x24 (size before relaxing)
 .comment       0x0000000000000023       0x24 c:/intelfpga_lite/18.1/nios2eds/bin/gnu/h-x86_64-mingw32/bin/../lib/gcc/nios2-elf/5.3.0/mno-hw-mul\libgcc.a(lib2-divmod.o)
 .comment       0x0000000000000023       0x24 c:/intelfpga_lite/18.1/nios2eds/bin/gnu/h-x86_64-mingw32/bin/../lib/gcc/nios2-elf/5.3.0/../../../../../H-x86_64-mingw32/nios2-elf/lib/mno-hw-mul\libsmallc.a(lib_a-printf.o)
 .comment       0x0000000000000023       0x24 c:/intelfpga_lite/18.1/nios2eds/bin/gnu/h-x86_64-mingw32/bin/../lib/gcc/nios2-elf/5.3.0/../../../../../H-x86_64-mingw32/nios2-elf/lib/mno-hw-mul\libsmallc.a(lib_a-puts.o)
 .comment       0x0000000000000023       0x24 c:/intelfpga_lite/18.1/nios2eds/bin/gnu/h-x86_64-mingw32/bin/../lib/gcc/nios2-elf/5.3.0/../../../../../H-x86_64-mingw32/nios2-elf/lib/mno-hw-mul\libsmallc.a(lib_a-strlen.o)
 .comment       0x0000000000000023       0x24 c:/intelfpga_lite/18.1/nios2eds/bin/gnu/h-x86_64-mingw32/bin/../lib/gcc/nios2-elf/5.3.0/../../../../../H-x86_64-mingw32/nios2-elf/lib/mno-hw-mul\libsmallc.a(lib_a-vfprintf.o)
 .comment       0x0000000000000023       0x24 c:/intelfpga_lite/18.1/nios2eds/bin/gnu/h-x86_64-mingw32/bin/../lib/gcc/nios2-elf/5.3.0/../../../../../H-x86_64-mingw32/nios2-elf/lib/mno-hw-mul\libsmallc.a(lib_a-fvwrite_small_dev.o)
 .comment       0x0000000000000023       0x24 c:/intelfpga_lite/18.1/nios2eds/bin/gnu/h-x86_64-mingw32/bin/../lib/gcc/nios2-elf/5.3.0/../../../../../H-x86_64-mingw32/nios2-elf/lib/mno-hw-mul\libsmallc.a(lib_a-impure.o)
 .comment       0x0000000000000023       0x24 c:/intelfpga_lite/18.1/nios2eds/bin/gnu/h-x86_64-mingw32/bin/../lib/gcc/nios2-elf/5.3.0/../../../../../H-x86_64-mingw32/nios2-elf/lib/mno-hw-mul\libsmallc.a(lib_a-writer.o)
 .comment       0x0000000000000023       0x24 c:/intelfpga_lite/18.1/nios2eds/bin/gnu/h-x86_64-mingw32/bin/../lib/gcc/nios2-elf/5.3.0/../../../../../H-x86_64-mingw32/nios2-elf/lib/mno-hw-mul\libsmallc.a(lib_a-int_errno.o)
 .comment       0x0000000000000023       0x24 c:/intelfpga_lite/18.1/nios2eds/bin/gnu/h-x86_64-mingw32/bin/../lib/gcc/nios2-elf/5.3.0/mno-hw-mul\libgcc.a(lib2-mul.o)
 .comment       0x0000000000000023       0x24 ../HelloWorld_bsp/\libhal_bsp.a(alt_load.o)
 .comment       0x0000000000000023       0x24 ../HelloWorld_bsp/\libhal_bsp.a(alt_main.o)
 .comment       0x0000000000000023       0x24 ../HelloWorld_bsp/\libhal_bsp.a(alt_usleep.o)
 .comment       0x0000000000000023       0x24 ../HelloWorld_bsp/\libhal_bsp.a(alt_write.o)
 .comment       0x0000000000000023       0x24 ../HelloWorld_bsp/\libhal_bsp.a(alt_sys_init.o)
 .comment       0x0000000000000023       0x24 ../HelloWorld_bsp/\libhal_bsp.a(altera_avalon_jtag_uart_write.o)
 .comment       0x0000000000000023       0x24 ../HelloWorld_bsp/\libhal_bsp.a(altera_avalon_spi.o)
 .comment       0x0000000000000023       0x24 ../HelloWorld_bsp/\libhal_bsp.a(altera_modular_adc.o)
 .comment       0x0000000000000023       0x24 ../HelloWorld_bsp/\libhal_bsp.a(altera_onchip_flash.o)
 .comment       0x0000000000000023       0x24 ../HelloWorld_bsp/\libhal_bsp.a(alt_busy_sleep.o)
 .comment       0x0000000000000023       0x24 ../HelloWorld_bsp/\libhal_bsp.a(alt_dcache_flush.o)
 .comment       0x0000000000000023       0x24 ../HelloWorld_bsp/\libhal_bsp.a(alt_dcache_flush_all.o)
 .comment       0x0000000000000023       0x24 ../HelloWorld_bsp/\libhal_bsp.a(alt_dev_llist_insert.o)
 .comment       0x0000000000000023       0x24 ../HelloWorld_bsp/\libhal_bsp.a(alt_errno.o)
 .comment       0x0000000000000023       0x24 ../HelloWorld_bsp/\libhal_bsp.a(alt_find_dev.o)
 .comment       0x0000000000000023       0x24 ../HelloWorld_bsp/\libhal_bsp.a(alt_flash_dev.o)
 .comment       0x0000000000000023       0x24 ../HelloWorld_bsp/\libhal_bsp.a(alt_icache_flush_all.o)
 .comment       0x0000000000000023       0x24 ../HelloWorld_bsp/\libhal_bsp.a(alt_iic.o)
 .comment       0x0000000000000023       0x24 ../HelloWorld_bsp/\libhal_bsp.a(alt_iic_isr_register.o)
 .comment       0x0000000000000023       0x24 ../HelloWorld_bsp/\libhal_bsp.a(alt_irq_handler.o)
 .comment       0x0000000000000023       0x24 ../HelloWorld_bsp/\libhal_bsp.a(alt_irq_vars.o)
 .comment       0x0000000000000023       0x24 ../HelloWorld_bsp/\libhal_bsp.a(altera_nios2_gen2_irq.o)
 .comment       0x0000000000000023       0x24 ../HelloWorld_bsp/\libhal_bsp.a(alt_instruction_exception_entry.o)
 .comment       0x0000000000000023       0x24 c:/intelfpga_lite/18.1/nios2eds/bin/gnu/h-x86_64-mingw32/bin/../lib/gcc/nios2-elf/5.3.0/../../../../../H-x86_64-mingw32/nios2-elf/lib/mno-hw-mul\libsmallc.a(lib_a-memcmp.o)
 .comment       0x0000000000000023       0x24 c:/intelfpga_lite/18.1/nios2eds/bin/gnu/h-x86_64-mingw32/bin/../lib/gcc/nios2-elf/5.3.0/../../../../../H-x86_64-mingw32/nios2-elf/lib/mno-hw-mul\libsmallc.a(lib_a-memcpy.o)

.debug
 *(.debug)

.line
 *(.line)

.debug_srcinfo
 *(.debug_srcinfo)

.debug_sfnames
 *(.debug_sfnames)

.debug_aranges  0x0000000000000000      0x520
 *(.debug_aranges)
 .debug_aranges
                0x0000000000000000       0x28 ../HelloWorld_bsp//obj/HAL/src/crt0.o
 .debug_aranges
                0x0000000000000028       0x28 obj/default/hello_world_small.o
 .debug_aranges
                0x0000000000000050       0x20 c:/intelfpga_lite/18.1/nios2eds/bin/gnu/h-x86_64-mingw32/bin/../lib/gcc/nios2-elf/5.3.0/mno-hw-mul\libgcc.a(lib2-divmod.o)
 .debug_aranges
                0x0000000000000070       0x28 c:/intelfpga_lite/18.1/nios2eds/bin/gnu/h-x86_64-mingw32/bin/../lib/gcc/nios2-elf/5.3.0/../../../../../H-x86_64-mingw32/nios2-elf/lib/mno-hw-mul\libsmallc.a(lib_a-printf.o)
 .debug_aranges
                0x0000000000000098       0x28 c:/intelfpga_lite/18.1/nios2eds/bin/gnu/h-x86_64-mingw32/bin/../lib/gcc/nios2-elf/5.3.0/../../../../../H-x86_64-mingw32/nios2-elf/lib/mno-hw-mul\libsmallc.a(lib_a-puts.o)
 .debug_aranges
                0x00000000000000c0       0x20 c:/intelfpga_lite/18.1/nios2eds/bin/gnu/h-x86_64-mingw32/bin/../lib/gcc/nios2-elf/5.3.0/../../../../../H-x86_64-mingw32/nios2-elf/lib/mno-hw-mul\libsmallc.a(lib_a-strlen.o)
 .debug_aranges
                0x00000000000000e0       0x30 c:/intelfpga_lite/18.1/nios2eds/bin/gnu/h-x86_64-mingw32/bin/../lib/gcc/nios2-elf/5.3.0/../../../../../H-x86_64-mingw32/nios2-elf/lib/mno-hw-mul\libsmallc.a(lib_a-vfprintf.o)
 .debug_aranges
                0x0000000000000110       0x20 c:/intelfpga_lite/18.1/nios2eds/bin/gnu/h-x86_64-mingw32/bin/../lib/gcc/nios2-elf/5.3.0/../../../../../H-x86_64-mingw32/nios2-elf/lib/mno-hw-mul\libsmallc.a(lib_a-fvwrite_small_dev.o)
 .debug_aranges
                0x0000000000000130       0x18 c:/intelfpga_lite/18.1/nios2eds/bin/gnu/h-x86_64-mingw32/bin/../lib/gcc/nios2-elf/5.3.0/../../../../../H-x86_64-mingw32/nios2-elf/lib/mno-hw-mul\libsmallc.a(lib_a-impure.o)
 .debug_aranges
                0x0000000000000148       0x20 c:/intelfpga_lite/18.1/nios2eds/bin/gnu/h-x86_64-mingw32/bin/../lib/gcc/nios2-elf/5.3.0/../../../../../H-x86_64-mingw32/nios2-elf/lib/mno-hw-mul\libsmallc.a(lib_a-writer.o)
 .debug_aranges
                0x0000000000000168       0x18 c:/intelfpga_lite/18.1/nios2eds/bin/gnu/h-x86_64-mingw32/bin/../lib/gcc/nios2-elf/5.3.0/../../../../../H-x86_64-mingw32/nios2-elf/lib/mno-hw-mul\libsmallc.a(lib_a-int_errno.o)
 .debug_aranges
                0x0000000000000180       0x20 c:/intelfpga_lite/18.1/nios2eds/bin/gnu/h-x86_64-mingw32/bin/../lib/gcc/nios2-elf/5.3.0/mno-hw-mul\libgcc.a(lib2-mul.o)
 .debug_aranges
                0x00000000000001a0       0x20 ../HelloWorld_bsp/\libhal_bsp.a(alt_load.o)
 .debug_aranges
                0x00000000000001c0       0x20 ../HelloWorld_bsp/\libhal_bsp.a(alt_main.o)
 .debug_aranges
                0x00000000000001e0       0x20 ../HelloWorld_bsp/\libhal_bsp.a(alt_usleep.o)
 .debug_aranges
                0x0000000000000200       0x20 ../HelloWorld_bsp/\libhal_bsp.a(alt_write.o)
 .debug_aranges
                0x0000000000000220       0x20 ../HelloWorld_bsp/\libhal_bsp.a(alt_sys_init.o)
 .debug_aranges
                0x0000000000000240       0x20 ../HelloWorld_bsp/\libhal_bsp.a(altera_avalon_jtag_uart_write.o)
 .debug_aranges
                0x0000000000000260       0x20 ../HelloWorld_bsp/\libhal_bsp.a(altera_avalon_spi.o)
 .debug_aranges
                0x0000000000000280       0x20 ../HelloWorld_bsp/\libhal_bsp.a(altera_modular_adc.o)
 .debug_aranges
                0x00000000000002a0       0x20 ../HelloWorld_bsp/\libhal_bsp.a(altera_onchip_flash.o)
 .debug_aranges
                0x00000000000002c0       0x20 ../HelloWorld_bsp/\libhal_bsp.a(alt_busy_sleep.o)
 .debug_aranges
                0x00000000000002e0       0x20 ../HelloWorld_bsp/\libhal_bsp.a(alt_dcache_flush.o)
 .debug_aranges
                0x0000000000000300       0x20 ../HelloWorld_bsp/\libhal_bsp.a(alt_dcache_flush_all.o)
 .debug_aranges
                0x0000000000000320       0x20 ../HelloWorld_bsp/\libhal_bsp.a(alt_dev_llist_insert.o)
 .debug_aranges
                0x0000000000000340       0x18 ../HelloWorld_bsp/\libhal_bsp.a(alt_errno.o)
 .debug_aranges
                0x0000000000000358       0x20 ../HelloWorld_bsp/\libhal_bsp.a(alt_find_dev.o)
 .debug_aranges
                0x0000000000000378       0x20 ../HelloWorld_bsp/\libhal_bsp.a(alt_flash_dev.o)
 .debug_aranges
                0x0000000000000398       0x20 ../HelloWorld_bsp/\libhal_bsp.a(alt_icache_flush_all.o)
 .debug_aranges
                0x00000000000003b8       0x20 ../HelloWorld_bsp/\libhal_bsp.a(alt_iic.o)
 .debug_aranges
                0x00000000000003d8       0x20 ../HelloWorld_bsp/\libhal_bsp.a(alt_iic_isr_register.o)
 .debug_aranges
                0x00000000000003f8       0x30 ../HelloWorld_bsp/\libhal_bsp.a(alt_irq_entry.o)
 .debug_aranges
                0x0000000000000428       0x20 ../HelloWorld_bsp/\libhal_bsp.a(alt_irq_handler.o)
 .debug_aranges
                0x0000000000000448       0x18 ../HelloWorld_bsp/\libhal_bsp.a(alt_irq_vars.o)
 .debug_aranges
                0x0000000000000460       0x20 ../HelloWorld_bsp/\libhal_bsp.a(altera_nios2_gen2_irq.o)
 .debug_aranges
                0x0000000000000480       0x38 ../HelloWorld_bsp/\libhal_bsp.a(alt_exception_entry.o)
 .debug_aranges
                0x00000000000004b8       0x28 ../HelloWorld_bsp/\libhal_bsp.a(alt_instruction_exception_entry.o)
 .debug_aranges
                0x00000000000004e0       0x20 c:/intelfpga_lite/18.1/nios2eds/bin/gnu/h-x86_64-mingw32/bin/../lib/gcc/nios2-elf/5.3.0/../../../../../H-x86_64-mingw32/nios2-elf/lib/mno-hw-mul\libsmallc.a(lib_a-memcmp.o)
 .debug_aranges
                0x0000000000000500       0x20 c:/intelfpga_lite/18.1/nios2eds/bin/gnu/h-x86_64-mingw32/bin/../lib/gcc/nios2-elf/5.3.0/../../../../../H-x86_64-mingw32/nios2-elf/lib/mno-hw-mul\libsmallc.a(lib_a-memcpy.o)

.debug_pubnames
 *(.debug_pubnames)

.debug_info     0x0000000000000000     0x7323
 *(.debug_info .gnu.linkonce.wi.*)
 .debug_info    0x0000000000000000       0xd8 ../HelloWorld_bsp//obj/HAL/src/crt0.o
 .debug_info    0x00000000000000d8      0x347 obj/default/hello_world_small.o
 .debug_info    0x000000000000041f      0x2c6 c:/intelfpga_lite/18.1/nios2eds/bin/gnu/h-x86_64-mingw32/bin/../lib/gcc/nios2-elf/5.3.0/mno-hw-mul\libgcc.a(lib2-divmod.o)
 .debug_info    0x00000000000006e5      0x699 c:/intelfpga_lite/18.1/nios2eds/bin/gnu/h-x86_64-mingw32/bin/../lib/gcc/nios2-elf/5.3.0/../../../../../H-x86_64-mingw32/nios2-elf/lib/mno-hw-mul\libsmallc.a(lib_a-printf.o)
 .debug_info    0x0000000000000d7e      0x66d c:/intelfpga_lite/18.1/nios2eds/bin/gnu/h-x86_64-mingw32/bin/../lib/gcc/nios2-elf/5.3.0/../../../../../H-x86_64-mingw32/nios2-elf/lib/mno-hw-mul\libsmallc.a(lib_a-puts.o)
 .debug_info    0x00000000000013eb       0xc9 c:/intelfpga_lite/18.1/nios2eds/bin/gnu/h-x86_64-mingw32/bin/../lib/gcc/nios2-elf/5.3.0/../../../../../H-x86_64-mingw32/nios2-elf/lib/mno-hw-mul\libsmallc.a(lib_a-strlen.o)
 .debug_info    0x00000000000014b4      0xb2b c:/intelfpga_lite/18.1/nios2eds/bin/gnu/h-x86_64-mingw32/bin/../lib/gcc/nios2-elf/5.3.0/../../../../../H-x86_64-mingw32/nios2-elf/lib/mno-hw-mul\libsmallc.a(lib_a-vfprintf.o)
 .debug_info    0x0000000000001fdf      0x62b c:/intelfpga_lite/18.1/nios2eds/bin/gnu/h-x86_64-mingw32/bin/../lib/gcc/nios2-elf/5.3.0/../../../../../H-x86_64-mingw32/nios2-elf/lib/mno-hw-mul\libsmallc.a(lib_a-fvwrite_small_dev.o)
 .debug_info    0x000000000000260a      0x5a9 c:/intelfpga_lite/18.1/nios2eds/bin/gnu/h-x86_64-mingw32/bin/../lib/gcc/nios2-elf/5.3.0/../../../../../H-x86_64-mingw32/nios2-elf/lib/mno-hw-mul\libsmallc.a(lib_a-impure.o)
 .debug_info    0x0000000000002bb3      0x630 c:/intelfpga_lite/18.1/nios2eds/bin/gnu/h-x86_64-mingw32/bin/../lib/gcc/nios2-elf/5.3.0/../../../../../H-x86_64-mingw32/nios2-elf/lib/mno-hw-mul\libsmallc.a(lib_a-writer.o)
 .debug_info    0x00000000000031e3       0x8a c:/intelfpga_lite/18.1/nios2eds/bin/gnu/h-x86_64-mingw32/bin/../lib/gcc/nios2-elf/5.3.0/../../../../../H-x86_64-mingw32/nios2-elf/lib/mno-hw-mul\libsmallc.a(lib_a-int_errno.o)
 .debug_info    0x000000000000326d       0xb4 c:/intelfpga_lite/18.1/nios2eds/bin/gnu/h-x86_64-mingw32/bin/../lib/gcc/nios2-elf/5.3.0/mno-hw-mul\libgcc.a(lib2-mul.o)
 .debug_info    0x0000000000003321      0x1c9 ../HelloWorld_bsp/\libhal_bsp.a(alt_load.o)
 .debug_info    0x00000000000034ea      0x169 ../HelloWorld_bsp/\libhal_bsp.a(alt_main.o)
 .debug_info    0x0000000000003653       0xd1 ../HelloWorld_bsp/\libhal_bsp.a(alt_usleep.o)
 .debug_info    0x0000000000003724      0x1c7 ../HelloWorld_bsp/\libhal_bsp.a(alt_write.o)
 .debug_info    0x00000000000038eb      0x7d7 ../HelloWorld_bsp/\libhal_bsp.a(alt_sys_init.o)
 .debug_info    0x00000000000040c2      0x197 ../HelloWorld_bsp/\libhal_bsp.a(altera_avalon_jtag_uart_write.o)
 .debug_info    0x0000000000004259      0x194 ../HelloWorld_bsp/\libhal_bsp.a(altera_avalon_spi.o)
 .debug_info    0x00000000000043ed      0x957 ../HelloWorld_bsp/\libhal_bsp.a(altera_modular_adc.o)
 .debug_info    0x0000000000004d44      0xb5b ../HelloWorld_bsp/\libhal_bsp.a(altera_onchip_flash.o)
 .debug_info    0x000000000000589f       0xd8 ../HelloWorld_bsp/\libhal_bsp.a(alt_busy_sleep.o)
 .debug_info    0x0000000000005977       0xba ../HelloWorld_bsp/\libhal_bsp.a(alt_dcache_flush.o)
 .debug_info    0x0000000000005a31       0x92 ../HelloWorld_bsp/\libhal_bsp.a(alt_dcache_flush_all.o)
 .debug_info    0x0000000000005ac3      0x1b3 ../HelloWorld_bsp/\libhal_bsp.a(alt_dev_llist_insert.o)
 .debug_info    0x0000000000005c76       0xa6 ../HelloWorld_bsp/\libhal_bsp.a(alt_errno.o)
 .debug_info    0x0000000000005d1c      0x32d ../HelloWorld_bsp/\libhal_bsp.a(alt_find_dev.o)
 .debug_info    0x0000000000006049      0x41c ../HelloWorld_bsp/\libhal_bsp.a(alt_flash_dev.o)
 .debug_info    0x0000000000006465       0x92 ../HelloWorld_bsp/\libhal_bsp.a(alt_icache_flush_all.o)
 .debug_info    0x00000000000064f7      0x38a ../HelloWorld_bsp/\libhal_bsp.a(alt_iic.o)
 .debug_info    0x0000000000006881      0x232 ../HelloWorld_bsp/\libhal_bsp.a(alt_iic_isr_register.o)
 .debug_info    0x0000000000006ab3       0xe1 ../HelloWorld_bsp/\libhal_bsp.a(alt_irq_entry.o)
 .debug_info    0x0000000000006b94      0x184 ../HelloWorld_bsp/\libhal_bsp.a(alt_irq_handler.o)
 .debug_info    0x0000000000006d18       0x88 ../HelloWorld_bsp/\libhal_bsp.a(alt_irq_vars.o)
 .debug_info    0x0000000000006da0       0x92 ../HelloWorld_bsp/\libhal_bsp.a(altera_nios2_gen2_irq.o)
 .debug_info    0x0000000000006e32       0xe7 ../HelloWorld_bsp/\libhal_bsp.a(alt_exception_entry.o)
 .debug_info    0x0000000000006f19      0x1fd ../HelloWorld_bsp/\libhal_bsp.a(alt_instruction_exception_entry.o)
 .debug_info    0x0000000000007116       0xf4 c:/intelfpga_lite/18.1/nios2eds/bin/gnu/h-x86_64-mingw32/bin/../lib/gcc/nios2-elf/5.3.0/../../../../../H-x86_64-mingw32/nios2-elf/lib/mno-hw-mul\libsmallc.a(lib_a-memcmp.o)
 .debug_info    0x000000000000720a      0x119 c:/intelfpga_lite/18.1/nios2eds/bin/gnu/h-x86_64-mingw32/bin/../lib/gcc/nios2-elf/5.3.0/../../../../../H-x86_64-mingw32/nios2-elf/lib/mno-hw-mul\libsmallc.a(lib_a-memcpy.o)

.debug_abbrev   0x0000000000000000     0x2651
 *(.debug_abbrev)
 .debug_abbrev  0x0000000000000000       0x12 ../HelloWorld_bsp//obj/HAL/src/crt0.o
 .debug_abbrev  0x0000000000000012       0xef obj/default/hello_world_small.o
 .debug_abbrev  0x0000000000000101      0x10e c:/intelfpga_lite/18.1/nios2eds/bin/gnu/h-x86_64-mingw32/bin/../lib/gcc/nios2-elf/5.3.0/mno-hw-mul\libgcc.a(lib2-divmod.o)
 .debug_abbrev  0x000000000000020f      0x1ee c:/intelfpga_lite/18.1/nios2eds/bin/gnu/h-x86_64-mingw32/bin/../lib/gcc/nios2-elf/5.3.0/../../../../../H-x86_64-mingw32/nios2-elf/lib/mno-hw-mul\libsmallc.a(lib_a-printf.o)
 .debug_abbrev  0x00000000000003fd      0x1d6 c:/intelfpga_lite/18.1/nios2eds/bin/gnu/h-x86_64-mingw32/bin/../lib/gcc/nios2-elf/5.3.0/../../../../../H-x86_64-mingw32/nios2-elf/lib/mno-hw-mul\libsmallc.a(lib_a-puts.o)
 .debug_abbrev  0x00000000000005d3       0x7f c:/intelfpga_lite/18.1/nios2eds/bin/gnu/h-x86_64-mingw32/bin/../lib/gcc/nios2-elf/5.3.0/../../../../../H-x86_64-mingw32/nios2-elf/lib/mno-hw-mul\libsmallc.a(lib_a-strlen.o)
 .debug_abbrev  0x0000000000000652      0x2a1 c:/intelfpga_lite/18.1/nios2eds/bin/gnu/h-x86_64-mingw32/bin/../lib/gcc/nios2-elf/5.3.0/../../../../../H-x86_64-mingw32/nios2-elf/lib/mno-hw-mul\libsmallc.a(lib_a-vfprintf.o)
 .debug_abbrev  0x00000000000008f3      0x1bc c:/intelfpga_lite/18.1/nios2eds/bin/gnu/h-x86_64-mingw32/bin/../lib/gcc/nios2-elf/5.3.0/../../../../../H-x86_64-mingw32/nios2-elf/lib/mno-hw-mul\libsmallc.a(lib_a-fvwrite_small_dev.o)
 .debug_abbrev  0x0000000000000aaf      0x14a c:/intelfpga_lite/18.1/nios2eds/bin/gnu/h-x86_64-mingw32/bin/../lib/gcc/nios2-elf/5.3.0/../../../../../H-x86_64-mingw32/nios2-elf/lib/mno-hw-mul\libsmallc.a(lib_a-impure.o)
 .debug_abbrev  0x0000000000000bf9      0x1a6 c:/intelfpga_lite/18.1/nios2eds/bin/gnu/h-x86_64-mingw32/bin/../lib/gcc/nios2-elf/5.3.0/../../../../../H-x86_64-mingw32/nios2-elf/lib/mno-hw-mul\libsmallc.a(lib_a-writer.o)
 .debug_abbrev  0x0000000000000d9f       0x37 c:/intelfpga_lite/18.1/nios2eds/bin/gnu/h-x86_64-mingw32/bin/../lib/gcc/nios2-elf/5.3.0/../../../../../H-x86_64-mingw32/nios2-elf/lib/mno-hw-mul\libsmallc.a(lib_a-int_errno.o)
 .debug_abbrev  0x0000000000000dd6       0x6f c:/intelfpga_lite/18.1/nios2eds/bin/gnu/h-x86_64-mingw32/bin/../lib/gcc/nios2-elf/5.3.0/mno-hw-mul\libgcc.a(lib2-mul.o)
 .debug_abbrev  0x0000000000000e45       0xd8 ../HelloWorld_bsp/\libhal_bsp.a(alt_load.o)
 .debug_abbrev  0x0000000000000f1d       0xee ../HelloWorld_bsp/\libhal_bsp.a(alt_main.o)
 .debug_abbrev  0x000000000000100b       0x8d ../HelloWorld_bsp/\libhal_bsp.a(alt_usleep.o)
 .debug_abbrev  0x0000000000001098      0x12e ../HelloWorld_bsp/\libhal_bsp.a(alt_write.o)
 .debug_abbrev  0x00000000000011c6      0x187 ../HelloWorld_bsp/\libhal_bsp.a(alt_sys_init.o)
 .debug_abbrev  0x000000000000134d       0xd5 ../HelloWorld_bsp/\libhal_bsp.a(altera_avalon_jtag_uart_write.o)
 .debug_abbrev  0x0000000000001422       0xa8 ../HelloWorld_bsp/\libhal_bsp.a(altera_avalon_spi.o)
 .debug_abbrev  0x00000000000014ca      0x28e ../HelloWorld_bsp/\libhal_bsp.a(altera_modular_adc.o)
 .debug_abbrev  0x0000000000001758      0x285 ../HelloWorld_bsp/\libhal_bsp.a(altera_onchip_flash.o)
 .debug_abbrev  0x00000000000019dd       0x8d ../HelloWorld_bsp/\libhal_bsp.a(alt_busy_sleep.o)
 .debug_abbrev  0x0000000000001a6a       0x74 ../HelloWorld_bsp/\libhal_bsp.a(alt_dcache_flush.o)
 .debug_abbrev  0x0000000000001ade       0x42 ../HelloWorld_bsp/\libhal_bsp.a(alt_dcache_flush_all.o)
 .debug_abbrev  0x0000000000001b20      0x11c ../HelloWorld_bsp/\libhal_bsp.a(alt_dev_llist_insert.o)
 .debug_abbrev  0x0000000000001c3c       0x5a ../HelloWorld_bsp/\libhal_bsp.a(alt_errno.o)
 .debug_abbrev  0x0000000000001c96      0x125 ../HelloWorld_bsp/\libhal_bsp.a(alt_find_dev.o)
 .debug_abbrev  0x0000000000001dbb      0x150 ../HelloWorld_bsp/\libhal_bsp.a(alt_flash_dev.o)
 .debug_abbrev  0x0000000000001f0b       0x42 ../HelloWorld_bsp/\libhal_bsp.a(alt_icache_flush_all.o)
 .debug_abbrev  0x0000000000001f4d      0x1a0 ../HelloWorld_bsp/\libhal_bsp.a(alt_iic.o)
 .debug_abbrev  0x00000000000020ed      0x19c ../HelloWorld_bsp/\libhal_bsp.a(alt_iic_isr_register.o)
 .debug_abbrev  0x0000000000002289       0x12 ../HelloWorld_bsp/\libhal_bsp.a(alt_irq_entry.o)
 .debug_abbrev  0x000000000000229b      0x120 ../HelloWorld_bsp/\libhal_bsp.a(alt_irq_handler.o)
 .debug_abbrev  0x00000000000023bb       0x40 ../HelloWorld_bsp/\libhal_bsp.a(alt_irq_vars.o)
 .debug_abbrev  0x00000000000023fb       0x42 ../HelloWorld_bsp/\libhal_bsp.a(altera_nios2_gen2_irq.o)
 .debug_abbrev  0x000000000000243d       0x12 ../HelloWorld_bsp/\libhal_bsp.a(alt_exception_entry.o)
 .debug_abbrev  0x000000000000244f       0xe7 ../HelloWorld_bsp/\libhal_bsp.a(alt_instruction_exception_entry.o)
 .debug_abbrev  0x0000000000002536       0x7f c:/intelfpga_lite/18.1/nios2eds/bin/gnu/h-x86_64-mingw32/bin/../lib/gcc/nios2-elf/5.3.0/../../../../../H-x86_64-mingw32/nios2-elf/lib/mno-hw-mul\libsmallc.a(lib_a-memcmp.o)
 .debug_abbrev  0x00000000000025b5       0x9c c:/intelfpga_lite/18.1/nios2eds/bin/gnu/h-x86_64-mingw32/bin/../lib/gcc/nios2-elf/5.3.0/../../../../../H-x86_64-mingw32/nios2-elf/lib/mno-hw-mul\libsmallc.a(lib_a-memcpy.o)

.debug_line     0x0000000000000000     0x2ac6
 *(.debug_line)
 .debug_line    0x0000000000000000       0x66 ../HelloWorld_bsp//obj/HAL/src/crt0.o
 .debug_line    0x0000000000000066      0x1e0 obj/default/hello_world_small.o
 .debug_line    0x0000000000000246      0x105 c:/intelfpga_lite/18.1/nios2eds/bin/gnu/h-x86_64-mingw32/bin/../lib/gcc/nios2-elf/5.3.0/mno-hw-mul\libgcc.a(lib2-divmod.o)
 .debug_line    0x000000000000034b      0x203 c:/intelfpga_lite/18.1/nios2eds/bin/gnu/h-x86_64-mingw32/bin/../lib/gcc/nios2-elf/5.3.0/../../../../../H-x86_64-mingw32/nios2-elf/lib/mno-hw-mul\libsmallc.a(lib_a-printf.o)
 .debug_line    0x000000000000054e      0x206 c:/intelfpga_lite/18.1/nios2eds/bin/gnu/h-x86_64-mingw32/bin/../lib/gcc/nios2-elf/5.3.0/../../../../../H-x86_64-mingw32/nios2-elf/lib/mno-hw-mul\libsmallc.a(lib_a-puts.o)
 .debug_line    0x0000000000000754      0x15c c:/intelfpga_lite/18.1/nios2eds/bin/gnu/h-x86_64-mingw32/bin/../lib/gcc/nios2-elf/5.3.0/../../../../../H-x86_64-mingw32/nios2-elf/lib/mno-hw-mul\libsmallc.a(lib_a-strlen.o)
 .debug_line    0x00000000000008b0      0x351 c:/intelfpga_lite/18.1/nios2eds/bin/gnu/h-x86_64-mingw32/bin/../lib/gcc/nios2-elf/5.3.0/../../../../../H-x86_64-mingw32/nios2-elf/lib/mno-hw-mul\libsmallc.a(lib_a-vfprintf.o)
 .debug_line    0x0000000000000c01      0x1f0 c:/intelfpga_lite/18.1/nios2eds/bin/gnu/h-x86_64-mingw32/bin/../lib/gcc/nios2-elf/5.3.0/../../../../../H-x86_64-mingw32/nios2-elf/lib/mno-hw-mul\libsmallc.a(lib_a-fvwrite_small_dev.o)
 .debug_line    0x0000000000000df1      0x156 c:/intelfpga_lite/18.1/nios2eds/bin/gnu/h-x86_64-mingw32/bin/../lib/gcc/nios2-elf/5.3.0/../../../../../H-x86_64-mingw32/nios2-elf/lib/mno-hw-mul\libsmallc.a(lib_a-impure.o)
 .debug_line    0x0000000000000f47      0x1ed c:/intelfpga_lite/18.1/nios2eds/bin/gnu/h-x86_64-mingw32/bin/../lib/gcc/nios2-elf/5.3.0/../../../../../H-x86_64-mingw32/nios2-elf/lib/mno-hw-mul\libsmallc.a(lib_a-writer.o)
 .debug_line    0x0000000000001134       0x5f c:/intelfpga_lite/18.1/nios2eds/bin/gnu/h-x86_64-mingw32/bin/../lib/gcc/nios2-elf/5.3.0/../../../../../H-x86_64-mingw32/nios2-elf/lib/mno-hw-mul\libsmallc.a(lib_a-int_errno.o)
 .debug_line    0x0000000000001193       0x80 c:/intelfpga_lite/18.1/nios2eds/bin/gnu/h-x86_64-mingw32/bin/../lib/gcc/nios2-elf/5.3.0/mno-hw-mul\libgcc.a(lib2-mul.o)
 .debug_line    0x0000000000001213       0xa4 ../HelloWorld_bsp/\libhal_bsp.a(alt_load.o)
 .debug_line    0x00000000000012b7       0xbd ../HelloWorld_bsp/\libhal_bsp.a(alt_main.o)
 .debug_line    0x0000000000001374       0xcf ../HelloWorld_bsp/\libhal_bsp.a(alt_usleep.o)
 .debug_line    0x0000000000001443      0x16a ../HelloWorld_bsp/\libhal_bsp.a(alt_write.o)
 .debug_line    0x00000000000015ad      0x17b ../HelloWorld_bsp/\libhal_bsp.a(alt_sys_init.o)
 .debug_line    0x0000000000001728       0xf0 ../HelloWorld_bsp/\libhal_bsp.a(altera_avalon_jtag_uart_write.o)
 .debug_line    0x0000000000001818       0xc5 ../HelloWorld_bsp/\libhal_bsp.a(altera_avalon_spi.o)
 .debug_line    0x00000000000018dd      0x214 ../HelloWorld_bsp/\libhal_bsp.a(altera_modular_adc.o)
 .debug_line    0x0000000000001af1      0x36f ../HelloWorld_bsp/\libhal_bsp.a(altera_onchip_flash.o)
 .debug_line    0x0000000000001e60       0xb3 ../HelloWorld_bsp/\libhal_bsp.a(alt_busy_sleep.o)
 .debug_line    0x0000000000001f13       0x63 ../HelloWorld_bsp/\libhal_bsp.a(alt_dcache_flush.o)
 .debug_line    0x0000000000001f76       0x4e ../HelloWorld_bsp/\libhal_bsp.a(alt_dcache_flush_all.o)
 .debug_line    0x0000000000001fc4       0xd8 ../HelloWorld_bsp/\libhal_bsp.a(alt_dev_llist_insert.o)
 .debug_line    0x000000000000209c       0x51 ../HelloWorld_bsp/\libhal_bsp.a(alt_errno.o)
 .debug_line    0x00000000000020ed      0x107 ../HelloWorld_bsp/\libhal_bsp.a(alt_find_dev.o)
 .debug_line    0x00000000000021f4       0xdd ../HelloWorld_bsp/\libhal_bsp.a(alt_flash_dev.o)
 .debug_line    0x00000000000022d1       0x4e ../HelloWorld_bsp/\libhal_bsp.a(alt_icache_flush_all.o)
 .debug_line    0x000000000000231f       0xf1 ../HelloWorld_bsp/\libhal_bsp.a(alt_iic.o)
 .debug_line    0x0000000000002410       0xd6 ../HelloWorld_bsp/\libhal_bsp.a(alt_iic_isr_register.o)
 .debug_line    0x00000000000024e6       0x6b ../HelloWorld_bsp/\libhal_bsp.a(alt_irq_entry.o)
 .debug_line    0x0000000000002551       0xa5 ../HelloWorld_bsp/\libhal_bsp.a(alt_irq_handler.o)
 .debug_line    0x00000000000025f6       0x50 ../HelloWorld_bsp/\libhal_bsp.a(alt_irq_vars.o)
 .debug_line    0x0000000000002646       0x50 ../HelloWorld_bsp/\libhal_bsp.a(altera_nios2_gen2_irq.o)
 .debug_line    0x0000000000002696       0xb3 ../HelloWorld_bsp/\libhal_bsp.a(alt_exception_entry.o)
 .debug_line    0x0000000000002749       0xbf ../HelloWorld_bsp/\libhal_bsp.a(alt_instruction_exception_entry.o)
 .debug_line    0x0000000000002808      0x160 c:/intelfpga_lite/18.1/nios2eds/bin/gnu/h-x86_64-mingw32/bin/../lib/gcc/nios2-elf/5.3.0/../../../../../H-x86_64-mingw32/nios2-elf/lib/mno-hw-mul\libsmallc.a(lib_a-memcmp.o)
 .debug_line    0x0000000000002968      0x15e c:/intelfpga_lite/18.1/nios2eds/bin/gnu/h-x86_64-mingw32/bin/../lib/gcc/nios2-elf/5.3.0/../../../../../H-x86_64-mingw32/nios2-elf/lib/mno-hw-mul\libsmallc.a(lib_a-memcpy.o)

.debug_frame    0x0000000000000000      0x968
 *(.debug_frame)
 .debug_frame   0x0000000000000000       0x64 obj/default/hello_world_small.o
 .debug_frame   0x0000000000000064       0x50 c:/intelfpga_lite/18.1/nios2eds/bin/gnu/h-x86_64-mingw32/bin/../lib/gcc/nios2-elf/5.3.0/mno-hw-mul\libgcc.a(lib2-divmod.o)
 .debug_frame   0x00000000000000b4       0x48 c:/intelfpga_lite/18.1/nios2eds/bin/gnu/h-x86_64-mingw32/bin/../lib/gcc/nios2-elf/5.3.0/../../../../../H-x86_64-mingw32/nios2-elf/lib/mno-hw-mul\libsmallc.a(lib_a-printf.o)
 .debug_frame   0x00000000000000fc       0x48 c:/intelfpga_lite/18.1/nios2eds/bin/gnu/h-x86_64-mingw32/bin/../lib/gcc/nios2-elf/5.3.0/../../../../../H-x86_64-mingw32/nios2-elf/lib/mno-hw-mul\libsmallc.a(lib_a-puts.o)
 .debug_frame   0x0000000000000144       0x20 c:/intelfpga_lite/18.1/nios2eds/bin/gnu/h-x86_64-mingw32/bin/../lib/gcc/nios2-elf/5.3.0/../../../../../H-x86_64-mingw32/nios2-elf/lib/mno-hw-mul\libsmallc.a(lib_a-strlen.o)
 .debug_frame   0x0000000000000164       0x8c c:/intelfpga_lite/18.1/nios2eds/bin/gnu/h-x86_64-mingw32/bin/../lib/gcc/nios2-elf/5.3.0/../../../../../H-x86_64-mingw32/nios2-elf/lib/mno-hw-mul\libsmallc.a(lib_a-vfprintf.o)
 .debug_frame   0x00000000000001f0       0x58 c:/intelfpga_lite/18.1/nios2eds/bin/gnu/h-x86_64-mingw32/bin/../lib/gcc/nios2-elf/5.3.0/../../../../../H-x86_64-mingw32/nios2-elf/lib/mno-hw-mul\libsmallc.a(lib_a-fvwrite_small_dev.o)
 .debug_frame   0x0000000000000248       0x38 c:/intelfpga_lite/18.1/nios2eds/bin/gnu/h-x86_64-mingw32/bin/../lib/gcc/nios2-elf/5.3.0/../../../../../H-x86_64-mingw32/nios2-elf/lib/mno-hw-mul\libsmallc.a(lib_a-writer.o)
 .debug_frame   0x0000000000000280       0x20 c:/intelfpga_lite/18.1/nios2eds/bin/gnu/h-x86_64-mingw32/bin/../lib/gcc/nios2-elf/5.3.0/mno-hw-mul\libgcc.a(lib2-mul.o)
 .debug_frame   0x00000000000002a0       0x30 ../HelloWorld_bsp/\libhal_bsp.a(alt_load.o)
 .debug_frame   0x00000000000002d0       0x2c ../HelloWorld_bsp/\libhal_bsp.a(alt_main.o)
 .debug_frame   0x00000000000002fc       0x20 ../HelloWorld_bsp/\libhal_bsp.a(alt_usleep.o)
 .debug_frame   0x000000000000031c       0x2c ../HelloWorld_bsp/\libhal_bsp.a(alt_write.o)
 .debug_frame   0x0000000000000348       0x48 ../HelloWorld_bsp/\libhal_bsp.a(alt_sys_init.o)
 .debug_frame   0x0000000000000390       0x20 ../HelloWorld_bsp/\libhal_bsp.a(altera_avalon_jtag_uart_write.o)
 .debug_frame   0x00000000000003b0       0x20 ../HelloWorld_bsp/\libhal_bsp.a(altera_avalon_spi.o)
 .debug_frame   0x00000000000003d0      0x15c ../HelloWorld_bsp/\libhal_bsp.a(altera_modular_adc.o)
 .debug_frame   0x000000000000052c      0x1b4 ../HelloWorld_bsp/\libhal_bsp.a(altera_onchip_flash.o)
 .debug_frame   0x00000000000006e0       0x30 ../HelloWorld_bsp/\libhal_bsp.a(alt_busy_sleep.o)
 .debug_frame   0x0000000000000710       0x20 ../HelloWorld_bsp/\libhal_bsp.a(alt_dcache_flush.o)
 .debug_frame   0x0000000000000730       0x20 ../HelloWorld_bsp/\libhal_bsp.a(alt_dcache_flush_all.o)
 .debug_frame   0x0000000000000750       0x2c ../HelloWorld_bsp/\libhal_bsp.a(alt_dev_llist_insert.o)
 .debug_frame   0x000000000000077c       0x3c ../HelloWorld_bsp/\libhal_bsp.a(alt_find_dev.o)
 .debug_frame   0x00000000000007b8       0x4c ../HelloWorld_bsp/\libhal_bsp.a(alt_flash_dev.o)
 .debug_frame   0x0000000000000804       0x20 ../HelloWorld_bsp/\libhal_bsp.a(alt_icache_flush_all.o)
 .debug_frame   0x0000000000000824       0x50 ../HelloWorld_bsp/\libhal_bsp.a(alt_iic.o)
 .debug_frame   0x0000000000000874       0x30 ../HelloWorld_bsp/\libhal_bsp.a(alt_iic_isr_register.o)
 .debug_frame   0x00000000000008a4       0x34 ../HelloWorld_bsp/\libhal_bsp.a(alt_irq_handler.o)
 .debug_frame   0x00000000000008d8       0x20 ../HelloWorld_bsp/\libhal_bsp.a(altera_nios2_gen2_irq.o)
 .debug_frame   0x00000000000008f8       0x30 ../HelloWorld_bsp/\libhal_bsp.a(alt_instruction_exception_entry.o)
 .debug_frame   0x0000000000000928       0x20 c:/intelfpga_lite/18.1/nios2eds/bin/gnu/h-x86_64-mingw32/bin/../lib/gcc/nios2-elf/5.3.0/../../../../../H-x86_64-mingw32/nios2-elf/lib/mno-hw-mul\libsmallc.a(lib_a-memcmp.o)
 .debug_frame   0x0000000000000948       0x20 c:/intelfpga_lite/18.1/nios2eds/bin/gnu/h-x86_64-mingw32/bin/../lib/gcc/nios2-elf/5.3.0/../../../../../H-x86_64-mingw32/nios2-elf/lib/mno-hw-mul\libsmallc.a(lib_a-memcpy.o)

.debug_str      0x0000000000000000     0x21d8
 *(.debug_str)
 .debug_str     0x0000000000000000      0x202 obj/default/hello_world_small.o
                                        0x24d (size before relaxing)
 .debug_str     0x0000000000000202      0x187 c:/intelfpga_lite/18.1/nios2eds/bin/gnu/h-x86_64-mingw32/bin/../lib/gcc/nios2-elf/5.3.0/mno-hw-mul\libgcc.a(lib2-divmod.o)
                                        0x1d2 (size before relaxing)
 .debug_str     0x0000000000000389      0x422 c:/intelfpga_lite/18.1/nios2eds/bin/gnu/h-x86_64-mingw32/bin/../lib/gcc/nios2-elf/5.3.0/../../../../../H-x86_64-mingw32/nios2-elf/lib/mno-hw-mul\libsmallc.a(lib_a-printf.o)
                                        0x504 (size before relaxing)
 .debug_str     0x00000000000007ab       0x5e c:/intelfpga_lite/18.1/nios2eds/bin/gnu/h-x86_64-mingw32/bin/../lib/gcc/nios2-elf/5.3.0/../../../../../H-x86_64-mingw32/nios2-elf/lib/mno-hw-mul\libsmallc.a(lib_a-puts.o)
                                        0x4cd (size before relaxing)
 .debug_str     0x0000000000000809       0xd2 c:/intelfpga_lite/18.1/nios2eds/bin/gnu/h-x86_64-mingw32/bin/../lib/gcc/nios2-elf/5.3.0/../../../../../H-x86_64-mingw32/nios2-elf/lib/mno-hw-mul\libsmallc.a(lib_a-strlen.o)
                                        0x1e5 (size before relaxing)
 .debug_str     0x00000000000008db      0x1f8 c:/intelfpga_lite/18.1/nios2eds/bin/gnu/h-x86_64-mingw32/bin/../lib/gcc/nios2-elf/5.3.0/../../../../../H-x86_64-mingw32/nios2-elf/lib/mno-hw-mul\libsmallc.a(lib_a-vfprintf.o)
                                        0x67f (size before relaxing)
 .debug_str     0x0000000000000ad3       0x63 c:/intelfpga_lite/18.1/nios2eds/bin/gnu/h-x86_64-mingw32/bin/../lib/gcc/nios2-elf/5.3.0/../../../../../H-x86_64-mingw32/nios2-elf/lib/mno-hw-mul\libsmallc.a(lib_a-fvwrite_small_dev.o)
                                        0x4d4 (size before relaxing)
 .debug_str     0x0000000000000b36       0xef c:/intelfpga_lite/18.1/nios2eds/bin/gnu/h-x86_64-mingw32/bin/../lib/gcc/nios2-elf/5.3.0/../../../../../H-x86_64-mingw32/nios2-elf/lib/mno-hw-mul\libsmallc.a(lib_a-impure.o)
                                        0x4be (size before relaxing)
 .debug_str     0x0000000000000c25       0x45 c:/intelfpga_lite/18.1/nios2eds/bin/gnu/h-x86_64-mingw32/bin/../lib/gcc/nios2-elf/5.3.0/../../../../../H-x86_64-mingw32/nios2-elf/lib/mno-hw-mul\libsmallc.a(lib_a-writer.o)
                                        0x4b8 (size before relaxing)
 .debug_str     0x0000000000000c6a       0x3f c:/intelfpga_lite/18.1/nios2eds/bin/gnu/h-x86_64-mingw32/bin/../lib/gcc/nios2-elf/5.3.0/../../../../../H-x86_64-mingw32/nios2-elf/lib/mno-hw-mul\libsmallc.a(lib_a-int_errno.o)
                                        0x1d8 (size before relaxing)
 .debug_str     0x0000000000000ca9       0x40 c:/intelfpga_lite/18.1/nios2eds/bin/gnu/h-x86_64-mingw32/bin/../lib/gcc/nios2-elf/5.3.0/mno-hw-mul\libgcc.a(lib2-mul.o)
                                        0x193 (size before relaxing)
 .debug_str     0x0000000000000ce9      0x1bf ../HelloWorld_bsp/\libhal_bsp.a(alt_load.o)
                                        0x2a6 (size before relaxing)
 .debug_str     0x0000000000000ea8       0x8a ../HelloWorld_bsp/\libhal_bsp.a(alt_main.o)
                                        0x21f (size before relaxing)
 .debug_str     0x0000000000000f32       0x2f ../HelloWorld_bsp/\libhal_bsp.a(alt_usleep.o)
                                        0x1c1 (size before relaxing)
 .debug_str     0x0000000000000f61       0x74 ../HelloWorld_bsp/\libhal_bsp.a(alt_write.o)
                                        0x248 (size before relaxing)
 .debug_str     0x0000000000000fd5      0x3ec ../HelloWorld_bsp/\libhal_bsp.a(alt_sys_init.o)
                                        0x667 (size before relaxing)
 .debug_str     0x00000000000013c1       0x2c ../HelloWorld_bsp/\libhal_bsp.a(altera_avalon_jtag_uart_write.o)
                                        0x27f (size before relaxing)
 .debug_str     0x00000000000013ed       0x95 ../HelloWorld_bsp/\libhal_bsp.a(altera_avalon_spi.o)
                                        0x24a (size before relaxing)
 .debug_str     0x0000000000001482      0x2ed ../HelloWorld_bsp/\libhal_bsp.a(altera_modular_adc.o)
                                        0x5d6 (size before relaxing)
 .debug_str     0x000000000000176f      0x2ca ../HelloWorld_bsp/\libhal_bsp.a(altera_onchip_flash.o)
                                        0x798 (size before relaxing)
 .debug_str     0x0000000000001a39       0x33 ../HelloWorld_bsp/\libhal_bsp.a(alt_busy_sleep.o)
                                        0x1d5 (size before relaxing)
 .debug_str     0x0000000000001a6c       0x1b ../HelloWorld_bsp/\libhal_bsp.a(alt_dcache_flush.o)
                                        0x1c5 (size before relaxing)
 .debug_str     0x0000000000001a87       0x1f ../HelloWorld_bsp/\libhal_bsp.a(alt_dcache_flush_all.o)
                                        0x1bf (size before relaxing)
 .debug_str     0x0000000000001aa6       0x30 ../HelloWorld_bsp/\libhal_bsp.a(alt_dev_llist_insert.o)
                                        0x236 (size before relaxing)
 .debug_str     0x0000000000001ad6       0x14 ../HelloWorld_bsp/\libhal_bsp.a(alt_errno.o)
                                        0x1af (size before relaxing)
 .debug_str     0x0000000000001aea       0x17 ../HelloWorld_bsp/\libhal_bsp.a(alt_find_dev.o)
                                        0x264 (size before relaxing)
 .debug_str     0x0000000000001b01       0x3f ../HelloWorld_bsp/\libhal_bsp.a(alt_flash_dev.o)
                                        0x382 (size before relaxing)
 .debug_str     0x0000000000001b40       0x1f ../HelloWorld_bsp/\libhal_bsp.a(alt_icache_flush_all.o)
                                        0x1bf (size before relaxing)
 .debug_str     0x0000000000001b5f       0xb8 ../HelloWorld_bsp/\libhal_bsp.a(alt_iic.o)
                                        0x2bd (size before relaxing)
 .debug_str     0x0000000000001c17       0x37 ../HelloWorld_bsp/\libhal_bsp.a(alt_iic_isr_register.o)
                                        0x277 (size before relaxing)
 .debug_str     0x0000000000001c4e       0x3a ../HelloWorld_bsp/\libhal_bsp.a(alt_irq_handler.o)
                                        0x201 (size before relaxing)
 .debug_str     0x0000000000001c88       0x17 ../HelloWorld_bsp/\libhal_bsp.a(alt_irq_vars.o)
                                        0x1a4 (size before relaxing)
 .debug_str     0x0000000000001c9f       0x20 ../HelloWorld_bsp/\libhal_bsp.a(altera_nios2_gen2_irq.o)
                                        0x1c6 (size before relaxing)
 .debug_str     0x0000000000001cbf      0x48b ../HelloWorld_bsp/\libhal_bsp.a(alt_instruction_exception_entry.o)
                                        0x60a (size before relaxing)
 .debug_str     0x000000000000214a       0x3d c:/intelfpga_lite/18.1/nios2eds/bin/gnu/h-x86_64-mingw32/bin/../lib/gcc/nios2-elf/5.3.0/../../../../../H-x86_64-mingw32/nios2-elf/lib/mno-hw-mul\libsmallc.a(lib_a-memcmp.o)
                                        0x1df (size before relaxing)
 .debug_str     0x0000000000002187       0x51 c:/intelfpga_lite/18.1/nios2eds/bin/gnu/h-x86_64-mingw32/bin/../lib/gcc/nios2-elf/5.3.0/../../../../../H-x86_64-mingw32/nios2-elf/lib/mno-hw-mul\libsmallc.a(lib_a-memcpy.o)
                                        0x1f3 (size before relaxing)

.debug_loc      0x0000000000000000     0x2d8c
 *(.debug_loc)
 .debug_loc     0x0000000000000000      0x15c obj/default/hello_world_small.o
 .debug_loc     0x000000000000015c      0x4ce c:/intelfpga_lite/18.1/nios2eds/bin/gnu/h-x86_64-mingw32/bin/../lib/gcc/nios2-elf/5.3.0/mno-hw-mul\libgcc.a(lib2-divmod.o)
 .debug_loc     0x000000000000062a       0xc6 c:/intelfpga_lite/18.1/nios2eds/bin/gnu/h-x86_64-mingw32/bin/../lib/gcc/nios2-elf/5.3.0/../../../../../H-x86_64-mingw32/nios2-elf/lib/mno-hw-mul\libsmallc.a(lib_a-printf.o)
 .debug_loc     0x00000000000006f0       0x97 c:/intelfpga_lite/18.1/nios2eds/bin/gnu/h-x86_64-mingw32/bin/../lib/gcc/nios2-elf/5.3.0/../../../../../H-x86_64-mingw32/nios2-elf/lib/mno-hw-mul\libsmallc.a(lib_a-puts.o)
 .debug_loc     0x0000000000000787       0x1e c:/intelfpga_lite/18.1/nios2eds/bin/gnu/h-x86_64-mingw32/bin/../lib/gcc/nios2-elf/5.3.0/../../../../../H-x86_64-mingw32/nios2-elf/lib/mno-hw-mul\libsmallc.a(lib_a-strlen.o)
 .debug_loc     0x00000000000007a5      0x954 c:/intelfpga_lite/18.1/nios2eds/bin/gnu/h-x86_64-mingw32/bin/../lib/gcc/nios2-elf/5.3.0/../../../../../H-x86_64-mingw32/nios2-elf/lib/mno-hw-mul\libsmallc.a(lib_a-vfprintf.o)
 .debug_loc     0x00000000000010f9      0x110 c:/intelfpga_lite/18.1/nios2eds/bin/gnu/h-x86_64-mingw32/bin/../lib/gcc/nios2-elf/5.3.0/../../../../../H-x86_64-mingw32/nios2-elf/lib/mno-hw-mul\libsmallc.a(lib_a-fvwrite_small_dev.o)
 .debug_loc     0x0000000000001209       0xa5 c:/intelfpga_lite/18.1/nios2eds/bin/gnu/h-x86_64-mingw32/bin/../lib/gcc/nios2-elf/5.3.0/../../../../../H-x86_64-mingw32/nios2-elf/lib/mno-hw-mul\libsmallc.a(lib_a-writer.o)
 .debug_loc     0x00000000000012ae       0x93 c:/intelfpga_lite/18.1/nios2eds/bin/gnu/h-x86_64-mingw32/bin/../lib/gcc/nios2-elf/5.3.0/mno-hw-mul\libgcc.a(lib2-mul.o)
 .debug_loc     0x0000000000001341       0x21 ../HelloWorld_bsp/\libhal_bsp.a(alt_usleep.o)
 .debug_loc     0x0000000000001362       0xcf ../HelloWorld_bsp/\libhal_bsp.a(alt_write.o)
 .debug_loc     0x0000000000001431       0x21 ../HelloWorld_bsp/\libhal_bsp.a(alt_sys_init.o)
 .debug_loc     0x0000000000001452       0x8b ../HelloWorld_bsp/\libhal_bsp.a(altera_avalon_jtag_uart_write.o)
 .debug_loc     0x00000000000014dd      0x188 ../HelloWorld_bsp/\libhal_bsp.a(altera_avalon_spi.o)
 .debug_loc     0x0000000000001665      0x3bc ../HelloWorld_bsp/\libhal_bsp.a(altera_modular_adc.o)
 .debug_loc     0x0000000000001a21      0xbbd ../HelloWorld_bsp/\libhal_bsp.a(altera_onchip_flash.o)
 .debug_loc     0x00000000000025de       0x75 ../HelloWorld_bsp/\libhal_bsp.a(alt_busy_sleep.o)
 .debug_loc     0x0000000000002653       0x7e ../HelloWorld_bsp/\libhal_bsp.a(alt_dev_llist_insert.o)
 .debug_loc     0x00000000000026d1       0x7e ../HelloWorld_bsp/\libhal_bsp.a(alt_find_dev.o)
 .debug_loc     0x000000000000274f       0x9a ../HelloWorld_bsp/\libhal_bsp.a(alt_flash_dev.o)
 .debug_loc     0x00000000000027e9      0x170 ../HelloWorld_bsp/\libhal_bsp.a(alt_iic.o)
 .debug_loc     0x0000000000002959      0x193 ../HelloWorld_bsp/\libhal_bsp.a(alt_iic_isr_register.o)
 .debug_loc     0x0000000000002aec       0x72 ../HelloWorld_bsp/\libhal_bsp.a(alt_irq_handler.o)
 .debug_loc     0x0000000000002b5e       0x65 ../HelloWorld_bsp/\libhal_bsp.a(alt_instruction_exception_entry.o)
 .debug_loc     0x0000000000002bc3       0x94 c:/intelfpga_lite/18.1/nios2eds/bin/gnu/h-x86_64-mingw32/bin/../lib/gcc/nios2-elf/5.3.0/../../../../../H-x86_64-mingw32/nios2-elf/lib/mno-hw-mul\libsmallc.a(lib_a-memcmp.o)
 .debug_loc     0x0000000000002c57      0x135 c:/intelfpga_lite/18.1/nios2eds/bin/gnu/h-x86_64-mingw32/bin/../lib/gcc/nios2-elf/5.3.0/../../../../../H-x86_64-mingw32/nios2-elf/lib/mno-hw-mul\libsmallc.a(lib_a-memcpy.o)

.debug_macinfo
 *(.debug_macinfo)

.debug_weaknames
 *(.debug_weaknames)

.debug_funcnames
 *(.debug_funcnames)

.debug_typenames
 *(.debug_typenames)

.debug_varnames
 *(.debug_varnames)

.debug_alt_sim_info
                0x0000000000000000       0x40
 *(.debug_alt_sim_info)
 .debug_alt_sim_info
                0x0000000000000000       0x10 ../HelloWorld_bsp//obj/HAL/src/crt0.o
 .debug_alt_sim_info
                0x0000000000000010       0x30 ../HelloWorld_bsp/\libhal_bsp.a(alt_busy_sleep.o)
                0x0000000000108000                __alt_data_end = 0x108000
                0x0000000000108000                PROVIDE (__alt_stack_pointer, __alt_data_end)
                [!provide]                        PROVIDE (__alt_stack_limit, __alt_stack_base)
                [!provide]                        PROVIDE (__alt_heap_start, end)
                [!provide]                        PROVIDE (__alt_heap_limit, 0x108000)
OUTPUT(HelloWorld.elf elf32-littlenios2)

.debug_ranges   0x0000000000000000      0x318
 .debug_ranges  0x0000000000000000       0x20 ../HelloWorld_bsp//obj/HAL/src/crt0.o
 .debug_ranges  0x0000000000000020       0x18 obj/default/hello_world_small.o
 .debug_ranges  0x0000000000000038       0x60 c:/intelfpga_lite/18.1/nios2eds/bin/gnu/h-x86_64-mingw32/bin/../lib/gcc/nios2-elf/5.3.0/mno-hw-mul\libgcc.a(lib2-divmod.o)
 .debug_ranges  0x0000000000000098       0x18 c:/intelfpga_lite/18.1/nios2eds/bin/gnu/h-x86_64-mingw32/bin/../lib/gcc/nios2-elf/5.3.0/../../../../../H-x86_64-mingw32/nios2-elf/lib/mno-hw-mul\libsmallc.a(lib_a-printf.o)
 .debug_ranges  0x00000000000000b0       0x18 c:/intelfpga_lite/18.1/nios2eds/bin/gnu/h-x86_64-mingw32/bin/../lib/gcc/nios2-elf/5.3.0/../../../../../H-x86_64-mingw32/nios2-elf/lib/mno-hw-mul\libsmallc.a(lib_a-puts.o)
 .debug_ranges  0x00000000000000c8       0x10 c:/intelfpga_lite/18.1/nios2eds/bin/gnu/h-x86_64-mingw32/bin/../lib/gcc/nios2-elf/5.3.0/../../../../../H-x86_64-mingw32/nios2-elf/lib/mno-hw-mul\libsmallc.a(lib_a-strlen.o)
 .debug_ranges  0x00000000000000d8       0xc8 c:/intelfpga_lite/18.1/nios2eds/bin/gnu/h-x86_64-mingw32/bin/../lib/gcc/nios2-elf/5.3.0/../../../../../H-x86_64-mingw32/nios2-elf/lib/mno-hw-mul\libsmallc.a(lib_a-vfprintf.o)
 .debug_ranges  0x00000000000001a0       0x28 c:/intelfpga_lite/18.1/nios2eds/bin/gnu/h-x86_64-mingw32/bin/../lib/gcc/nios2-elf/5.3.0/../../../../../H-x86_64-mingw32/nios2-elf/lib/mno-hw-mul\libsmallc.a(lib_a-fvwrite_small_dev.o)
 .debug_ranges  0x00000000000001c8       0x10 c:/intelfpga_lite/18.1/nios2eds/bin/gnu/h-x86_64-mingw32/bin/../lib/gcc/nios2-elf/5.3.0/../../../../../H-x86_64-mingw32/nios2-elf/lib/mno-hw-mul\libsmallc.a(lib_a-writer.o)
 .debug_ranges  0x00000000000001d8       0x48 ../HelloWorld_bsp/\libhal_bsp.a(alt_load.o)
 .debug_ranges  0x0000000000000220       0x20 ../HelloWorld_bsp/\libhal_bsp.a(alt_write.o)
 .debug_ranges  0x0000000000000240       0x18 ../HelloWorld_bsp/\libhal_bsp.a(altera_onchip_flash.o)
 .debug_ranges  0x0000000000000258       0x20 ../HelloWorld_bsp/\libhal_bsp.a(alt_dev_llist_insert.o)
 .debug_ranges  0x0000000000000278       0x28 ../HelloWorld_bsp/\libhal_bsp.a(alt_irq_entry.o)
 .debug_ranges  0x00000000000002a0       0x10 ../HelloWorld_bsp/\libhal_bsp.a(alt_irq_handler.o)
 .debug_ranges  0x00000000000002b0       0x30 ../HelloWorld_bsp/\libhal_bsp.a(alt_exception_entry.o)
 .debug_ranges  0x00000000000002e0       0x18 ../HelloWorld_bsp/\libhal_bsp.a(alt_instruction_exception_entry.o)
 .debug_ranges  0x00000000000002f8       0x10 c:/intelfpga_lite/18.1/nios2eds/bin/gnu/h-x86_64-mingw32/bin/../lib/gcc/nios2-elf/5.3.0/../../../../../H-x86_64-mingw32/nios2-elf/lib/mno-hw-mul\libsmallc.a(lib_a-memcmp.o)
 .debug_ranges  0x0000000000000308       0x10 c:/intelfpga_lite/18.1/nios2eds/bin/gnu/h-x86_64-mingw32/bin/../lib/gcc/nios2-elf/5.3.0/../../../../../H-x86_64-mingw32/nios2-elf/lib/mno-hw-mul\libsmallc.a(lib_a-memcpy.o)
