------------------------------------------------------------
Timing Analyzer Summary
------------------------------------------------------------

Type  : Slow 1200mV 85C Model Setup 'u0|pll|sd1|pll7|clk[0]'
Slack : 1.559
TNS   : 0.000

Type  : Slow 1200mV 85C Model Setup 'u0|pll|sd1|pll7|clk[1]'
Slack : 17.182
TNS   : 0.000

Type  : Slow 1200mV 85C Model Setup 'altera_reserved_tck'
Slack : 45.272
TNS   : 0.000

Type  : Slow 1200mV 85C Model Setup 'CLK12M'
Slack : 79.167
TNS   : 0.000

Type  : Slow 1200mV 85C Model Setup 'u0|pll|sd1|pll7|clk[2]'
Slack : 93.852
TNS   : 0.000

Type  : Slow 1200mV 85C Model Hold 'u0|pll|sd1|pll7|clk[0]'
Slack : 0.265
TNS   : 0.000

Type  : Slow 1200mV 85C Model Hold 'u0|pll|sd1|pll7|clk[2]'
Slack : 0.342
TNS   : 0.000

Type  : Slow 1200mV 85C Model Hold 'u0|pll|sd1|pll7|clk[1]'
Slack : 0.360
TNS   : 0.000

Type  : Slow 1200mV 85C Model Hold 'CLK12M'
Slack : 0.362
TNS   : 0.000

Type  : Slow 1200mV 85C Model Hold 'altera_reserved_tck'
Slack : 0.362
TNS   : 0.000

Type  : Slow 1200mV 85C Model Recovery 'u0|pll|sd1|pll7|clk[0]'
Slack : 7.519
TNS   : 0.000

Type  : Slow 1200mV 85C Model Recovery 'u0|pll|sd1|pll7|clk[1]'
Slack : 21.612
TNS   : 0.000

Type  : Slow 1200mV 85C Model Recovery 'altera_reserved_tck'
Slack : 48.083
TNS   : 0.000

Type  : Slow 1200mV 85C Model Recovery 'CLK12M'
Slack : 81.122
TNS   : 0.000

Type  : Slow 1200mV 85C Model Recovery 'u0|pll|sd1|pll7|clk[2]'
Slack : 96.248
TNS   : 0.000

Type  : Slow 1200mV 85C Model Removal 'CLK12M'
Slack : 0.765
TNS   : 0.000

Type  : Slow 1200mV 85C Model Removal 'altera_reserved_tck'
Slack : 1.163
TNS   : 0.000

Type  : Slow 1200mV 85C Model Removal 'u0|pll|sd1|pll7|clk[0]'
Slack : 1.795
TNS   : 0.000

Type  : Slow 1200mV 85C Model Removal 'u0|pll|sd1|pll7|clk[1]'
Slack : 1.917
TNS   : 0.000

Type  : Slow 1200mV 85C Model Removal 'u0|pll|sd1|pll7|clk[2]'
Slack : 2.147
TNS   : 0.000

Type  : Slow 1200mV 85C Model Minimum Pulse Width 'u0|pll|sd1|pll7|clk[0]'
Slack : 1.029
TNS   : 0.000

Type  : Slow 1200mV 85C Model Minimum Pulse Width 'u0|pll|sd1|pll7|clk[1]'
Slack : 12.206
TNS   : 0.000

Type  : Slow 1200mV 85C Model Minimum Pulse Width 'CLK12M'
Slack : 41.439
TNS   : 0.000

Type  : Slow 1200mV 85C Model Minimum Pulse Width 'altera_reserved_tck'
Slack : 49.648
TNS   : 0.000

Type  : Slow 1200mV 85C Model Minimum Pulse Width 'u0|pll|sd1|pll7|clk[2]'
Slack : 49.681
TNS   : 0.000

Type  : Slow 1200mV 85C Model Minimum Pulse Width 'u0|onchip_flash|altera_onchip_flash_block|ufm_block|osc'
Slack : 90.688
TNS   : 0.000

Type  : Slow 1200mV 0C Model Setup 'u0|pll|sd1|pll7|clk[0]'
Slack : 1.713
TNS   : 0.000

Type  : Slow 1200mV 0C Model Setup 'u0|pll|sd1|pll7|clk[1]'
Slack : 17.455
TNS   : 0.000

Type  : Slow 1200mV 0C Model Setup 'altera_reserved_tck'
Slack : 45.476
TNS   : 0.000

Type  : Slow 1200mV 0C Model Setup 'CLK12M'
Slack : 79.495
TNS   : 0.000

Type  : Slow 1200mV 0C Model Setup 'u0|pll|sd1|pll7|clk[2]'
Slack : 94.269
TNS   : 0.000

Type  : Slow 1200mV 0C Model Hold 'u0|pll|sd1|pll7|clk[0]'
Slack : 0.244
TNS   : 0.000

Type  : Slow 1200mV 0C Model Hold 'u0|pll|sd1|pll7|clk[2]'
Slack : 0.306
TNS   : 0.000

Type  : Slow 1200mV 0C Model Hold 'u0|pll|sd1|pll7|clk[1]'
Slack : 0.322
TNS   : 0.000

Type  : Slow 1200mV 0C Model Hold 'CLK12M'
Slack : 0.324
TNS   : 0.000

Type  : Slow 1200mV 0C Model Hold 'altera_reserved_tck'
Slack : 0.324
TNS   : 0.000

Type  : Slow 1200mV 0C Model Recovery 'u0|pll|sd1|pll7|clk[0]'
Slack : 7.851
TNS   : 0.000

Type  : Slow 1200mV 0C Model Recovery 'u0|pll|sd1|pll7|clk[1]'
Slack : 21.888
TNS   : 0.000

Type  : Slow 1200mV 0C Model Recovery 'altera_reserved_tck'
Slack : 48.203
TNS   : 0.000

Type  : Slow 1200mV 0C Model Recovery 'CLK12M'
Slack : 81.240
TNS   : 0.000

Type  : Slow 1200mV 0C Model Recovery 'u0|pll|sd1|pll7|clk[2]'
Slack : 96.539
TNS   : 0.000

Type  : Slow 1200mV 0C Model Removal 'CLK12M'
Slack : 0.655
TNS   : 0.000

Type  : Slow 1200mV 0C Model Removal 'altera_reserved_tck'
Slack : 1.040
TNS   : 0.000

Type  : Slow 1200mV 0C Model Removal 'u0|pll|sd1|pll7|clk[0]'
Slack : 1.603
TNS   : 0.000

Type  : Slow 1200mV 0C Model Removal 'u0|pll|sd1|pll7|clk[1]'
Slack : 1.719
TNS   : 0.000

Type  : Slow 1200mV 0C Model Removal 'u0|pll|sd1|pll7|clk[2]'
Slack : 1.911
TNS   : 0.000

Type  : Slow 1200mV 0C Model Minimum Pulse Width 'u0|pll|sd1|pll7|clk[0]'
Slack : 1.133
TNS   : 0.000

Type  : Slow 1200mV 0C Model Minimum Pulse Width 'u0|pll|sd1|pll7|clk[1]'
Slack : 12.195
TNS   : 0.000

Type  : Slow 1200mV 0C Model Minimum Pulse Width 'CLK12M'
Slack : 41.395
TNS   : 0.000

Type  : Slow 1200mV 0C Model Minimum Pulse Width 'altera_reserved_tck'
Slack : 49.676
TNS   : 0.000

Type  : Slow 1200mV 0C Model Minimum Pulse Width 'u0|pll|sd1|pll7|clk[2]'
Slack : 49.687
TNS   : 0.000

Type  : Slow 1200mV 0C Model Minimum Pulse Width 'u0|onchip_flash|altera_onchip_flash_block|ufm_block|osc'
Slack : 90.675
TNS   : 0.000

Type  : Fast 1200mV 0C Model Setup 'u0|pll|sd1|pll7|clk[0]'
Slack : 3.374
TNS   : 0.000

Type  : Fast 1200mV 0C Model Setup 'u0|pll|sd1|pll7|clk[1]'
Slack : 21.812
TNS   : 0.000

Type  : Fast 1200mV 0C Model Setup 'altera_reserved_tck'
Slack : 48.384
TNS   : 0.000

Type  : Fast 1200mV 0C Model Setup 'CLK12M'
Slack : 81.598
TNS   : 0.000

Type  : Fast 1200mV 0C Model Setup 'u0|pll|sd1|pll7|clk[2]'
Slack : 97.434
TNS   : 0.000

Type  : Fast 1200mV 0C Model Hold 'u0|pll|sd1|pll7|clk[0]'
Slack : 0.086
TNS   : 0.000

Type  : Fast 1200mV 0C Model Hold 'u0|pll|sd1|pll7|clk[2]'
Slack : 0.144
TNS   : 0.000

Type  : Fast 1200mV 0C Model Hold 'u0|pll|sd1|pll7|clk[1]'
Slack : 0.151
TNS   : 0.000

Type  : Fast 1200mV 0C Model Hold 'CLK12M'
Slack : 0.152
TNS   : 0.000

Type  : Fast 1200mV 0C Model Hold 'altera_reserved_tck'
Slack : 0.152
TNS   : 0.000

Type  : Fast 1200mV 0C Model Recovery 'u0|pll|sd1|pll7|clk[0]'
Slack : 10.218
TNS   : 0.000

Type  : Fast 1200mV 0C Model Recovery 'u0|pll|sd1|pll7|clk[1]'
Slack : 23.431
TNS   : 0.000

Type  : Fast 1200mV 0C Model Recovery 'altera_reserved_tck'
Slack : 49.409
TNS   : 0.000

Type  : Fast 1200mV 0C Model Recovery 'CLK12M'
Slack : 82.252
TNS   : 0.000

Type  : Fast 1200mV 0C Model Recovery 'u0|pll|sd1|pll7|clk[2]'
Slack : 98.271
TNS   : 0.000

Type  : Fast 1200mV 0C Model Removal 'CLK12M'
Slack : 0.310
TNS   : 0.000

Type  : Fast 1200mV 0C Model Removal 'altera_reserved_tck'
Slack : 0.476
TNS   : 0.000

Type  : Fast 1200mV 0C Model Removal 'u0|pll|sd1|pll7|clk[0]'
Slack : 0.747
TNS   : 0.000

Type  : Fast 1200mV 0C Model Removal 'u0|pll|sd1|pll7|clk[1]'
Slack : 0.864
TNS   : 0.000

Type  : Fast 1200mV 0C Model Removal 'u0|pll|sd1|pll7|clk[2]'
Slack : 0.969
TNS   : 0.000

Type  : Fast 1200mV 0C Model Minimum Pulse Width 'u0|pll|sd1|pll7|clk[0]'
Slack : 1.152
TNS   : 0.000

Type  : Fast 1200mV 0C Model Minimum Pulse Width 'u0|pll|sd1|pll7|clk[1]'
Slack : 12.273
TNS   : 0.000

Type  : Fast 1200mV 0C Model Minimum Pulse Width 'CLK12M'
Slack : 41.114
TNS   : 0.000

Type  : Fast 1200mV 0C Model Minimum Pulse Width 'altera_reserved_tck'
Slack : 49.416
TNS   : 0.000

Type  : Fast 1200mV 0C Model Minimum Pulse Width 'u0|pll|sd1|pll7|clk[2]'
Slack : 49.724
TNS   : 0.000

Type  : Fast 1200mV 0C Model Minimum Pulse Width 'u0|onchip_flash|altera_onchip_flash_block|ufm_block|osc'
Slack : 90.687
TNS   : 0.000

------------------------------------------------------------
